npm notice run app@0.0.0 lint
npm notice run oxlint
src/components/gestion-diaria/tabla-equipo-diaria.tsx:48:17: warning jsx-a11y(control-has-associated-label): A control must be associated with a text label. help: Add a text label to the control element. This can be done by adding text content, an `aria-label` attribute, or an `aria-labelledby` attribute.
src/components/ui/coverflow-carousel.tsx:299:11: warning jsx-a11y(no-noninteractive-tabindex): `tabIndex` should only be declared on interactive elements. help: The `tabIndex` attribute should be removed.
src/components/ui/coverflow-carousel.tsx:297:10: warning jsx-a11y(no-static-element-interactions): Static HTML elements with event handlers require a role. help: Add a role attribute to this element, or use a semantic HTML element instead.
src/components/ui/coverflow-carousel.tsx:327:15: warning jsx-a11y(click-events-have-key-events): Enforce a clickable non-interactive element has at least one keyboard event listener. help: Visible, non-interactive elements with click handlers must have one of `keyup`, `keydown`, or `keypress` listener.
src/components/ui/coverflow-carousel.tsx:327:16: warning jsx-a11y(no-noninteractive-element-interactions): Non-interactive elements should not be assigned mouse or keyboard event listeners. help: Move the handler to an interactive element, or use an appropriate interactive role.
npm notice run app@0.0.0 typecheck
npm notice run tsc -b --pretty false
npm notice run app@0.0.0 test:coverage
npm notice run vitest run --coverage --maxWorkers=2

 RUN  v4.1.11 /private/tmp/avancecorp-release.hvdub4/repo/CRM-Avance-Corp/app
      Coverage enabled with v8

(node:54287) ExperimentalWarning: localStorage is not available because --localstorage-file was not provided.
(Use `node --trace-warnings ...` to show where the warning was created)
(node:54288) ExperimentalWarning: localStorage is not available because --localstorage-file was not provided.
(Use `node --trace-warnings ...` to show where the warning was created)
(node:54416) ExperimentalWarning: localStorage is not available because --localstorage-file was not provided.
(Use `node --trace-warnings ...` to show where the warning was created)
(node:54503) ExperimentalWarning: localStorage is not available because --localstorage-file was not provided.
(Use `node --trace-warnings ...` to show where the warning was created)
(node:54545) ExperimentalWarning: localStorage is not available because --localstorage-file was not provided.
(Use `node --trace-warnings ...` to show where the warning was created)
(node:54574) ExperimentalWarning: localStorage is not available because --localstorage-file was not provided.
(Use `node --trace-warnings ...` to show where the warning was created)
(node:54702) ExperimentalWarning: localStorage is not available because --localstorage-file was not provided.
(Use `node --trace-warnings ...` to show where the warning was created)
(node:54709) ExperimentalWarning: localStorage is not available because --localstorage-file was not provided.
(Use `node --trace-warnings ...` to show where the warning was created)
(node:54777) ExperimentalWarning: localStorage is not available because --localstorage-file was not provided.
(Use `node --trace-warnings ...` to show where the warning was created)
(node:54791) ExperimentalWarning: localStorage is not available because --localstorage-file was not provided.
(Use `node --trace-warnings ...` to show where the warning was created)
(node:54829) ExperimentalWarning: localStorage is not available because --localstorage-file was not provided.
(Use `node --trace-warnings ...` to show where the warning was created)
(node:54830) ExperimentalWarning: localStorage is not available because --localstorage-file was not provided.
(Use `node --trace-warnings ...` to show where the warning was created)
(node:54863) ExperimentalWarning: localStorage is not available because --localstorage-file was not provided.
(Use `node --trace-warnings ...` to show where the warning was created)
(node:54864) ExperimentalWarning: localStorage is not available because --localstorage-file was not provided.
(Use `node --trace-warnings ...` to show where the warning was created)
(node:54873) ExperimentalWarning: localStorage is not available because --localstorage-file was not provided.
(Use `node --trace-warnings ...` to show where the warning was created)
(node:54878) ExperimentalWarning: localStorage is not available because --localstorage-file was not provided.
(Use `node --trace-warnings ...` to show where the warning was created)
(node:54887) ExperimentalWarning: localStorage is not available because --localstorage-file was not provided.
(Use `node --trace-warnings ...` to show where the warning was created)
(node:54904) ExperimentalWarning: localStorage is not available because --localstorage-file was not provided.
(Use `node --trace-warnings ...` to show where the warning was created)
(node:54921) ExperimentalWarning: localStorage is not available because --localstorage-file was not provided.
(Use `node --trace-warnings ...` to show where the warning was created)
(node:54922) ExperimentalWarning: localStorage is not available because --localstorage-file was not provided.
(Use `node --trace-warnings ...` to show where the warning was created)
(node:54974) ExperimentalWarning: localStorage is not available because --localstorage-file was not provided.
(Use `node --trace-warnings ...` to show where the warning was created)
(node:54975) ExperimentalWarning: localStorage is not available because --localstorage-file was not provided.
(Use `node --trace-warnings ...` to show where the warning was created)
(node:54997) ExperimentalWarning: localStorage is not available because --localstorage-file was not provided.
(Use `node --trace-warnings ...` to show where the warning was created)
(node:54998) ExperimentalWarning: localStorage is not available because --localstorage-file was not provided.
(Use `node --trace-warnings ...` to show where the warning was created)
(node:55015) ExperimentalWarning: localStorage is not available because --localstorage-file was not provided.
(Use `node --trace-warnings ...` to show where the warning was created)
(node:55017) ExperimentalWarning: localStorage is not available because --localstorage-file was not provided.
(Use `node --trace-warnings ...` to show where the warning was created)
(node:55074) ExperimentalWarning: localStorage is not available because --localstorage-file was not provided.
(Use `node --trace-warnings ...` to show where the warning was created)
(node:55075) ExperimentalWarning: localStorage is not available because --localstorage-file was not provided.
(Use `node --trace-warnings ...` to show where the warning was created)
(node:55087) ExperimentalWarning: localStorage is not available because --localstorage-file was not provided.
(Use `node --trace-warnings ...` to show where the warning was created)
(node:55088) ExperimentalWarning: localStorage is not available because --localstorage-file was not provided.
(Use `node --trace-warnings ...` to show where the warning was created)
(node:55093) ExperimentalWarning: localStorage is not available because --localstorage-file was not provided.
(Use `node --trace-warnings ...` to show where the warning was created)
(node:55094) ExperimentalWarning: localStorage is not available because --localstorage-file was not provided.
(Use `node --trace-warnings ...` to show where the warning was created)
(node:55115) ExperimentalWarning: localStorage is not available because --localstorage-file was not provided.
(Use `node --trace-warnings ...` to show where the warning was created)
(node:55116) ExperimentalWarning: localStorage is not available because --localstorage-file was not provided.
(Use `node --trace-warnings ...` to show where the warning was created)
(node:55188) ExperimentalWarning: localStorage is not available because --localstorage-file was not provided.
(Use `node --trace-warnings ...` to show where the warning was created)
(node:55189) ExperimentalWarning: localStorage is not available because --localstorage-file was not provided.
(Use `node --trace-warnings ...` to show where the warning was created)
(node:55195) ExperimentalWarning: localStorage is not available because --localstorage-file was not provided.
(Use `node --trace-warnings ...` to show where the warning was created)
(node:55198) ExperimentalWarning: localStorage is not available because --localstorage-file was not provided.
(Use `node --trace-warnings ...` to show where the warning was created)
(node:55221) ExperimentalWarning: localStorage is not available because --localstorage-file was not provided.
(Use `node --trace-warnings ...` to show where the warning was created)
(node:55222) ExperimentalWarning: localStorage is not available because --localstorage-file was not provided.
(Use `node --trace-warnings ...` to show where the warning was created)
(node:55231) ExperimentalWarning: localStorage is not available because --localstorage-file was not provided.
(Use `node --trace-warnings ...` to show where the warning was created)
(node:55232) ExperimentalWarning: localStorage is not available because --localstorage-file was not provided.
(Use `node --trace-warnings ...` to show where the warning was created)
(node:55235) ExperimentalWarning: localStorage is not available because --localstorage-file was not provided.
(Use `node --trace-warnings ...` to show where the warning was created)
(node:55236) ExperimentalWarning: localStorage is not available because --localstorage-file was not provided.
(Use `node --trace-warnings ...` to show where the warning was created)
(node:55240) ExperimentalWarning: localStorage is not available because --localstorage-file was not provided.
(Use `node --trace-warnings ...` to show where the warning was created)
(node:55239) ExperimentalWarning: localStorage is not available because --localstorage-file was not provided.
(Use `node --trace-warnings ...` to show where the warning was created)
(node:55269) ExperimentalWarning: localStorage is not available because --localstorage-file was not provided.
(Use `node --trace-warnings ...` to show where the warning was created)
(node:55270) ExperimentalWarning: localStorage is not available because --localstorage-file was not provided.
(Use `node --trace-warnings ...` to show where the warning was created)
(node:55277) ExperimentalWarning: localStorage is not available because --localstorage-file was not provided.
(Use `node --trace-warnings ...` to show where the warning was created)
(node:55278) ExperimentalWarning: localStorage is not available because --localstorage-file was not provided.
(Use `node --trace-warnings ...` to show where the warning was created)
(node:55280) ExperimentalWarning: localStorage is not available because --localstorage-file was not provided.
(Use `node --trace-warnings ...` to show where the warning was created)
(node:55282) ExperimentalWarning: localStorage is not available because --localstorage-file was not provided.
(Use `node --trace-warnings ...` to show where the warning was created)
(node:55284) ExperimentalWarning: localStorage is not available because --localstorage-file was not provided.
(Use `node --trace-warnings ...` to show where the warning was created)
(node:55283) ExperimentalWarning: localStorage is not available because --localstorage-file was not provided.
(Use `node --trace-warnings ...` to show where the warning was created)
(node:55305) ExperimentalWarning: localStorage is not available because --localstorage-file was not provided.
(Use `node --trace-warnings ...` to show where the warning was created)
(node:55306) ExperimentalWarning: localStorage is not available because --localstorage-file was not provided.
(Use `node --trace-warnings ...` to show where the warning was created)
(node:55310) ExperimentalWarning: localStorage is not available because --localstorage-file was not provided.
(Use `node --trace-warnings ...` to show where the warning was created)
(node:55311) ExperimentalWarning: localStorage is not available because --localstorage-file was not provided.
(Use `node --trace-warnings ...` to show where the warning was created)
(node:55320) ExperimentalWarning: localStorage is not available because --localstorage-file was not provided.
(Use `node --trace-warnings ...` to show where the warning was created)
(node:55321) ExperimentalWarning: localStorage is not available because --localstorage-file was not provided.
(Use `node --trace-warnings ...` to show where the warning was created)
(node:55324) ExperimentalWarning: localStorage is not available because --localstorage-file was not provided.
(Use `node --trace-warnings ...` to show where the warning was created)
(node:55325) ExperimentalWarning: localStorage is not available because --localstorage-file was not provided.
(Use `node --trace-warnings ...` to show where the warning was created)
(node:55327) ExperimentalWarning: localStorage is not available because --localstorage-file was not provided.
(Use `node --trace-warnings ...` to show where the warning was created)
(node:55328) ExperimentalWarning: localStorage is not available because --localstorage-file was not provided.
(Use `node --trace-warnings ...` to show where the warning was created)
(node:55348) ExperimentalWarning: localStorage is not available because --localstorage-file was not provided.
(Use `node --trace-warnings ...` to show where the warning was created)
(node:55349) ExperimentalWarning: localStorage is not available because --localstorage-file was not provided.
(Use `node --trace-warnings ...` to show where the warning was created)
(node:55353) ExperimentalWarning: localStorage is not available because --localstorage-file was not provided.
(Use `node --trace-warnings ...` to show where the warning was created)
(node:55354) ExperimentalWarning: localStorage is not available because --localstorage-file was not provided.
(Use `node --trace-warnings ...` to show where the warning was created)
(node:55360) ExperimentalWarning: localStorage is not available because --localstorage-file was not provided.
(Use `node --trace-warnings ...` to show where the warning was created)
(node:55361) ExperimentalWarning: localStorage is not available because --localstorage-file was not provided.
(Use `node --trace-warnings ...` to show where the warning was created)
(node:55364) ExperimentalWarning: localStorage is not available because --localstorage-file was not provided.
(Use `node --trace-warnings ...` to show where the warning was created)
(node:55365) ExperimentalWarning: localStorage is not available because --localstorage-file was not provided.
(Use `node --trace-warnings ...` to show where the warning was created)
(node:55370) ExperimentalWarning: localStorage is not available because --localstorage-file was not provided.
(Use `node --trace-warnings ...` to show where the warning was created)
(node:55371) ExperimentalWarning: localStorage is not available because --localstorage-file was not provided.
(Use `node --trace-warnings ...` to show where the warning was created)
(node:55372) ExperimentalWarning: localStorage is not available because --localstorage-file was not provided.
(Use `node --trace-warnings ...` to show where the warning was created)
(node:55373) ExperimentalWarning: localStorage is not available because --localstorage-file was not provided.
(Use `node --trace-warnings ...` to show where the warning was created)
(node:55375) ExperimentalWarning: localStorage is not available because --localstorage-file was not provided.
(Use `node --trace-warnings ...` to show where the warning was created)
(node:55376) ExperimentalWarning: localStorage is not available because --localstorage-file was not provided.
(Use `node --trace-warnings ...` to show where the warning was created)
(node:55401) ExperimentalWarning: localStorage is not available because --localstorage-file was not provided.
(Use `node --trace-warnings ...` to show where the warning was created)
(node:55402) ExperimentalWarning: localStorage is not available because --localstorage-file was not provided.
(Use `node --trace-warnings ...` to show where the warning was created)
(node:55403) ExperimentalWarning: localStorage is not available because --localstorage-file was not provided.
(Use `node --trace-warnings ...` to show where the warning was created)
(node:55409) ExperimentalWarning: localStorage is not available because --localstorage-file was not provided.
(Use `node --trace-warnings ...` to show where the warning was created)
(node:55410) ExperimentalWarning: localStorage is not available because --localstorage-file was not provided.
(Use `node --trace-warnings ...` to show where the warning was created)
(node:55411) ExperimentalWarning: localStorage is not available because --localstorage-file was not provided.
(Use `node --trace-warnings ...` to show where the warning was created)
(node:55413) ExperimentalWarning: localStorage is not available because --localstorage-file was not provided.
(Use `node --trace-warnings ...` to show where the warning was created)
(node:55415) ExperimentalWarning: localStorage is not available because --localstorage-file was not provided.
(Use `node --trace-warnings ...` to show where the warning was created)
(node:55418) ExperimentalWarning: localStorage is not available because --localstorage-file was not provided.
(Use `node --trace-warnings ...` to show where the warning was created)
(node:55419) ExperimentalWarning: localStorage is not available because --localstorage-file was not provided.
(Use `node --trace-warnings ...` to show where the warning was created)
(node:55443) ExperimentalWarning: localStorage is not available because --localstorage-file was not provided.
(Use `node --trace-warnings ...` to show where the warning was created)
(node:55444) ExperimentalWarning: localStorage is not available because --localstorage-file was not provided.
(Use `node --trace-warnings ...` to show where the warning was created)
(node:55446) ExperimentalWarning: localStorage is not available because --localstorage-file was not provided.
(Use `node --trace-warnings ...` to show where the warning was created)
(node:55447) ExperimentalWarning: localStorage is not available because --localstorage-file was not provided.
(Use `node --trace-warnings ...` to show where the warning was created)
(node:55457) ExperimentalWarning: localStorage is not available because --localstorage-file was not provided.
(Use `node --trace-warnings ...` to show where the warning was created)
(node:55458) ExperimentalWarning: localStorage is not available because --localstorage-file was not provided.
(Use `node --trace-warnings ...` to show where the warning was created)
(node:55459) ExperimentalWarning: localStorage is not available because --localstorage-file was not provided.
(Use `node --trace-warnings ...` to show where the warning was created)
(node:55460) ExperimentalWarning: localStorage is not available because --localstorage-file was not provided.
(Use `node --trace-warnings ...` to show where the warning was created)
(node:55461) ExperimentalWarning: localStorage is not available because --localstorage-file was not provided.
(Use `node --trace-warnings ...` to show where the warning was created)
(node:55462) ExperimentalWarning: localStorage is not available because --localstorage-file was not provided.
(Use `node --trace-warnings ...` to show where the warning was created)
(node:55463) ExperimentalWarning: localStorage is not available because --localstorage-file was not provided.
(Use `node --trace-warnings ...` to show where the warning was created)
(node:55464) ExperimentalWarning: localStorage is not available because --localstorage-file was not provided.
(Use `node --trace-warnings ...` to show where the warning was created)
(node:55494) ExperimentalWarning: localStorage is not available because --localstorage-file was not provided.
(Use `node --trace-warnings ...` to show where the warning was created)
(node:55495) ExperimentalWarning: localStorage is not available because --localstorage-file was not provided.
(Use `node --trace-warnings ...` to show where the warning was created)
(node:55497) ExperimentalWarning: localStorage is not available because --localstorage-file was not provided.
(Use `node --trace-warnings ...` to show where the warning was created)
(node:55498) ExperimentalWarning: localStorage is not available because --localstorage-file was not provided.
(Use `node --trace-warnings ...` to show where the warning was created)
(node:55509) ExperimentalWarning: localStorage is not available because --localstorage-file was not provided.
(Use `node --trace-warnings ...` to show where the warning was created)
(node:55512) ExperimentalWarning: localStorage is not available because --localstorage-file was not provided.
(Use `node --trace-warnings ...` to show where the warning was created)
(node:55513) ExperimentalWarning: localStorage is not available because --localstorage-file was not provided.
(Use `node --trace-warnings ...` to show where the warning was created)
(node:55514) ExperimentalWarning: localStorage is not available because --localstorage-file was not provided.
(Use `node --trace-warnings ...` to show where the warning was created)
(node:55518) ExperimentalWarning: localStorage is not available because --localstorage-file was not provided.
(Use `node --trace-warnings ...` to show where the warning was created)
(node:55520) ExperimentalWarning: localStorage is not available because --localstorage-file was not provided.
(Use `node --trace-warnings ...` to show where the warning was created)
(node:55521) ExperimentalWarning: localStorage is not available because --localstorage-file was not provided.
(Use `node --trace-warnings ...` to show where the warning was created)
(node:55522) ExperimentalWarning: localStorage is not available because --localstorage-file was not provided.
(Use `node --trace-warnings ...` to show where the warning was created)
(node:55527) ExperimentalWarning: localStorage is not available because --localstorage-file was not provided.
(Use `node --trace-warnings ...` to show where the warning was created)
(node:55528) ExperimentalWarning: localStorage is not available because --localstorage-file was not provided.
(Use `node --trace-warnings ...` to show where the warning was created)
(node:55529) ExperimentalWarning: localStorage is not available because --localstorage-file was not provided.
(Use `node --trace-warnings ...` to show where the warning was created)
(node:55530) ExperimentalWarning: localStorage is not available because --localstorage-file was not provided.
(Use `node --trace-warnings ...` to show where the warning was created)
(node:55531) ExperimentalWarning: localStorage is not available because --localstorage-file was not provided.
(Use `node --trace-warnings ...` to show where the warning was created)
(node:55533) ExperimentalWarning: localStorage is not available because --localstorage-file was not provided.
(Use `node --trace-warnings ...` to show where the warning was created)
(node:55537) ExperimentalWarning: localStorage is not available because --localstorage-file was not provided.
(Use `node --trace-warnings ...` to show where the warning was created)
(node:55536) ExperimentalWarning: localStorage is not available because --localstorage-file was not provided.
(Use `node --trace-warnings ...` to show where the warning was created)
(node:55539) ExperimentalWarning: localStorage is not available because --localstorage-file was not provided.
(Use `node --trace-warnings ...` to show where the warning was created)
(node:55538) ExperimentalWarning: localStorage is not available because --localstorage-file was not provided.
(Use `node --trace-warnings ...` to show where the warning was created)
(node:55540) ExperimentalWarning: localStorage is not available because --localstorage-file was not provided.
(Use `node --trace-warnings ...` to show where the warning was created)
(node:55541) ExperimentalWarning: localStorage is not available because --localstorage-file was not provided.
(Use `node --trace-warnings ...` to show where the warning was created)
(node:55542) ExperimentalWarning: localStorage is not available because --localstorage-file was not provided.
(Use `node --trace-warnings ...` to show where the warning was created)
(node:55555) ExperimentalWarning: localStorage is not available because --localstorage-file was not provided.
(Use `node --trace-warnings ...` to show where the warning was created)
(node:55573) ExperimentalWarning: localStorage is not available because --localstorage-file was not provided.
(Use `node --trace-warnings ...` to show where the warning was created)
(node:55574) ExperimentalWarning: localStorage is not available because --localstorage-file was not provided.
(Use `node --trace-warnings ...` to show where the warning was created)
(node:55576) ExperimentalWarning: localStorage is not available because --localstorage-file was not provided.
(Use `node --trace-warnings ...` to show where the warning was created)
(node:55580) ExperimentalWarning: localStorage is not available because --localstorage-file was not provided.
(Use `node --trace-warnings ...` to show where the warning was created)
(node:55577) ExperimentalWarning: localStorage is not available because --localstorage-file was not provided.
(Use `node --trace-warnings ...` to show where the warning was created)
(node:55587) ExperimentalWarning: localStorage is not available because --localstorage-file was not provided.
(Use `node --trace-warnings ...` to show where the warning was created)
(node:55588) ExperimentalWarning: localStorage is not available because --localstorage-file was not provided.
(Use `node --trace-warnings ...` to show where the warning was created)
(node:55589) ExperimentalWarning: localStorage is not available because --localstorage-file was not provided.
(Use `node --trace-warnings ...` to show where the warning was created)
(node:55590) ExperimentalWarning: localStorage is not available because --localstorage-file was not provided.
(Use `node --trace-warnings ...` to show where the warning was created)
(node:55593) ExperimentalWarning: localStorage is not available because --localstorage-file was not provided.
(Use `node --trace-warnings ...` to show where the warning was created)
(node:55594) ExperimentalWarning: localStorage is not available because --localstorage-file was not provided.
(Use `node --trace-warnings ...` to show where the warning was created)
(node:55595) ExperimentalWarning: localStorage is not available because --localstorage-file was not provided.
(Use `node --trace-warnings ...` to show where the warning was created)
(node:55596) ExperimentalWarning: localStorage is not available because --localstorage-file was not provided.
(Use `node --trace-warnings ...` to show where the warning was created)
(node:55598) ExperimentalWarning: localStorage is not available because --localstorage-file was not provided.
(Use `node --trace-warnings ...` to show where the warning was created)
(node:55597) ExperimentalWarning: localStorage is not available because --localstorage-file was not provided.
(Use `node --trace-warnings ...` to show where the warning was created)
(node:55600) ExperimentalWarning: localStorage is not available because --localstorage-file was not provided.
(Use `node --trace-warnings ...` to show where the warning was created)
(node:55599) ExperimentalWarning: localStorage is not available because --localstorage-file was not provided.
(Use `node --trace-warnings ...` to show where the warning was created)
(node:55602) ExperimentalWarning: localStorage is not available because --localstorage-file was not provided.
(Use `node --trace-warnings ...` to show where the warning was created)
(node:55603) ExperimentalWarning: localStorage is not available because --localstorage-file was not provided.
(Use `node --trace-warnings ...` to show where the warning was created)
(node:55604) ExperimentalWarning: localStorage is not available because --localstorage-file was not provided.
(Use `node --trace-warnings ...` to show where the warning was created)
(node:55605) ExperimentalWarning: localStorage is not available because --localstorage-file was not provided.
(Use `node --trace-warnings ...` to show where the warning was created)
(node:55610) ExperimentalWarning: localStorage is not available because --localstorage-file was not provided.
(Use `node --trace-warnings ...` to show where the warning was created)
(node:55607) ExperimentalWarning: localStorage is not available because --localstorage-file was not provided.
(Use `node --trace-warnings ...` to show where the warning was created)
(node:55612) ExperimentalWarning: localStorage is not available because --localstorage-file was not provided.
(Use `node --trace-warnings ...` to show where the warning was created)
(node:55613) ExperimentalWarning: localStorage is not available because --localstorage-file was not provided.
(Use `node --trace-warnings ...` to show where the warning was created)
(node:55614) ExperimentalWarning: localStorage is not available because --localstorage-file was not provided.
(Use `node --trace-warnings ...` to show where the warning was created)
(node:55615) ExperimentalWarning: localStorage is not available because --localstorage-file was not provided.
(Use `node --trace-warnings ...` to show where the warning was created)
(node:55637) ExperimentalWarning: localStorage is not available because --localstorage-file was not provided.
(Use `node --trace-warnings ...` to show where the warning was created)
(node:55638) ExperimentalWarning: localStorage is not available because --localstorage-file was not provided.
(Use `node --trace-warnings ...` to show where the warning was created)
(node:55641) ExperimentalWarning: localStorage is not available because --localstorage-file was not provided.
(Use `node --trace-warnings ...` to show where the warning was created)
(node:55643) ExperimentalWarning: localStorage is not available because --localstorage-file was not provided.
(Use `node --trace-warnings ...` to show where the warning was created)
(node:55644) ExperimentalWarning: localStorage is not available because --localstorage-file was not provided.
(Use `node --trace-warnings ...` to show where the warning was created)
(node:55645) ExperimentalWarning: localStorage is not available because --localstorage-file was not provided.
(Use `node --trace-warnings ...` to show where the warning was created)
(node:55651) ExperimentalWarning: localStorage is not available because --localstorage-file was not provided.
(Use `node --trace-warnings ...` to show where the warning was created)
(node:55652) ExperimentalWarning: localStorage is not available because --localstorage-file was not provided.
(Use `node --trace-warnings ...` to show where the warning was created)
(node:55653) ExperimentalWarning: localStorage is not available because --localstorage-file was not provided.
(Use `node --trace-warnings ...` to show where the warning was created)
(node:55656) ExperimentalWarning: localStorage is not available because --localstorage-file was not provided.
(Use `node --trace-warnings ...` to show where the warning was created)
(node:55658) ExperimentalWarning: localStorage is not available because --localstorage-file was not provided.
(Use `node --trace-warnings ...` to show where the warning was created)
(node:55659) ExperimentalWarning: localStorage is not available because --localstorage-file was not provided.
(Use `node --trace-warnings ...` to show where the warning was created)
(node:55662) ExperimentalWarning: localStorage is not available because --localstorage-file was not provided.
(Use `node --trace-warnings ...` to show where the warning was created)
(node:55663) ExperimentalWarning: localStorage is not available because --localstorage-file was not provided.
(Use `node --trace-warnings ...` to show where the warning was created)
(node:55665) ExperimentalWarning: localStorage is not available because --localstorage-file was not provided.
(Use `node --trace-warnings ...` to show where the warning was created)
(node:55666) ExperimentalWarning: localStorage is not available because --localstorage-file was not provided.
(Use `node --trace-warnings ...` to show where the warning was created)
(node:55667) ExperimentalWarning: localStorage is not available because --localstorage-file was not provided.
(Use `node --trace-warnings ...` to show where the warning was created)
(node:55668) ExperimentalWarning: localStorage is not available because --localstorage-file was not provided.
(Use `node --trace-warnings ...` to show where the warning was created)
(node:55669) ExperimentalWarning: localStorage is not available because --localstorage-file was not provided.
(Use `node --trace-warnings ...` to show where the warning was created)
(node:55670) ExperimentalWarning: localStorage is not available because --localstorage-file was not provided.
(Use `node --trace-warnings ...` to show where the warning was created)
(node:55671) ExperimentalWarning: localStorage is not available because --localstorage-file was not provided.
(Use `node --trace-warnings ...` to show where the warning was created)
(node:55672) ExperimentalWarning: localStorage is not available because --localstorage-file was not provided.
(Use `node --trace-warnings ...` to show where the warning was created)
(node:55674) ExperimentalWarning: localStorage is not available because --localstorage-file was not provided.
(Use `node --trace-warnings ...` to show where the warning was created)
(node:55701) ExperimentalWarning: localStorage is not available because --localstorage-file was not provided.
(Use `node --trace-warnings ...` to show where the warning was created)
(node:55702) ExperimentalWarning: localStorage is not available because --localstorage-file was not provided.
(Use `node --trace-warnings ...` to show where the warning was created)
(node:55703) ExperimentalWarning: localStorage is not available because --localstorage-file was not provided.
(Use `node --trace-warnings ...` to show where the warning was created)
(node:55705) ExperimentalWarning: localStorage is not available because --localstorage-file was not provided.
(Use `node --trace-warnings ...` to show where the warning was created)
(node:55706) ExperimentalWarning: localStorage is not available because --localstorage-file was not provided.
(Use `node --trace-warnings ...` to show where the warning was created)
(node:55728) ExperimentalWarning: localStorage is not available because --localstorage-file was not provided.
(Use `node --trace-warnings ...` to show where the warning was created)
(node:55729) ExperimentalWarning: localStorage is not available because --localstorage-file was not provided.
(Use `node --trace-warnings ...` to show where the warning was created)
(node:55731) ExperimentalWarning: localStorage is not available because --localstorage-file was not provided.
(Use `node --trace-warnings ...` to show where the warning was created)
(node:55732) ExperimentalWarning: localStorage is not available because --localstorage-file was not provided.
(Use `node --trace-warnings ...` to show where the warning was created)
(node:55743) ExperimentalWarning: localStorage is not available because --localstorage-file was not provided.
(Use `node --trace-warnings ...` to show where the warning was created)
(node:55751) ExperimentalWarning: localStorage is not available because --localstorage-file was not provided.
(Use `node --trace-warnings ...` to show where the warning was created)
(node:55753) ExperimentalWarning: localStorage is not available because --localstorage-file was not provided.
(Use `node --trace-warnings ...` to show where the warning was created)
(node:55754) ExperimentalWarning: localStorage is not available because --localstorage-file was not provided.
(Use `node --trace-warnings ...` to show where the warning was created)
(node:55756) ExperimentalWarning: localStorage is not available because --localstorage-file was not provided.
(Use `node --trace-warnings ...` to show where the warning was created)
(node:55757) ExperimentalWarning: localStorage is not available because --localstorage-file was not provided.
(Use `node --trace-warnings ...` to show where the warning was created)
(node:55758) ExperimentalWarning: localStorage is not available because --localstorage-file was not provided.
(Use `node --trace-warnings ...` to show where the warning was created)
(node:55761) ExperimentalWarning: localStorage is not available because --localstorage-file was not provided.
(Use `node --trace-warnings ...` to show where the warning was created)
(node:55764) ExperimentalWarning: localStorage is not available because --localstorage-file was not provided.
(Use `node --trace-warnings ...` to show where the warning was created)
(node:55765) ExperimentalWarning: localStorage is not available because --localstorage-file was not provided.
(Use `node --trace-warnings ...` to show where the warning was created)
(node:55766) ExperimentalWarning: localStorage is not available because --localstorage-file was not provided.
(Use `node --trace-warnings ...` to show where the warning was created)
(node:55767) ExperimentalWarning: localStorage is not available because --localstorage-file was not provided.
(Use `node --trace-warnings ...` to show where the warning was created)
(node:55769) ExperimentalWarning: localStorage is not available because --localstorage-file was not provided.
(Use `node --trace-warnings ...` to show where the warning was created)
(node:55770) ExperimentalWarning: localStorage is not available because --localstorage-file was not provided.
(Use `node --trace-warnings ...` to show where the warning was created)
(node:55791) ExperimentalWarning: localStorage is not available because --localstorage-file was not provided.
(Use `node --trace-warnings ...` to show where the warning was created)
(node:55792) ExperimentalWarning: localStorage is not available because --localstorage-file was not provided.
(Use `node --trace-warnings ...` to show where the warning was created)
(node:55793) ExperimentalWarning: localStorage is not available because --localstorage-file was not provided.
(Use `node --trace-warnings ...` to show where the warning was created)
(node:55794) ExperimentalWarning: localStorage is not available because --localstorage-file was not provided.
(Use `node --trace-warnings ...` to show where the warning was created)
(node:55803) ExperimentalWarning: localStorage is not available because --localstorage-file was not provided.
(Use `node --trace-warnings ...` to show where the warning was created)
(node:55806) ExperimentalWarning: localStorage is not available because --localstorage-file was not provided.
(Use `node --trace-warnings ...` to show where the warning was created)
(node:55811) ExperimentalWarning: localStorage is not available because --localstorage-file was not provided.
(Use `node --trace-warnings ...` to show where the warning was created)
(node:55810) ExperimentalWarning: localStorage is not available because --localstorage-file was not provided.
(Use `node --trace-warnings ...` to show where the warning was created)
(node:55812) ExperimentalWarning: localStorage is not available because --localstorage-file was not provided.
(Use `node --trace-warnings ...` to show where the warning was created)
(node:55813) ExperimentalWarning: localStorage is not available because --localstorage-file was not provided.
(Use `node --trace-warnings ...` to show where the warning was created)
(node:55816) ExperimentalWarning: localStorage is not available because --localstorage-file was not provided.
(Use `node --trace-warnings ...` to show where the warning was created)
(node:55818) ExperimentalWarning: localStorage is not available because --localstorage-file was not provided.
(Use `node --trace-warnings ...` to show where the warning was created)
(node:55822) ExperimentalWarning: localStorage is not available because --localstorage-file was not provided.
(Use `node --trace-warnings ...` to show where the warning was created)
(node:55823) ExperimentalWarning: localStorage is not available because --localstorage-file was not provided.
(Use `node --trace-warnings ...` to show where the warning was created)
(node:55828) ExperimentalWarning: localStorage is not available because --localstorage-file was not provided.
(Use `node --trace-warnings ...` to show where the warning was created)
(node:55829) ExperimentalWarning: localStorage is not available because --localstorage-file was not provided.
(Use `node --trace-warnings ...` to show where the warning was created)
(node:55830) ExperimentalWarning: localStorage is not available because --localstorage-file was not provided.
(Use `node --trace-warnings ...` to show where the warning was created)
(node:55831) ExperimentalWarning: localStorage is not available because --localstorage-file was not provided.
(Use `node --trace-warnings ...` to show where the warning was created)
(node:55834) ExperimentalWarning: localStorage is not available because --localstorage-file was not provided.
(Use `node --trace-warnings ...` to show where the warning was created)
(node:55835) ExperimentalWarning: localStorage is not available because --localstorage-file was not provided.
(Use `node --trace-warnings ...` to show where the warning was created)
(node:55836) ExperimentalWarning: localStorage is not available because --localstorage-file was not provided.
(Use `node --trace-warnings ...` to show where the warning was created)
(node:55837) ExperimentalWarning: localStorage is not available because --localstorage-file was not provided.
(Use `node --trace-warnings ...` to show where the warning was created)
(node:55840) ExperimentalWarning: localStorage is not available because --localstorage-file was not provided.
(Use `node --trace-warnings ...` to show where the warning was created)
(node:55857) ExperimentalWarning: localStorage is not available because --localstorage-file was not provided.
(Use `node --trace-warnings ...` to show where the warning was created)
(node:55859) ExperimentalWarning: localStorage is not available because --localstorage-file was not provided.
(Use `node --trace-warnings ...` to show where the warning was created)
(node:55860) ExperimentalWarning: localStorage is not available because --localstorage-file was not provided.
(Use `node --trace-warnings ...` to show where the warning was created)
(node:55865) ExperimentalWarning: localStorage is not available because --localstorage-file was not provided.
(Use `node --trace-warnings ...` to show where the warning was created)
(node:55866) ExperimentalWarning: localStorage is not available because --localstorage-file was not provided.
(Use `node --trace-warnings ...` to show where the warning was created)
(node:55875) ExperimentalWarning: localStorage is not available because --localstorage-file was not provided.
(Use `node --trace-warnings ...` to show where the warning was created)
(node:55874) ExperimentalWarning: localStorage is not available because --localstorage-file was not provided.
(Use `node --trace-warnings ...` to show where the warning was created)
(node:55884) ExperimentalWarning: localStorage is not available because --localstorage-file was not provided.
(Use `node --trace-warnings ...` to show where the warning was created)
(node:55883) ExperimentalWarning: localStorage is not available because --localstorage-file was not provided.
(Use `node --trace-warnings ...` to show where the warning was created)
(node:55886) ExperimentalWarning: localStorage is not available because --localstorage-file was not provided.
(Use `node --trace-warnings ...` to show where the warning was created)
(node:55885) ExperimentalWarning: localStorage is not available because --localstorage-file was not provided.
(Use `node --trace-warnings ...` to show where the warning was created)
(node:55903) ExperimentalWarning: localStorage is not available because --localstorage-file was not provided.
(Use `node --trace-warnings ...` to show where the warning was created)
(node:55904) ExperimentalWarning: localStorage is not available because --localstorage-file was not provided.
(Use `node --trace-warnings ...` to show where the warning was created)
(node:55908) ExperimentalWarning: localStorage is not available because --localstorage-file was not provided.
(Use `node --trace-warnings ...` to show where the warning was created)
(node:55907) ExperimentalWarning: localStorage is not available because --localstorage-file was not provided.
(Use `node --trace-warnings ...` to show where the warning was created)
(node:55924) ExperimentalWarning: localStorage is not available because --localstorage-file was not provided.
(Use `node --trace-warnings ...` to show where the warning was created)
(node:55925) ExperimentalWarning: localStorage is not available because --localstorage-file was not provided.
(Use `node --trace-warnings ...` to show where the warning was created)
(node:55934) ExperimentalWarning: localStorage is not available because --localstorage-file was not provided.
(Use `node --trace-warnings ...` to show where the warning was created)
(node:55933) ExperimentalWarning: localStorage is not available because --localstorage-file was not provided.
(Use `node --trace-warnings ...` to show where the warning was created)
(node:55936) ExperimentalWarning: localStorage is not available because --localstorage-file was not provided.
(Use `node --trace-warnings ...` to show where the warning was created)
(node:55935) ExperimentalWarning: localStorage is not available because --localstorage-file was not provided.
(Use `node --trace-warnings ...` to show where the warning was created)
(node:55938) ExperimentalWarning: localStorage is not available because --localstorage-file was not provided.
(Use `node --trace-warnings ...` to show where the warning was created)
(node:55937) ExperimentalWarning: localStorage is not available because --localstorage-file was not provided.
(Use `node --trace-warnings ...` to show where the warning was created)
(node:55944) ExperimentalWarning: localStorage is not available because --localstorage-file was not provided.
(Use `node --trace-warnings ...` to show where the warning was created)
(node:55942) ExperimentalWarning: localStorage is not available because --localstorage-file was not provided.
(Use `node --trace-warnings ...` to show where the warning was created)
(node:55946) ExperimentalWarning: localStorage is not available because --localstorage-file was not provided.
(Use `node --trace-warnings ...` to show where the warning was created)
(node:55945) ExperimentalWarning: localStorage is not available because --localstorage-file was not provided.
(Use `node --trace-warnings ...` to show where the warning was created)
(node:55950) ExperimentalWarning: localStorage is not available because --localstorage-file was not provided.
(Use `node --trace-warnings ...` to show where the warning was created)
(node:55949) ExperimentalWarning: localStorage is not available because --localstorage-file was not provided.
(Use `node --trace-warnings ...` to show where the warning was created)
(node:55951) ExperimentalWarning: localStorage is not available because --localstorage-file was not provided.
(Use `node --trace-warnings ...` to show where the warning was created)
(node:55952) ExperimentalWarning: localStorage is not available because --localstorage-file was not provided.
(Use `node --trace-warnings ...` to show where the warning was created)
(node:55955) ExperimentalWarning: localStorage is not available because --localstorage-file was not provided.
(Use `node --trace-warnings ...` to show where the warning was created)
(node:55956) ExperimentalWarning: localStorage is not available because --localstorage-file was not provided.
(Use `node --trace-warnings ...` to show where the warning was created)
(node:55986) ExperimentalWarning: localStorage is not available because --localstorage-file was not provided.
(Use `node --trace-warnings ...` to show where the warning was created)
(node:55987) ExperimentalWarning: localStorage is not available because --localstorage-file was not provided.
(Use `node --trace-warnings ...` to show where the warning was created)
(node:55991) ExperimentalWarning: localStorage is not available because --localstorage-file was not provided.
(Use `node --trace-warnings ...` to show where the warning was created)
(node:55990) ExperimentalWarning: localStorage is not available because --localstorage-file was not provided.
(Use `node --trace-warnings ...` to show where the warning was created)
(node:55994) ExperimentalWarning: localStorage is not available because --localstorage-file was not provided.
(Use `node --trace-warnings ...` to show where the warning was created)
(node:55993) ExperimentalWarning: localStorage is not available because --localstorage-file was not provided.
(Use `node --trace-warnings ...` to show where the warning was created)
(node:55995) ExperimentalWarning: localStorage is not available because --localstorage-file was not provided.
(Use `node --trace-warnings ...` to show where the warning was created)
(node:55996) ExperimentalWarning: localStorage is not available because --localstorage-file was not provided.
(Use `node --trace-warnings ...` to show where the warning was created)
(node:56002) ExperimentalWarning: localStorage is not available because --localstorage-file was not provided.
(Use `node --trace-warnings ...` to show where the warning was created)
(node:56003) ExperimentalWarning: localStorage is not available because --localstorage-file was not provided.
(Use `node --trace-warnings ...` to show where the warning was created)
(node:56006) ExperimentalWarning: localStorage is not available because --localstorage-file was not provided.
(Use `node --trace-warnings ...` to show where the warning was created)
(node:56007) ExperimentalWarning: localStorage is not available because --localstorage-file was not provided.
(Use `node --trace-warnings ...` to show where the warning was created)
(node:56009) ExperimentalWarning: localStorage is not available because --localstorage-file was not provided.
(Use `node --trace-warnings ...` to show where the warning was created)
(node:56010) ExperimentalWarning: localStorage is not available because --localstorage-file was not provided.
(Use `node --trace-warnings ...` to show where the warning was created)
(node:56012) ExperimentalWarning: localStorage is not available because --localstorage-file was not provided.
(Use `node --trace-warnings ...` to show where the warning was created)
(node:56011) ExperimentalWarning: localStorage is not available because --localstorage-file was not provided.
(Use `node --trace-warnings ...` to show where the warning was created)
(node:56015) ExperimentalWarning: localStorage is not available because --localstorage-file was not provided.
(Use `node --trace-warnings ...` to show where the warning was created)
(node:56016) ExperimentalWarning: localStorage is not available because --localstorage-file was not provided.
(Use `node --trace-warnings ...` to show where the warning was created)
(node:56018) ExperimentalWarning: localStorage is not available because --localstorage-file was not provided.
(Use `node --trace-warnings ...` to show where the warning was created)
(node:56019) ExperimentalWarning: localStorage is not available because --localstorage-file was not provided.
(Use `node --trace-warnings ...` to show where the warning was created)
(node:56023) ExperimentalWarning: localStorage is not available because --localstorage-file was not provided.
(Use `node --trace-warnings ...` to show where the warning was created)
(node:56022) ExperimentalWarning: localStorage is not available because --localstorage-file was not provided.
(Use `node --trace-warnings ...` to show where the warning was created)
(node:56029) ExperimentalWarning: localStorage is not available because --localstorage-file was not provided.
(Use `node --trace-warnings ...` to show where the warning was created)
(node:56030) ExperimentalWarning: localStorage is not available because --localstorage-file was not provided.
(Use `node --trace-warnings ...` to show where the warning was created)
(node:56033) ExperimentalWarning: localStorage is not available because --localstorage-file was not provided.
(Use `node --trace-warnings ...` to show where the warning was created)
(node:56032) ExperimentalWarning: localStorage is not available because --localstorage-file was not provided.
(Use `node --trace-warnings ...` to show where the warning was created)
(node:56038) ExperimentalWarning: localStorage is not available because --localstorage-file was not provided.
(Use `node --trace-warnings ...` to show where the warning was created)
(node:56053) ExperimentalWarning: localStorage is not available because --localstorage-file was not provided.
(Use `node --trace-warnings ...` to show where the warning was created)
(node:56056) ExperimentalWarning: localStorage is not available because --localstorage-file was not provided.
(Use `node --trace-warnings ...` to show where the warning was created)
(node:56055) ExperimentalWarning: localStorage is not available because --localstorage-file was not provided.
(Use `node --trace-warnings ...` to show where the warning was created)
(node:56057) ExperimentalWarning: localStorage is not available because --localstorage-file was not provided.
(Use `node --trace-warnings ...` to show where the warning was created)
(node:56058) ExperimentalWarning: localStorage is not available because --localstorage-file was not provided.
(Use `node --trace-warnings ...` to show where the warning was created)

 Test Files  287 passed (287)
      Tests  4272 passed (4272)
   Start at  23:58:20
   Duration  110.92s (transform 3.57s, setup 12.04s, import 17.86s, tests 103.79s, environment 56.91s)

 % Coverage report from v8

=============================== Coverage summary ===============================
Statements   : 77.12% ( 20177/26161 )
Branches     : 74.15% ( 22834/30791 )
Functions    : 74.2% ( 5319/7168 )
Lines        : 80.19% ( 17496/21816 )
================================================================================
npm notice run app@0.0.0 test:release-config
npm notice run node --test scripts/verificar-config-release.test.mjs
✔ acepta solo la configuración pública productiva presente en el bundle (91.298083ms)
✔ rechaza un release sin variables de Supabase (76.038125ms)
✔ rechaza una llave privilegiada (75.324375ms)
✔ rechaza un build que no incorporó la configuración (83.7185ms)
ℹ tests 4
ℹ suites 0
ℹ pass 4
ℹ fail 0
ℹ cancelled 0
ℹ skipped 0
ℹ todo 0
ℹ duration_ms 364.716375
npm notice run app@0.0.0 test:push-tasa
npm notice run node --test scripts/sw-crm.test.mjs
✔ el worker no intercepta peticiones de red (9.799708ms)
✔ un reintento reemplaza el mismo aviso sin sonido y cumple userVisibleOnly (1.394125ms)
✔ un aviso en tránsito después de salir solo informa la baja y retira la suscripción (0.378459ms)
✔ un fallo del almacenamiento conserva un aviso visible sin revelar actividad del CRM (0.339625ms)
✔ un registro de repetidos dañado no oculta una solicitud nueva (0.778375ms)
✔ clic reconstruye una ruta interna y no acepta URLs del mensaje (0.379833ms)
✔ si una ventana desaparece durante el clic abre otra (0.280958ms)
✔ el clic conserva un formulario abierto en otra pestaña (0.245208ms)
ℹ tests 8
ℹ suites 0
ℹ pass 8
ℹ fail 0
ℹ cancelled 0
ℹ skipped 0
ℹ todo 0
ℹ duration_ms 49.66875
npm notice run app@0.0.0 build
npm notice run tsc -b && vite build
vite v8.1.4 building client environment for production...
[2Ktransforming...✓ 2929 modules transformed.
rendering chunks...
computing gzip size...
dist/version.json                                                0.05 kB │ gzip:   0.06 kB
dist/index.html                                                  2.17 kB │ gzip:   0.69 kB
dist/assets/plus-jakarta-sans-latin-400-normal-Dhut76fR.woff2   11.81 kB
dist/assets/plus-jakarta-sans-latin-800-normal-CusIZhrK.woff2   11.89 kB
dist/assets/plus-jakarta-sans-latin-600-normal-DLTa1BUW.woff2   12.18 kB
dist/assets/plus-jakarta-sans-latin-700-normal-CfpNZvy6.woff2   12.24 kB
dist/assets/plus-jakarta-sans-latin-500-normal-Bf-nb4oT.woff2   12.31 kB
dist/assets/plus-jakarta-sans-latin-400-normal-BDKaGhyp.woff    15.72 kB
dist/assets/plus-jakarta-sans-latin-800-normal-BRNHt2w0.woff    15.78 kB
dist/assets/plus-jakarta-sans-latin-600-normal-BR_Ojra4.woff    16.08 kB
dist/assets/plus-jakarta-sans-latin-500-normal-DYtqi0QS.woff    16.12 kB
dist/assets/plus-jakarta-sans-latin-700-normal-DqEcQeE5.woff    16.13 kB
dist/assets/ibm-plex-sans-latin-400-normal-CYLoc0-x.woff        22.10 kB
dist/assets/ibm-plex-sans-latin-700-normal-Bth3BMcD.woff        22.28 kB
dist/assets/ibm-plex-sans-latin-400-normal-CDDApCn2.woff2       22.58 kB
dist/assets/ibm-plex-sans-latin-700-normal-Bxkt5Cjx.woff2       22.83 kB
dist/assets/ibm-plex-sans-latin-600-normal-Cu4Hd6ag.woff        23.87 kB
dist/assets/ibm-plex-sans-latin-500-normal-BgVn5rGT.woff        23.91 kB
dist/assets/ibm-plex-sans-latin-500-normal-6ng42L7E.woff2       24.18 kB
dist/assets/ibm-plex-sans-latin-600-normal-CuJfVYMP.woff2       24.25 kB
dist/.vite/license.md                                           81.37 kB
dist/assets/gestion-diaria-5o2GrfU4.css                          9.21 kB │ gzip:   2.45 kB
dist/assets/gerencia-BaLUQF8y.css                               17.29 kB │ gzip:   3.73 kB
dist/assets/index-BJ0v2sec.css                                 157.30 kB │ gzip:  25.68 kB
dist/assets/argumentos-rpc-CZnLpNy5.js                           0.09 kB │ gzip:   0.10 kB
dist/assets/rescate-carpeta-CKgrBzPX.js                          0.20 kB │ gzip:   0.16 kB
dist/assets/use-periodo-gerencia-DE_DQEGl.js                     0.29 kB │ gzip:   0.22 kB
dist/assets/use-valor-diferido-C5pSPdfy.js                       0.29 kB │ gzip:   0.22 kB
dist/assets/progress-784Lqrrm.js                                 0.42 kB │ gzip:   0.30 kB
dist/assets/section-head-CpbYtuG_.js                             0.43 kB │ gzip:   0.29 kB
dist/assets/use-resumen-cartera-operativo-DgMFF1cN.js            0.49 kB │ gzip:   0.34 kB
dist/assets/ahora-CyLTFCpv.js                                    0.51 kB │ gzip:   0.30 kB
dist/assets/store-context-8oahbTda.js                            0.67 kB │ gzip:   0.31 kB
dist/assets/rolldown-runtime-QTnfLwEv.js                         0.69 kB │ gzip:   0.42 kB
dist/assets/desglose-monedas-yX6cIXXk.js                         0.70 kB │ gzip:   0.43 kB
dist/assets/tabla-BnYgVgYp.js                                    0.70 kB │ gzip:   0.36 kB
dist/assets/card-TuroX6HR.js                                     0.73 kB │ gzip:   0.33 kB
dist/assets/seguimiento-CtixCTnj.js                              0.81 kB │ gzip:   0.45 kB
dist/assets/select-B3VU5IjL.js                                   0.86 kB │ gzip:   0.52 kB
dist/assets/animated-value-CxWwuyas.js                           0.94 kB │ gzip:   0.55 kB
dist/assets/paginacion-obAhw9sU.js                               0.99 kB │ gzip:   0.55 kB
dist/assets/input-Cb6Fp43O.js                                    1.01 kB │ gzip:   0.53 kB
dist/assets/kpi-card-DZN8eJi-.js                                 1.14 kB │ gzip:   0.63 kB
dist/assets/aviso-degradacion--F6j3SNh.js                        1.19 kB │ gzip:   0.63 kB
dist/assets/use-metricas-vendedores-operativas-bYCK4qpc.js       1.59 kB │ gzip:   0.83 kB
dist/assets/use-cartera-paginada-Dsg5XFpz.js                     1.60 kB │ gzip:   0.81 kB
dist/assets/button-CcjL0mMd.js                                   1.96 kB │ gzip:   0.98 kB
dist/assets/configuracion-shell-DPF1APeT.js                      1.97 kB │ gzip:   0.92 kB
dist/assets/stat-strip-CHL-vFQJ.js                               2.19 kB │ gzip:   0.93 kB
dist/assets/controles-periodo-derivaciones-1FFxpwW-.js           2.52 kB │ gzip:   0.92 kB
dist/assets/acciones-reconocer-alerta-epjJPhL5.js                2.58 kB │ gzip:   1.17 kB
dist/assets/dropdown-menu-lewrahU-.js                            3.13 kB │ gzip:   1.54 kB
dist/assets/notificaciones-tasa-DY_3Dby4.js                      4.17 kB │ gzip:   1.79 kB
dist/assets/control-citas-BXXZTDLW.js                            4.18 kB │ gzip:   1.73 kB
dist/assets/sla-operacion-BXMq96_p.js                            5.64 kB │ gzip:   2.24 kB
dist/assets/distribucion-lecturas-B9zTf5rX.js                    7.52 kB │ gzip:   2.61 kB
dist/assets/config-74t1BrQd.js                                  12.02 kB │ gzip:   4.21 kB
dist/assets/config-gestion-diaria-Dw2nxyui.js                   12.13 kB │ gzip:   3.95 kB
dist/assets/dist-DAse8jiX.js                                    12.57 kB │ gzip:   4.48 kB
dist/assets/alertas-qfSuFY-y.js                                 13.63 kB │ gzip:   4.74 kB
dist/assets/derivaciones-DI0EHDMX.js                            13.73 kB │ gzip:   4.67 kB
dist/assets/historial-decisiones-tasa-gerencia-C3MpV48u.js      14.20 kB │ gzip:   3.95 kB
dist/assets/config-rentabilidad-CXA6ypwJ.js                     14.71 kB │ gzip:   4.85 kB
dist/assets/cartera-CWbKC9zi.js                                 14.76 kB │ gzip:   5.09 kB
dist/assets/pipeline-6uqctfWq.js                                14.89 kB │ gzip:   5.23 kB
dist/assets/cierres-externos-seccion-BOZqdqfK.js                15.26 kB │ gzip:   4.67 kB
dist/assets/crm-queries-DsAgVbpu.js                             15.73 kB │ gzip:   4.30 kB
dist/assets/config-metas-jbwdNp3e.js                            16.11 kB │ gzip:   5.57 kB
dist/assets/config-citas-DdT4KfjI.js                            17.02 kB │ gzip:   5.71 kB
dist/assets/config-sla-BKsmmdSB.js                              17.24 kB │ gzip:   5.47 kB
dist/assets/metricas-multiempresa-bBCBajiG.js                   19.95 kB │ gzip:   5.72 kB
dist/assets/escape-dialogo-BhefE2FP.js                          20.29 kB │ gzip:   7.42 kB
dist/assets/echart-bar-CCrXnjdM.js                              21.98 kB │ gzip:   8.34 kB
dist/assets/gestion-diaria-api-IeRyiNnD.js                      23.52 kB │ gzip:   7.35 kB
dist/assets/config-usuarios-acfXQkWG.js                         23.93 kB │ gzip:   6.50 kB
dist/assets/equipo-B1Yomw-6.js                                  26.78 kB │ gzip:   7.87 kB
dist/assets/utils-C_jjd2h8.js                                   26.93 kB │ gzip:   8.59 kB
dist/assets/config-productos-CcYhekM0.js                        27.09 kB │ gzip:   7.35 kB
dist/assets/rescate-descartados-Cs3Eh5pc.js                     30.84 kB │ gzip:   7.93 kB
dist/assets/facturacion-FKeYiEdY.js                             31.06 kB │ gzip:  10.17 kB
dist/assets/agenda-DLGdoM-7.js                                  31.08 kB │ gzip:   8.83 kB
dist/assets/lead-hover-card-DMbaEte5.js                         33.88 kB │ gzip:  12.66 kB
dist/assets/ranking-vendedores-DO3eegE5.js                      37.29 kB │ gzip:   8.95 kB
dist/assets/echart-line-D2c-cuAX.js                             45.31 kB │ gzip:  16.14 kB
dist/assets/repartir-08x6iX5N.js                                50.78 kB │ gzip:  13.23 kB
dist/assets/gestion-diaria-CzdXNd8D.js                          87.72 kB │ gzip:  25.21 kB
dist/assets/hoy-BrOgV9PU.js                                     92.98 kB │ gzip:  25.59 kB
dist/assets/ui-vendor-CnUuygdz.js                               93.82 kB │ gzip:  20.57 kB
dist/assets/gerencia-B03pnvmv.js                               101.38 kB │ gzip:  28.17 kB
dist/assets/react-vendor-BXy-oECh.js                           190.81 kB │ gzip:  60.00 kB
dist/assets/gerencia-DDjTYUFh.js                               190.91 kB │ gzip:  47.00 kB
dist/assets/mi-cartera-BpJzBAHy.js                             213.00 kB │ gzip:  53.29 kB
dist/assets/crm-api-Jc3RVk29.js                                224.06 kB │ gzip:  62.34 kB
dist/assets/data-vendor-DTp_zWmI.js                            244.55 kB │ gzip:  63.66 kB
dist/assets/echart-Bb36jJ6d.js                                 487.20 kB │ gzip: 165.23 kB
dist/assets/index-zTfZ4_Xs.js                                  707.64 kB │ gzip: 210.93 kB

[33m[INEFFECTIVE_DYNAMIC_IMPORT] [0msrc/lib/demo-config.ts is dynamically imported by src/data/crm-config-queries.ts but also statically imported by src/lib/demo-sla.ts, dynamic import will not move module into another chunk.

[plugin builtin:vite-reporter] 
(!) Some chunks are larger than 500 kB after minification. Consider:
- Using dynamic import() to code-split the application
- Use build.rolldownOptions.output.codeSplitting to improve chunking: https://rolldown.rs/reference/OutputOptions.codeSplitting
- Adjust chunk size limit for this warning via build.chunkSizeWarningLimit.
✓ built in 350ms
npm notice run app@0.0.0 verify:bundle
npm notice run node scripts/verificar-bundle-produccion.mjs
BUNDLE_PRODUCCION_SIN_PDFMAKE_NI_FIXTURES_DEMO_CON_FICHA_360_Y_CON_FOCO
npm notice run app@0.0.0 dup
npm notice run jscpd src --min-tokens 70 --ignore "**/*.test.*" --threshold 0.8 --reporters consoleFull
[1mClone found (tsx)[22m
 - App.tsx [191:7 - 201:6]
   App.tsx [311:7 - 321:6]

[1mClone found (tsx)[22m
 - components/app/contrato-corregir.tsx [159:7 - 168:68]
   components/app/contrato-corregir.tsx [249:5 - 258:66]

[1mClone found (tsx)[22m
 - components/app/contrato-corregir.tsx [295:45 - 313:10]
   components/app/contrato-nuevo.tsx [493:57 - 513:10]

[1mClone found (tsx)[22m
 - components/app/contrato-corregir.tsx [788:13 - 813:13]
   components/app/contrato-nuevo.tsx [1399:13 - 1425:13]

[1mClone found (tsx)[22m
 - components/app/splash-crm.tsx [275:11 - 289:20]
   components/app/splash-crm.tsx [327:7 - 341:16]

[1mClone found (typescript)[22m
 - data/crm-api.ts [1043:22 - 1056:56]
   data/crm-api.ts [1420:28 - 1430:56]

[1mClone found (typescript)[22m
 - data/crm-api.ts [1044:5 - 1050:47]
   data/crm-api.ts [1464:10 - 1470:47]

[1mClone found (css)[22m
 - index.css [338:66 - 343:7]
   index.css [384:32 - 389:5]

[1mClone found (typescript)[22m
 - lib/auth-maquina.ts [376:50 - 395:7]
   lib/auth-maquina.ts [432:94 - 449:7]

[1mClone found (typescript)[22m
 - lib/conversion-mensual.ts [170:23 - 179:6]
   lib/objetivos.ts [315:22 - 323:6]

[1mClone found (typescript)[22m
 - lib/conversion-vendedores.ts [444:72 - 463:13]
   lib/conversion-vendedores.ts [534:63 - 550:13]

[1mClone found (typescript)[22m
 - lib/database.types.ts [2432:15 - 2457:25]
   lib/database.types.ts [2472:15 - 2497:25]

[1mClone found (typescript)[22m
 - lib/database.types.ts [3991:15 - 4016:15]
   lib/database.types.ts [4022:15 - 4047:15]

[1mClone found (typescript)[22m
 - lib/database.types.ts [6379:15 - 6400:13]
   lib/database.types.ts [6415:15 - 6436:13]

[1mClone found (typescript)[22m
 - lib/database.types.ts [6773:25 - 6785:103]
   lib/database.types.ts [6798:25 - 6810:103]

[1mClone found (typescript)[22m
 - lib/demo-inteligencia-comercial.ts [329:11 - 342:6]
   lib/demo.ts [261:49 - 274:4]

[1mClone found (typescript)[22m
 - lib/metricas-agenda.ts [40:57 - 47:6]
   lib/metricas-distribucion.ts [45:44 - 53:6]

[1mClone found (typescript)[22m
 - lib/metricas-conversiones-equipo.ts [56:36 - 66:55]
   lib/objetivos.ts [346:54 - 356:55]

[1mClone found (typescript)[22m
 - lib/metricas-vendedores.ts [46:10 - 57:9]
   lib/metricas-vendedores.ts [94:12 - 105:9]

[1mClone found (typescript)[22m
 - lib/metricas-vendedores.ts [119:5 - 124:4]
   lib/metricas-vendedores.ts [144:5 - 149:14]

[1mClone found (typescript)[22m
 - lib/metricas-vendedores.ts [135:22 - 148:91]
   lib/metricas-vendedores.ts [161:25 - 173:91]

[1mClone found (typescript)[22m
 - lib/objetivos.ts [499:20 - 510:6]
   lib/objetivos.ts [678:15 - 689:8]

[1mClone found (typescript)[22m
 - lib/productos-inversion.ts [25:59 - 35:35]
   lib/productos-inversion.ts [107:42 - 117:35]

[1mClone found (tsx)[22m
 - lib/store.tsx [2742:21 - 2765:23]
   lib/store.tsx [2784:41 - 2806:23]

[1mClone found (tsx)[22m
 - screens/agenda.tsx [555:45 - 565:31]
   screens/agenda.tsx [643:119 - 653:31]

[1mClone found (tsx)[22m
 - screens/agenda.tsx [601:135 - 637:13]
   screens/agenda.tsx [683:148 - 719:13]

[1mClone found (tsx)[22m
 - screens/hoy/graficas-gerencia.tsx [358:59 - 367:40]
   screens/hoy/graficas-gerencia.tsx [402:57 - 411:40]

[1mClone found (tsx)[22m
 - screens/hoy/inteligencia-comercial.tsx [392:19 - 402:14]
   screens/hoy/inteligencia-comercial.tsx [536:19 - 546:14]

[1mClone found (tsx)[22m
 - screens/hoy/inteligencia-comercial.tsx [626:54 - 635:52]
   screens/hoy/inteligencia-comercial.tsx [655:54 - 664:52]

[1mClone found (tsx)[22m
 - screens/hoy/inteligencia-comercial.tsx [668:35 - 688:135]
   screens/hoy/resumen-gerencia.tsx [247:46 - 273:79]

[1mClone found (tsx)[22m
 - screens/hoy/supervisor.tsx [129:87 - 150:8]
   screens/hoy/vendedor.tsx [869:70 - 896:8]

[1mClone found (tsx)[22m
 - screens/hoy/supervisor.tsx [1005:17 - 1020:26]
   screens/hoy/vendedor.tsx [1593:17 - 1608:26]

[1mClone found (tsx)[22m
 - screens/hoy/vendedor.tsx [1749:47 - 1762:76]
   screens/hoy/vendedor.tsx [1823:58 - 1835:76]

[1mClone found (tsx)[22m
 - screens/mi-cartera.tsx [449:26 - 478:100]
   screens/mi-cartera.tsx [758:29 - 786:100]

[1mClone found (tsx)[22m
 - screens/mi-cartera.tsx [635:37 - 656:12]
   screens/mi-cartera.tsx [882:38 - 903:14]

[1mClone found (tsx)[22m
 - screens/mi-cartera.tsx [1850:31 - 1858:8]
   screens/mi-cartera.tsx [2377:23 - 2385:8]

[90m┌────────────┬────────────────┬─────────────┬──────────────┬──────────────┬──────────────────┬───────────────────┐[39m
[90m│[39m[31m Format     [39m[90m│[39m[31m Files analyzed [39m[90m│[39m[31m Total lines [39m[90m│[39m[31m Total tokens [39m[90m│[39m[31m Clones found [39m[90m│[39m[31m Duplicated lines [39m[90m│[39m[31m Duplicated tokens [39m[90m│[39m
[90m├────────────┼────────────────┼─────────────┼──────────────┼──────────────┼──────────────────┼───────────────────┤[39m
[90m│[39m css        [90m│[39m 8              [90m│[39m 1589        [90m│[39m 33318        [90m│[39m 1            [90m│[39m 5 (0.31%)        [90m│[39m 92 (0.28%)        [90m│[39m
[90m├────────────┼────────────────┼─────────────┼──────────────┼──────────────┼──────────────────┼───────────────────┤[39m
[90m│[39m tsx        [90m│[39m 190            [90m│[39m 60334       [90m│[39m 424638       [90m│[39m 18           [90m│[39m 300 (0.50%)      [90m│[39m 2004 (0.47%)      [90m│[39m
[90m├────────────┼────────────────┼─────────────┼──────────────┼──────────────┼──────────────────┼───────────────────┤[39m
[90m│[39m typescript [90m│[39m 211            [90m│[39m 45506       [90m│[39m 262137       [90m│[39m 17           [90m│[39m 229 (0.50%)      [90m│[39m 1689 (0.64%)      [90m│[39m
[90m├────────────┼────────────────┼─────────────┼──────────────┼──────────────┼──────────────────┼───────────────────┤[39m
[90m│[39m [1mTotal:[22m     [90m│[39m 409            [90m│[39m 107429      [90m│[39m 720093       [90m│[39m 36           [90m│[39m 534 (0.50%)      [90m│[39m 3785 (0.53%)      [90m│[39m
[90m└────────────┴────────────────┴─────────────┴──────────────┴──────────────┴──────────────────┴───────────────────┘[39m
[90mFound 36 clones.[39m
[90mtime: 32.913ms[39m

[90m💡 Auto-refactor with AI: [1m[39mnpx skills add https://github.com/kucherenko/jscpd --skill dry-refactoring[90m[22m
[90m🎩 New: Gangsta Agents — discipline your AI coding → gangsta.page[39m
[90m💖 Support jscpd project → https://opencollective.com/jscpd[39m
