npm notice run avancecorp-crm-tools@0.0.0 check:scripts
npm notice run node --check supabase/scripts/fixtures.mjs && node --check supabase/scripts/seed-demo.mjs && node --check supabase/scripts/clean-crm-data.mjs && node --check supabase/scripts/clean-crm-data.test.mjs && node --check supabase/scripts/reconciliar-claves-crm-core.mjs && node --check supabase/scripts/reconciliar-claves-crm.mjs && node --check supabase/scripts/reconciliar-claves-crm.test.mjs && node --check supabase/scripts/test-rls.mjs && node --check supabase/scripts/gate-config-operativa.mjs && node --check supabase/scripts/gate-realidad.mjs && node --check supabase/scripts/gate-auditoria.mjs && node --check supabase/scripts/gate-analista-vigencia.mjs && node --check supabase/scripts/gate-analitica-lc.mjs && bash -n supabase/scripts/run-test-ficha-360-local.sh && npm run test:reconcile:crm-passwords && npm run test:importar-leads-edge && npm run gate:apps-script && npm run test:puente && npm run test:puente:e2e && npm run test:mutantes && npm run test:f5:preflight && npm run check:multiempresa:f7 && npm run check:multiempresa:f8
npm notice run avancecorp-crm-tools@0.0.0 test:reconcile:crm-passwords
npm notice run node --test supabase/scripts/reconciliar-claves-crm.test.mjs
✔ normaliza sin perder ceros ni rellenar pasaportes (0.627333ms)
✔ selecciona solo comercial con marca CRM y excluye identidad Portal compartida (0.169459ms)
✔ user_metadata legacy nunca autoriza por si sola una mutacion (0.09025ms)
✔ help y preflight no abren conexion (96.646333ms)
✔ apply exige doble confirmacion y conteo exacto (84.638042ms)
✔ rechaza modos ambiguos y opciones desconocidas (122.89325ms)
ℹ tests 6
ℹ suites 0
ℹ pass 6
ℹ fail 0
ℹ cancelled 0
ℹ skipped 0
ℹ todo 0
ℹ duration_ms 347.814584
npm notice run avancecorp-crm-tools@0.0.0 test:importar-leads-edge
npm notice run deno test supabase/functions/crm-importar-leads/autorizacion-contacto.test.ts supabase/functions/crm-importar-leads/destinos.test.ts supabase/functions/crm-importar-leads/resultado-importacion.test.ts supabase/functions/crm-importar-leads/catalogo.test.ts
Check supabase/functions/crm-importar-leads/autorizacion-contacto.test.ts
Check supabase/functions/crm-importar-leads/destinos.test.ts
Check supabase/functions/crm-importar-leads/resultado-importacion.test.ts
Check supabase/functions/crm-importar-leads/catalogo.test.ts
running 4 tests from ./supabase/functions/crm-importar-leads/autorizacion-contacto.test.ts
SI registra consentimiento sin bloquear el lead ... ok (195µs)
NO deja el lead visible y repartible sin registrar consentimiento ... ok (23µs)
vacío importa sin registrar consentimiento ... ok (32µs)
un valor desconocido sigue rechazando la fila ... ok (33µs)
running 3 tests from ./supabase/functions/crm-importar-leads/destinos.test.ts
normaliza los destinos entregados por el RPC canónico ... ok (143µs)
no reconstruye destinos ausentes desde filas crudas ... ok (44µs)
falla cerrada ante una respuesta ambigua ... ok (119µs)
running 28 tests from ./supabase/functions/crm-importar-leads/resultado-importacion.test.ts
una carrera del índice único queda como DUPLICADO ... ok (157µs)
fallos de conexión, concurrencia y capacidad son temporales ... ok (45µs)
HTTP 0, 429 y 5xx son temporales aunque no traigan código SQL ... ok (25µs)
una restricción de datos queda RECHAZADA para corrección humana ... ok (54µs)
el detalle de rechazo se normaliza y limita antes de escribirlo en Sheets ... ok (26µs)
F2.b: P0481 ya_es_cliente vía identidad es un REINGRESO con lead_id ... ok (69µs)
F2.b: P0481 por otro motivo sigue siendo un rechazo definitivo ... ok (22µs)
F2.b: P0429 (persona con No insistir) es rechazo definitivo ... ok (27µs)
veredictoDeError tolera DETAIL vacío o no JSON ... ok (100µs)
D-4: importado por la puerta ... ok (60µs)
D-4: duplicado por la puerta = el DUPLICADO de siempre ... ok (22µs)
D-4: ya_cliente con reingreso registrado (antes: dos pasos en el edge) ... ok (21µs)
D-4: ya_cliente cuyo reingreso no se pudo anotar conserva el aviso ... ok (21µs)
D-4: ya_cliente sin lead ni reingreso queda como YA ES CLIENTE a secas ... ok (14µs)
D-4: rechazado por la persona «No insistir» (P0429 de hoy) conserva su texto ... ok (27µs)
D-4: rechazado por otro veredicto conserva el texto de P0481 ... ok (20µs)
D-4: una respuesta inesperada de la puerta es temporal (se reintenta), nunca un rechazo ... ok (233µs)
D-4 v3: la RPC de la puerta no existe (PGRST202 + 404: reversa o caché rancia) → TEMPORAL, se reintenta ... ok (31µs)
D-4 v3: 42883 (función inexistente) y 42501 (EXECUTE perdido) → TEMPORAL, nunca RECHAZADO ... ok (17µs)
D-4 v3: los demás errores de la puerta conservan la clasificación de siempre ... ok (23µs)
D-4 v4: una categoría que este edge no conoce es TEMPORAL, nunca un rechazo ... ok (12µs)
D-4 v5: la misma fila reenviada → reingreso ya anotado (idempotente), sigue siendo YA ES CLIENTE ... ok (20µs)
D-20: solicitud anotada y tarea para su analista ... ok (20µs)
D-20: reenvío de la misma fila dice que ya estaba anotada ... ok (4ms)
D-20: sin analista para la tarea, la hoja lo dice ... ok (35µs)
D-20: sin nadie a cargo, la hoja avisa de que NO se pudo anotar ... ok (19µs)
D-20: persona con «No insistir» — se dice, no se inventa seguimiento ... ok (19µs)
D-20: el reingreso en su lead vivo sigue mandando sobre la solicitud ... ok (15µs)
running 2 tests from ./supabase/functions/crm-importar-leads/catalogo.test.ts
catálogo: una etiqueta propia se resuelve ... ok (158µs)
catálogo: «constructor» y «__proto__» NO se resuelven por el prototipo ... ok (29µs)

ok | 37 passed | 0 failed (70ms)

npm notice run avancecorp-crm-tools@0.0.0 gate:apps-script
npm notice run node scripts/gate-apps-script.mjs
✔ hoja-leads-apps-script.gs — todas las llamadas resuelven en el proyecto
✔ puente-drive-origen.gs — todas las llamadas resuelven en el proyecto
  (187 nombres definidos entre los 2 archivos)
✔ sin choques de nombres entre los 2 archivos del proyecto

Gate de Apps Script en verde.

npm notice run avancecorp-crm-tools@0.0.0 test:puente
npm notice run node --test scripts/puente-drive-origen.test.mjs
✔ mapeo landing: cada campo cae en su columna (0.866292ms)
✔ mapeo fb: la 2ª columna 'celular' queda sin asignar (por eso existe el rescate) (0.050541ms)
✔ sin fecha legible → ENTRA igual, marcado y con aviso en la Nota (0.893875ms)
✔ dos celulares distintos conservan principal y alternativo (0.136541ms)
✔ la segunda columna celular no mapeada también se conserva como alternativo (0.1145ms)
✔ la VÍSPERA del corte → descartada como backlog (no a REVISAR) (0.228ms)
✔ el DÍA del corte → entra (el corte es 'desde', no 'después de') (0.081083ms)
✔ el día DESPUÉS del corte → entra con su fecha, sin marca de sinFecha (0.07675ms)
✔ el caso existe: escrita al revés, la fecha es AMBIGUA y cruza el corte (0.077541ms)
✔ la fila escrita AL REVÉS (MM/DD) ya no muere en el corte: entra por posición (0.105084ms)
✔ la misma fila AL DERECHO (DD/MM) entra igual: el puente no elige formato (0.126417ms)
✔ lo que Sheets GUARDA manda sobre lo que dibuja: fecha nativa → sin ambigüedad (0.09325ms)
✔ la puerta de atrás sigue cerrada: una fila AMBIGUA que ya estaba es backlog (0.050167ms)
✔ una fila NUEVA con fecha vieja ENTRA: la posición no puede mentir, la fecha sí (0.115541ms)
✔ y esa misma fecha, en una fila que ya estaba, se sigue descartando en silencio (0.066ms)
✔ una fila rota no arrastra a la de al lado (el lote sigue) (0.1165ms)
✔ fechaDeCelda: un día > 12 desambigua solo, venga como venga (0.034542ms)
✔ fechaDeCelda: el mismo número dos veces no es ambiguo (0.023333ms)
✔ fechaDeCelda: la basura sigue sin ser un salvoconducto (0.021208ms)
✔ fechaDeCelda: una fecha nativa ilegible no tapa al texto (0.021083ms)
✔ rescate: celular trae un monto, el número real está en otra columna con 'p:' (0.966583ms)
✔ rescate: celular con 10 dígitos inválidos, número real en otra columna (0.085959ms)
✔ el rescate NO toma un número de la columna de monto ni una fecha (0.039584ms)
✔ sin ningún teléfono en toda la fila → REVISAR con motivo claro (0.033875ms)
✔ pide préstamo → REVISAR, con nombre y teléfono visibles para quien revisa (0.036167ms)
✔ variantes de préstamo/crédito que deben ir a REVISAR (0.037541ms)
✔ preguntas de ahorro NO se confunden con préstamo (0.026041ms)
✔ orden de REVISAR: lo accionable arriba, los duplicados al final (0.055417ms)
✔ filaLegible: cada dato con su encabezado, una línea por dato (0.023417ms)
✔ legible: limpia los guiones bajos de Facebook pero no rompe fechas ISO (0.021375ms)
✔ lead ANTIGUO sin fecha (por encima de la marca) → backlog, no entra (0.039333ms)
✔ lead NUEVO sin fecha (por debajo de la marca) → entra, como pidió Miguel (0.040333ms)
✔ la fila JUSTO en la marca es historia; la siguiente ya es nueva (0.036209ms)
✔ sin marca (0 o ausente) el guardia no actúa — no inventa una frontera (0.040125ms)
✔ pestaña sin inicializar → se detiene y lo dice (0.065375ms)
✔ el origen PERDIÓ filas → se detiene (los números de fila ya no significan lo mismo) (0.039875ms)
✔ cambiaron los encabezados → se detiene (el mapeo pudo moverse) (0.047792ms)
✔ las filas ancladas cambiaron → se detiene (se ordenó o se insertó en medio) (0.329209ms)
✔ todo en su sitio → sigue adelante (0.047625ms)
✔ la huella NUNCA empieza por dígito (si no, Sheets la lee como número y falla siempre) (0.075167ms)
✔ huella de encabezados: tolera espacios y mayúsculas, cambia con un renombre real (0.091292ms)
✔ ancla: mira SOLO el final, y distingue dónde cae el corte entre celdas (0.055042ms)
✔ una fecha IMPOSIBLE no es un salvoconducto (0.077167ms)
✔ esDescartePorDiseno: solo corte y backlog; lo accionable NO (0.030417ms)
✔ fusionar: lo nuevo pisa, lo que no se tocó sobrevive (0.053875ms)
✔ momentoDe: parte la hora de Lima y acierta el día de la semana (0.044417ms)
✔ momentoDe: una hora ilegible LANZA, no devuelve un día plausible (0.158583ms)
✔ dentroDeVentana: domingo NUNCA, y la ventana es de 7 a 22 h (0.057917ms)
✔ diasEntre: cuenta días de calendario y se niega con basura (0.0345ms)
✔ pre-chequeo: si nada cambió y hoy ya se leyó entero, NO se lee nada (0.065541ms)
✔ pre-chequeo: el origen CRECIÓ → hay que leer (0.02375ms)
✔ pre-chequeo: filas que DESAPARECEN no se ignoran, se van a mirar (0.021042ms)
✔ pre-chequeo: una pestaña SIN marca manda leer (para que la pasada la detenga) (0.020833ms)
✔ pre-chequeo: si el TOPE dejó trabajo a medias, se sigue aunque no crezca (0.021ms)
✔ pre-chequeo: el SUELO DIARIO obliga a una lectura completa al día (0.022958ms)
✔ pre-chequeo: sin diario de estado, se lee (equivocarse hacia MIRAR) (0.036875ms)
✔ el panel dice lo que hay que saber en cinco segundos (0.097417ms)
✔ los AVISOS van arriba del todo, con desde cuándo duran (0.045542ms)
✔ el panel canta lo APAGADO y lo que está sin frontera (0.05775ms)
✔ el panel avisa si hay MÁS de un disparador del puente (0.02425ms)
✔ la pestaña de leads se resuelve por NOMBRE, nunca por posición (0.168791ms)
✔ la capacidad de la hoja se calcula, no se fija en un número (0.04625ms)
✔ escribirLeads asegura capacidad ANTES de escribir (0.031916ms)
✔ preparar la hoja NO enciende nada (0.030959ms)
✔ el secreto se lee DENTRO de la función, no al cargar el proyecto (0.161458ms)
✔ los scripts NO piden permisos nuevos: nada de correo (0.06425ms)
✔ el origen del Drive sigue siendo SOLO LECTURA (0.285583ms)
✔ la regla del teléfono del puente es la MISMA que la del CRM (0.0725ms)
✔ un lead con SOLO un fijo ya no se pierde: entra con el fijo de principal (0.051292ms)
✔ un celular en la fila gana la identidad aunque el fijo venga primero (0.043584ms)
✔ lo ilegible viaja CRUDO en vez de morir en el origen (0.034625ms)
✔ un correo en la columna de WhatsApp NO se muestra como teléfono (0.027333ms)
✔ el crudo NO se pesca de columnas que no son de teléfono (0.028625ms)
✔ si hay un segundo número BUENO, no se guarda crudo (excluyentes) (0.026625ms)
✔ un lead extranjero entra y conserva sus dos números (0.027209ms)
✔ diagnóstico: dos celulares distintos → cuenta como el que YA llega (0.135ms)
✔ diagnóstico: WhatsApp que repite el celular NO se cuenta como pérdida (0.028875ms)
✔ diagnóstico: un FIJO como segundo número se cuenta como pérdida (0.034541ms)
✔ diagnóstico: un celular gana a un fijo cuando la fila trae los dos (0.033125ms)
✔ diagnóstico: un correo en la columna de teléfono no infla lo perdido (0.027625ms)
✔ diagnóstico: una fila sin ningún teléfono no cuenta como fila medida (0.030458ms)
✔ celdasTelefonicas encuentra la 2ª columna 'celular' que el mapeo no asigna (0.049375ms)
✔ el informe dice el TECHO REAL, que es lo que decide la Fase 2 (0.0625ms)
✔ retroceder recalcula el ancla EN LA FILA NUEVA (si no, la pestaña se detendría) (0.105708ms)
✔ retroceder NO adelanta: la frontera solo se mueve hacia atrás (0.060375ms)
✔ retroceder NO puede reprocesar el origen entero (0.066834ms)
✔ retroceder rechaza lo que no es una fila (0.120125ms)
ℹ tests 87
ℹ suites 0
ℹ pass 87
ℹ fail 0
ℹ cancelled 0
ℹ skipped 0
ℹ todo 0
ℹ duration_ms 59.265
npm notice run avancecorp-crm-tools@0.0.0 test:puente:e2e
npm notice run node --test scripts/puente-extremo-a-extremo.test.mjs
✔ inicializarMarcas importa CERO leads y deja la frontera donde toca (3.9625ms)
✔ inicializarMarcas NO mueve una frontera ya puesta (correrla dos veces es inocuo) (1.608667ms)
✔ una pestaña NUEVA se inicializa sin tocar las fronteras existentes (1.24975ms)
✔ sin marcas, el puente SE DETIENE y no escribe nada (0.33125ms)
✔ un lead NUEVO sin fecha entra entero: hoja, huella y marca (3.168459ms)
✔ el backlog sin fecha NO entra y tampoco ensucia REVISAR (1.703333ms)
✔ pestaña RENOMBRADA: la memoria va por sheetId, así que sigue funcionando (1.887417ms)
✔ pestaña NUEVA sin inicializar: se detiene ella, las demás siguen (1.695833ms)
✔ ENCABEZADOS cambiados: se detiene y su marca queda intacta (1.61475ms)
✔ el origen PIERDE filas: se detiene (1.681916ms)
✔ el origen se REORDENA: el ancla lo caza y se detiene (1.534458ms)
✔ dos corridas a la vez: la segunda se niega y NO escribe (0.119625ms)
✔ el candado se toma ANTES de escribir y se suelta siempre (1.681292ms)
✔ la vista previa NO escribe ni toma el candado de escritura (0.631209ms)
✔ si la escritura de leads falla, la MARCA NO AVANZA (se repite, no se pierde) (0.658209ms)
✔ si fallan las HUELLAS, la marca tampoco avanza (es lo último que se mueve) (1.0455ms)
✔ con el tope alcanzado, la marca avanza solo hasta lo mirado (123.994375ms)
✔ la hoja CRECE sola cuando los leads pasan de su última fila (7.316334ms)
✔ sin crecer, escribir fuera de la rejilla revienta (el simulador es fiel) (0.0735ms)
✔ prepararHoja deja la hoja lista y NO enciende nada (1.982334ms)
✔ activarConector enciende UNO solo y apagarConector lo quita (1.966541ms)
✔ activarConector se niega si falta el secreto (falla ahí, no en el primer ciclo) (1.945084ms)
✔ configurar() ya no existe: avisa en vez de importar por sorpresa (0.105583ms)
✔ importarLeads manda solo lo pendiente y escribe el estado que responde el edge (0.516709ms)
✔ cada corrida identifica IMPORTADO, DUPLICADO, RECHAZADO y ERROR temporal por fila (0.201209ms)
✔ una respuesta parcial del CRM deja cada fila ausente como ERROR temporal (0.172292ms)
✔ una categoría contradictoria o sin estado reconocible se reintenta, no se adivina (0.114666ms)
✔ un error HTTP del lote identifica TODAS las filas como temporales (0.086792ms)
✔ si UrlFetch falla antes de responder, ninguna fila queda en limbo (0.13075ms)
✔ importarLeads sin secreto falla con un mensaje que dice qué hacer (0.209333ms)
✔ fuera de la ventana (domingo) la corrida no toca NI UNA celda del origen (0.729625ms)
✔ de madrugada tampoco corre (0.482416ms)
✔ sin novedad en el origen: se decide sin descargar ni una celda (1.608666ms)
✔ el origen crece: la misma corrida SÍ paga la lectura y trae el lead (1.942834ms)
✔ el SUELO DIARIO: al día siguiente se lee entero aunque nada haya crecido (1.729916ms)
✔ una pestaña detenida queda anotada como aviso, con la fecha en que empezó (4.771917ms)
✔ el aviso SE APAGA solo cuando el problema se arregla (3.03525ms)
✔ al ABRIR la hoja, los avisos salen a la cara (el sustituto del correo) (1.764458ms)
✔ una pestaña detenida NO se re-descubre cada cuarto de hora (2.151417ms)
✔ recordar lo detenido no puede tapar el trabajo pendiente de una pestaña SANA (127.906084ms)
✔ sin marca de agua la corrida automática NO revienta: lo anota y sigue viva (0.279625ms)
✔ una pestaña VACÍA en el origen no obliga a leerlo entero cada cuarto de hora (1.580416ms)
✔ si la pasada falla, la corrida lo anota — y la marca NO avanza (2.005875ms)
✔ dos corridas solapadas NO son un error: ni aviso ni escándalo (0.584875ms)
✔ el ORIGEN SECO es un dato del panel, NO una avería que ponga el puente en rojo (1.981166ms)
✔ instalarHorario deja UN disparador de 15 min y se lleva los seis viejos (0.140791ms)
✔ el panel de estado se puede pedir en cualquier momento y solo LEE (1.331209ms)
✔ renombrar las columnas de TELÉFONO detiene la pestaña — no la salta en silencio (1.429917ms)
✔ una pestaña que NUNCA tuvo teléfonos se salta sin dar guerra (1.161708ms)
✔ si falla la escritura de REVISAR, la marca NO avanza (el lead no se evapora) (0.993916ms)
✔ si falla la escritura de la marca, las fronteras anteriores SIGUEN ahí (1.345167ms)
✔ un nombre que empieza por = llega como texto, no como fórmula (1.222209ms)
✔ la fecha de la frontera vuelve tal como se escribió, no como objeto de fecha (0.571084ms)
✔ el panel enseña la fecha de la frontera en castellano y en hora de Lima (0.656167ms)
✔ EL BLINDAJE: lo que se guarda en las marcas es TEXTO, no una fecha (0.617334ms)
✔ LA CURA: una marca vieja, ya guardada como fecha, se lee en hora de Lima (0.156542ms)
✔ una pestaña con identificador CERO no se toma por nueva (1.472917ms)
✔ la fecha de una frontera que NO se tocó no se rejuvenece (1.487625ms)
✔ onEdit CONSERVA el estado IMPORTADO al editar otra columna de la fila (0.16075ms)
✔ F2.b D-4: «YA ES CLIENTE» es una categoría propia (ya_cliente), no un error a reintentar (0.081084ms)
✔ F2.b D-4: el contador del panel cuenta «YA ES CLIENTE» aparte, no como «otros» (0.106834ms)
✔ F2.b D-4: el contador cuenta una fila SIN teléfono principal (solo alternativo) que ya es cliente (0.142917ms)
✔ onEdit CONSERVA «YA ES CLIENTE»: reenviar esa fila anotaría OTRO reingreso en la ficha (0.075291ms)
✔ onEdit SIGUE limpiando DUPLICADO/RECHAZADO/ERROR — esas sí hay que reintentarlas (0.0885ms)
✔ onEdit trata cada fila por su PROPIO estado, no por el de la primera (0.0705ms)
✔ onEdit sigue sin tocar nada si SOLO se edita la propia columna de estado (0.063417ms)
✔ el conector NO se lleva por delante la pestaña equivocada (1.507792ms)
✔ el origen empieza a escribir MM/DD a media mañana y los leads siguen entrando (1.67575ms)
✔ la fecha imposible levanta un aviso en el panel, y se apaga cuando deja de pasar (2.533125ms)
✔ rescatar filas ya miradas: la marca desanda y los leads vuelven a entrar (2.386458ms)
✔ el rescate se echa atrás si quien mira cancela (0.546333ms)
ℹ tests 71
ℹ suites 0
ℹ pass 71
ℹ fail 0
ℹ cancelled 0
ℹ skipped 0
ℹ todo 0
ℹ duration_ms 385.195791
npm notice run avancecorp-crm-tools@0.0.0 test:mutantes
npm notice run node scripts/mutantes-puente.mjs
Mutantes del puente: 46

✔ muere:     el pre-chequeo no ve que el origen CRECIÓ
✔ muere:     el pre-chequeo se traga que el origen PERDIÓ filas
✔ muere:     el pre-chequeo ignora una pestaña SIN marca
✔ muere:     no hay suelo diario (nunca se fuerza la lectura completa)
✔ muere:     el trabajo que dejó el tope a medias se olvida
✔ muere:     el pre-chequeo se calcula pero se ignora: siempre lectura completa
✔ muere:     el pre-chequeo mide con otra vara que la pasada completa (sin Math.max)
✔ muere:     no se recuerda lo ya detenido (96 lecturas al día por la misma avería)
✔ muere:     se recuerdan como detenidas TODAS las pestañas, no solo las averiadas
✔ muere:     la ventana horaria no filtra nada (corre 24/7, domingos incluidos)
✔ muere:     corre también de madrugada
✔ muere:     instalarHorario suma el nuevo disparador a los viejos
✔ muere:     la corrida automática vuelve a LANZAR (96 correos de Google al día)
✔ muere:     una corrida solapada se reporta como ERROR (alerta por lo que funciona)
✔ muere:     sin marcas, la corrida automática se lo calla (ni avisa ni anota)
✔ muere:     el diario da hoy por leído aunque la pasada no llegara a hacerse
✔ muere:     el aviso reescribe su fecha de inicio en cada corrida
✔ muere:     el aviso de pestaña detenida no se apaga al arreglarse
✔ muere:     el aviso de error no se apaga cuando la corrida vuelve a salir bien
✔ muere:     abrir la hoja no dice nada de los avisos pendientes
✔ muere:     el aviso salta al abrir la hoja aunque no haya nada que decir
✔ muere:     el panel afirma que el origen recibió HOY sin haberlo visto crecer nunca
✔ muere:     el chequeo de teléfono vuelve a ir ANTES de comprobar la pestaña
✔ muere:     REVISAR vuelve a escribirse DESPUÉS de mover la frontera
✔ muere:     guardar la frontera vuelve a ser borrar-y-luego-escribir
✔ muere:     la fecha de la celda se lee con String(Date) (zona del PROYECTO, en inglés)
✔ muere:     la rejilla de marcas deja de forzarse a TEXTO (Sheets vuelve a interpretar)
✔ muere:     todas las fronteras se sellan con la hora de hoy, tocadas o no
✔ muere:     el sheetId se lee como NÚMERO (la pestaña con id 0 desaparece)
✔ muere:     una fecha imposible (99/99/2026) vuelve a ser salvoconducto
✔ muere:     el corte vuelve a condenar una fecha AMBIGUA (el fallo del 2026-09-01)
✔ muere:     el texto de la celda vuelve a pisar a la fecha que Sheets GUARDA
✔ muere:     solo se prueba la lectura DD/MM (la otra mitad del formato desaparece)
✔ muere:     el corte vuelve a condenar una fila NUEVA por una fecha imposible
✔ muere:     la fecha falsa se cuela en el desglose por mes y en la huella
✔ muere:     el origen corrompe fechas y el panel se queda mudo
✔ muere:     el nombre del lead se escribe sin quitarle el = inicial (fórmula)
✔ muere:     el rescate NO recalcula el ancla (la pestaña se detendría en la siguiente pasada)
✔ muere:     el rescate acepta ADELANTAR la frontera (leads que desaparecen sin rastro)
✔ muere:     el rescate deja desandar el origen entero
✔ muere:     el rescate mueve la frontera aunque quien mira CANCELE
✔ muere:     la hoja no reconoce «YA ES CLIENTE» (lo reintentaría y anotaría reingresos repetidos)
✔ muere:     el panel cuenta «YA ES CLIENTE» como «otros» (invisible)
✔ muere:     el contador del panel vuelve a ignorar las filas sin teléfono principal
✔ muere:     onEdit limpia «YA ES CLIENTE» como si fuera un rechazo
✔ muere:     activarConector deja de exigir el secreto antes de encender

46/46 mutantes muertos.
npm notice run avancecorp-crm-tools@0.0.0 test:f5:preflight
npm notice run node --test supabase/scripts/f5/preflight-merge.test.mjs supabase/scripts/f5/documento.test.mjs
✔ G5 documento: JSON/UUID/campos/origen/tamaño inválidos no llegan a Auth ni Storage (42.106ms)
✔ G5 documento: bucket o ruta inseguros nunca usan la credencial de servicio (2.0515ms)
✔ G5 documento: integridad, archivo vacío y límite de streaming fallan sin devolver bytes (9.372708ms)
✔ G5 documento: sesión vigente y descriptor se revalidan; solo Storage usa service role (0.883958ms)
✔ G5 documento: Storage admite clave opaca y JWT sin elevar Auth ni las RPC (4.190917ms)
✔ G5 documento: cambio de descriptor con acceso válido descarta los bytes (0.667709ms)
✔ G5 documento: fallo Storage registra solo estado y bucket, sin ruta ni credenciales (1.1865ms)
✔ premerge: mismo historial, esquema, permisos y archivos pasa (6.877458ms)
✔ premerge: cambio de historial o función aunque conserve el recuento bloquea (1.21575ms)
✔ premerge: otro permiso, código Edge, JWT o entrada bloquea (1.07825ms)
✔ premerge: captura vieja, destino, commit o banderas distintos bloquean (0.519083ms)
✔ premerge: captura incompleta no se acepta por igualdad vacía (0.133084ms)
ℹ tests 12
ℹ suites 0
ℹ pass 12
ℹ fail 0
ℹ cancelled 0
ℹ skipped 0
ℹ todo 0
ℹ duration_ms 104.101958
npm notice run avancecorp-crm-tools@0.0.0 check:multiempresa:f7
npm notice run node --check supabase/scripts/multiempresa-f7/banco-local.mjs && node --check supabase/scripts/multiempresa-f7/metricas.test.mjs && node --check supabase/scripts/multiempresa-f7/http.test.mjs && node --check supabase/scripts/multiempresa-f7/contrato-cliente.mjs
npm notice run avancecorp-crm-tools@0.0.0 check:multiempresa:f8
npm notice run node --check supabase/scripts/multiempresa-f8/banco-local.mjs && node --check supabase/scripts/multiempresa-f8/piloto.test.mjs && node --check supabase/scripts/multiempresa-f8/demos.test.mjs && node --check supabase/scripts/multiempresa-f8/verificar-base-instalacion.mjs && node --check supabase/scripts/multiempresa-f8/verificar-base-instalacion.test.mjs && node --check supabase/scripts/multiempresa-f8/paridad-instalacion.test.mjs && npm run test:multiempresa:f8:base
npm notice run avancecorp-crm-tools@0.0.0 test:multiempresa:f8:base
npm notice run node --test supabase/scripts/multiempresa-f8/verificar-base-instalacion.test.mjs
✔ acepta la base observada y cambios normales de volumen; no autoriza merge (7.278291ms)
✔ rechaza captura vencida (0.438458ms)
✔ rechaza captura futura (0.114792ms)
✔ rechaza otro proyecto (0.259666ms)
✔ rechaza nueva brecha real (0.131459ms)
✔ rechaza marca NULL incluso con identidad coherente (0.104ms)
✔ rechaza falta universo real (0.092792ms)
✔ rechaza falta función (0.24675ms)
✔ rechaza firma duplicada (0.154709ms)
✔ rechaza cuerpo cambiado (0.137625ms)
✔ rechaza ACL sin comprobar (0.096083ms)
✔ rechaza dueño cambiado (0.084458ms)
✔ rechaza F7 encendida (0.167959ms)
✔ rechaza F6 encendida (0.108125ms)
✔ rechaza instalación parcial (0.098083ms)
✔ rechaza historial cambió (0.11425ms)
✔ rechaza otra función ajena cambió (0.09725ms)
✔ rechaza permisos por defecto distintos (0.180625ms)
✔ rechaza inventario incompleto (0.100833ms)
✔ rechaza protección demo ausente (0.092041ms)
✔ rechaza reutilizar como actual la misma base fresca (0.305625ms)
✔ paridad registra ambos proyectos y liga los archivos por SHA (0.244209ms)
✔ paridad rechaza ref ajeno, comparación consigo misma y captura de otra ventana (0.193125ms)
✔ paridad rechaza categorías ausentes y cambios de default ACL en la rama (0.232ms)
ℹ tests 24
ℹ suites 0
ℹ pass 24
ℹ fail 0
ℹ cancelled 0
ℹ skipped 0
ℹ todo 0
ℹ duration_ms 56.660208
