npm notice run app@0.0.0 build
npm notice run tsc -b && vite build
vite v8.1.4 building client environment for production...
[2Ktransforming...✓ 3138 modules transformed.
rendering chunks...
computing gzip size...
dist/version.json                                             0.05 kB │ gzip:   0.06 kB
dist/index.html                                               1.30 kB │ gzip:   0.51 kB
dist/assets/ibm-plex-sans-latin-400-normal-CYLoc0-x.woff     22.10 kB
dist/assets/ibm-plex-sans-latin-700-normal-Bth3BMcD.woff     22.28 kB
dist/assets/ibm-plex-sans-latin-400-normal-CDDApCn2.woff2    22.58 kB
dist/assets/ibm-plex-sans-latin-700-normal-Bxkt5Cjx.woff2    22.83 kB
dist/assets/ibm-plex-sans-latin-600-normal-Cu4Hd6ag.woff     23.87 kB
dist/assets/ibm-plex-sans-latin-500-normal-BgVn5rGT.woff     23.91 kB
dist/assets/ibm-plex-sans-latin-500-normal-6ng42L7E.woff2    24.18 kB
dist/assets/ibm-plex-sans-latin-600-normal-CuJfVYMP.woff2    24.25 kB
dist/.vite/license.md                                        87.03 kB
dist/assets/index-OiVwHecR.css                              135.68 kB │ gzip:  22.27 kB
dist/assets/rescate-carpeta-DTaMHuhn.js                       0.20 kB │ gzip:   0.17 kB
dist/assets/use-periodo-gerencia-BmxneP25.js                  0.28 kB │ gzip:   0.22 kB
dist/assets/clientes-vista-BT9wOPoj.js                        0.30 kB │ gzip:   0.21 kB
dist/assets/progress-CZBnoObr.js                              0.42 kB │ gzip:   0.30 kB
dist/assets/section-head-CVzwtvng.js                          0.43 kB │ gzip:   0.29 kB
dist/assets/gerencia-Bgx93NKV.js                              0.50 kB │ gzip:   0.23 kB
dist/assets/use-resumen-cartera-operativo-Dc4WT1WF.js         0.52 kB │ gzip:   0.36 kB
dist/assets/desglose-monedas-DZyb-7_X.js                      0.64 kB │ gzip:   0.41 kB
dist/assets/rolldown-runtime-QTnfLwEv.js                      0.69 kB │ gzip:   0.42 kB
dist/assets/tabla-CB4Slflr.js                                 0.70 kB │ gzip:   0.36 kB
dist/assets/card-Bxy2-VC7.js                                  0.73 kB │ gzip:   0.33 kB
dist/assets/seguimiento-jxnicfdS.js                           0.81 kB │ gzip:   0.45 kB
dist/assets/paginacion-Cy0GMF4R.js                            1.07 kB │ gzip:   0.54 kB
dist/assets/aviso-degradacion-DMHmnaT_.js                     1.19 kB │ gzip:   0.63 kB
dist/assets/use-metricas-vendedores-operativas-NJbBLwuY.js    1.56 kB │ gzip:   0.82 kB
dist/assets/configuracion-shell-okZpiY-R.js                   1.75 kB │ gzip:   0.82 kB
dist/assets/estado-panel-C-_eiZN4.js                          2.97 kB │ gzip:   0.97 kB
dist/assets/stat-strip-DOww6qK4.js                            3.03 kB │ gzip:   1.32 kB
dist/assets/use-periodo-derivaciones-BIrdEfl0.js              3.04 kB │ gzip:   1.18 kB
dist/assets/agenda-vistas-oApZi6Pe.js                         3.64 kB │ gzip:   1.64 kB
dist/assets/cartera-CUIlngTD.js                              10.08 kB │ gzip:   3.79 kB
dist/assets/config-DVy67qsA.js                               11.44 kB │ gzip:   4.01 kB
dist/assets/config-metas-CmbhvPeB.js                         12.59 kB │ gzip:   4.62 kB
dist/assets/derivaciones-vSpuBoBh.js                         13.06 kB │ gzip:   4.44 kB
dist/assets/cierres-externos-seccion-BQPKfJo5.js             14.81 kB │ gzip:   4.52 kB
dist/assets/pipeline-Dahk_mfz.js                             15.18 kB │ gzip:   5.47 kB
dist/assets/alertas-BHMEv9Ym.js                              15.25 kB │ gzip:   5.09 kB
dist/assets/config-sla-3ZOW4d3M.js                           17.13 kB │ gzip:   5.43 kB
dist/assets/plan-lead-4-RGyY_A.js                            20.88 kB │ gzip:   7.76 kB
dist/assets/echart-bar-BHPdSThz.js                           21.98 kB │ gzip:   8.34 kB
dist/assets/config-usuarios-D0ZXviAb.js                      23.83 kB │ gzip:   6.47 kB
dist/assets/equipo-UDeKCYm3.js                               26.15 kB │ gzip:   7.65 kB
dist/assets/utils-CBiQGPGn.js                                26.93 kB │ gzip:   8.59 kB
dist/assets/config-productos-BY1-gM4K.js                     27.07 kB │ gzip:   7.35 kB
dist/assets/agenda-CCs-oTDs.js                               30.53 kB │ gzip:   8.62 kB
dist/assets/rescate-descartados-DKUy_gP0.js                  30.81 kB │ gzip:   7.92 kB
dist/assets/ranking-vendedores-BOyPZ1BY.js                   31.09 kB │ gzip:   7.12 kB
dist/assets/lead-hover-card-TflbgZ_0.js                      33.79 kB │ gzip:  12.63 kB
dist/assets/echart-line-DA1Frt_d.js                          45.31 kB │ gzip:  16.14 kB
dist/assets/repartir-BrBtCZxV.js                             46.34 kB │ gzip:  11.96 kB
dist/assets/esm-BofDk75c.js                                  84.55 kB │ gzip:  28.62 kB
dist/assets/ui-vendor-Bz8RW2pg.js                            84.80 kB │ gzip:  19.07 kB
dist/assets/hoy-gVN0zxd6.js                                  88.42 kB │ gzip:  24.24 kB
dist/assets/mi-cartera-LtxSRgqv.js                          136.92 kB │ gzip:  34.65 kB
dist/assets/crm-api-CV7zvtOW.js                             161.66 kB │ gzip:  43.41 kB
dist/assets/gerencia-DYRk-EQC.js                            162.03 kB │ gzip:  38.91 kB
dist/assets/react-vendor-BXy-oECh.js                        190.81 kB │ gzip:  60.00 kB
dist/assets/data-vendor-CVus9pJE.js                         241.28 kB │ gzip:  62.74 kB
dist/assets/echart-BSYShQpb.js                              487.20 kB │ gzip: 165.23 kB
dist/assets/index-BrAT7Fkc.js                               559.56 kB │ gzip: 171.11 kB

[33m[INEFFECTIVE_DYNAMIC_IMPORT] [0msrc/lib/demo-config.ts is dynamically imported by src/data/crm-config-queries.ts but also statically imported by src/lib/demo-sla.ts, dynamic import will not move module into another chunk.

[plugin builtin:vite-reporter] 
(!) Some chunks are larger than 500 kB after minification. Consider:
- Using dynamic import() to code-split the application
- Use build.rolldownOptions.output.codeSplitting to improve chunking: https://rolldown.rs/reference/OutputOptions.codeSplitting
- Adjust chunk size limit for this warning via build.chunkSizeWarningLimit.
✓ built in 332ms
