test_activacion_no_crea_mora_retroactiva (__main__.Avisos) ... ok
test_ajuste_con_causa_preserva_limite_original (__main__.Avisos) ... ok
test_asignacion_anterior_o_ajena_no_genera_seguimiento (__main__.Avisos) ... ok
test_asignacion_incoherente_no_oculta_primera_atencion_del_ciclo (__main__.Avisos) ... ok
test_aviso_actividad_su_hora_aunque_cubra_seguimiento (__main__.Avisos) ... ok
test_aviso_datos_incompletos_no_declara_todo_al_dia (__main__.Avisos) ... ok
test_aviso_fin_de_cobertura_reactiva_seguimiento (__main__.Avisos) ... ok
test_aviso_legado_observacion_no_emiten_campana (__main__.Avisos) ... ok
test_aviso_no_anticipa_tarea_del_mismo_dia_ni_primera_atencion (__main__.Avisos) ... ok
test_aviso_resolucion_real_y_revision_independiente (__main__.Avisos) ... ok
test_aviso_resumen_cola_ficha_autorizados_y_roles (__main__.Avisos) ... ok
test_aviso_resumen_completo_mas_de_una_pagina (__main__.Avisos) ... ok
test_aviso_tarea_no_oculta_detras_de_primera_atencion_futura (__main__.Avisos) ... ok
test_cambio_politica_no_mueve_techo_de_episodio_ni_legado (__main__.Avisos) ... ok
test_censo_real_no_aumenta_y_detecta_contador_senuelo (__main__.Avisos) ... ok
test_cerradas_e_inactivas_no_cubren (__main__.Avisos) ... ok
test_cinco_tipos_de_gestion_validos (__main__.Avisos) ... ok
test_cobertura_vence_en_limite_sin_retroceder_plazo (__main__.Avisos) ... ok
test_cobertura_y_limite_nunca_superan_techo (__main__.Avisos) ... ok
test_cola_cursor_rechaza_otro_contexto_y_datos_invalidos (__main__.Avisos) ... ok
test_cola_filtros_intersectan_ambito_y_reparto (__main__.Avisos) ... ok
test_cola_paginada_recupera_mas_de_200_revisiones_solapadas (__main__.Avisos) ... ok
test_cola_totales_antes_del_limite_y_concordancia_estado (__main__.Avisos) ... ok
test_compromiso_vencido_no_se_salta_a_futuro (__main__.Avisos) ... ok
test_contexto_no_acepta_lead_ajeno_y_no_se_reescribe (__main__.Avisos) ... ok
test_desactivar_pausa_no_oculta_mora (__main__.Avisos) ... ok
test_empate_de_tareas_ordenado_por_id (__main__.Avisos) ... ok
test_etapa_incoherente_no_aplica_otro_presupuesto (__main__.Avisos) ... ok
test_gate_arquitectura_y_mutante_de_dependencia (__main__.Avisos) ... ok
test_gestion_ignora_notas_y_respeta_ciclo_y_tenencia (__main__.Avisos) ... ok
test_migracion_inicia_legado_sin_capturas (__main__.Avisos) ... ok
test_mutante_de_cobertura_rompe_estado_y_cola (__main__.Avisos) ... ok
test_mutante_inclusivo_rompe_frontera_de_cobertura (__main__.Avisos) ... ok
test_no_se_agregan_reglas_a_politica_con_historia (__main__.Avisos) ... ok
test_observacion_es_hipotetica_y_no_escribe (__main__.Avisos) ... ok
test_paridad_v1_por_rol_y_fotos (__main__.Avisos) ... ok
test_politica_parcial_no_se_completa_con_otra_version (__main__.Avisos) ... ok
test_primera_atencion_ignora_hitos_de_asignacion_incoherente (__main__.Avisos) ... ok
test_prioridad_hoy_usa_fecha_de_lima (__main__.Avisos) ... ok
test_prorroga_no_permite_doble_ganancia_inmediata (__main__.Avisos) ... ok
test_puertas_respetan_ambito_y_cero_ids (__main__.Avisos) ... ok
test_regla_prorroga_limites_ventana_y_ganancia_parcial (__main__.Avisos) ... ok
test_regla_prorroga_solo_conversacion_humana_mismo_episodio (__main__.Avisos) ... ok
test_reglas_inmutables_y_adopcion_fija_auditadas (__main__.Avisos) ... ok
test_reingreso_tres_es_por_etapa_y_ciclo (__main__.Avisos) ... ok
test_reversa_repetible_conserva_hechos_y_v1 (__main__.Avisos) ... ok
test_sin_asignacion_no_inventa_seguimiento (__main__.Avisos) ... ok
test_supervision_recibe_revision_y_analista_su_agenda (__main__.Avisos) ... ok
test_tarea_administrativa_no_concede_cobertura (__main__.Avisos) ... ok
test_tarea_ambigua_bloquea_todas_las_coberturas (__main__.Avisos) ... ok
test_tarea_de_ciclo_anterior_bloquea_cobertura (__main__.Avisos) ... ok
test_techo_agotado_pide_revision_aun_con_datos_incompletos (__main__.Avisos) ... ok
test_tenencia_de_tarea_incoherente_e_infinito (__main__.Avisos) ... ok
test_tercera_reprogramacion_no_cubre_y_pide_revision (__main__.Avisos) ... ok
test_terminal_veto_y_sin_foto_son_distintos (__main__.Avisos) ... ok
test_validacion_de_entradas_y_core_privado (__main__.Avisos) ... ok

----------------------------------------------------------------------
Ran 56 tests in 20.776s

OK
