psql:<stdin>:15: NOTICE:  PASS: flag apagado impide alta sin perder documento
psql:<stdin>:35: NOTICE:  PASS: alta para otro responsable denegada
psql:<stdin>:35: NOTICE:  PASS: etapa convertido rechazada
psql:<stdin>:35: NOTICE:  PASS: etapa descartado rechazada
psql:<stdin>:35: NOTICE:  PASS: etapa ganado rechazada
psql:<stdin>:38: NOTICE:  PASS: alta CE
psql:<stdin>:39: NOTICE:  PASS: CE conserva ceros
psql:<stdin>:40: NOTICE:  PASS: lectura del tipo CE
psql:<stdin>:41: NOTICE:  PASS: CE no contamina DNI legado
psql:<stdin>:44: NOTICE:  PASS: reintento CE idempotente
psql:<stdin>:50: NOTICE:  PASS: reintento con otro documento rechazado
psql:<stdin>:53: NOTICE:  PASS: conversión acepta el CE del alta
psql:<stdin>:56: NOTICE:  PASS: alta pasaporte
psql:<stdin>:57: NOTICE:  PASS: pasaporte en mayúscula
psql:<stdin>:60: NOTICE:  PASS: conversión acepta el pasaporte del alta
psql:<stdin>:64: NOTICE:  PASS: vendedor no cambia identidad reconocida
psql:<stdin>:71: NOTICE:  PASS: identificador obsoleto pide recargar con código reconocido por la UI
psql:<stdin>:77: NOTICE:  PASS: CE duplicado rechazado
psql:<stdin>:78: NOTICE:  PASS: rechazo no deja lead huérfano
psql:<stdin>:82: NOTICE:  PASS: validador no elimina caracteres inválidos
psql:<stdin>:84: NOTICE:  PASS: anon no lee documentos
psql:<stdin>:85: NOTICE:  PASS: anon no crea leads
psql:<stdin>:86: NOTICE:  PASS: helper privado cerrado
psql:<stdin>:97: NOTICE:  PASS: Administración corrige DNI reconocido a CE
psql:<stdin>:98: NOTICE:  PASS: corrección y ficha se guardan juntas
psql:<stdin>:100: NOTICE:  PASS: corrección no deja privilegios activos
psql:<stdin>:107: NOTICE:  PASS: fallo de ficha revierte corrección administrativa
psql:<stdin>:108: NOTICE:  PASS: corrección fallida conserva identidad previa
psql:<stdin>:113: NOTICE:  PASS: corrección registra motivo y actor una sola vez
psql:<stdin>:115: NOTICE:  PASS: corrección fallida no deja identificador
psql:<stdin>:120: NOTICE:  PASS: caso del incidente: después de corregir a CE la conversión continúa
psql:<stdin>:128: NOTICE:  PASS: edición inválida revierte también el documento
psql:<stdin>:129: NOTICE:  PASS: edición fallida conserva lead original
psql:<stdin>:131: NOTICE:  PASS: edición fallida no deja identidad huérfana
psql:<stdin>:136: NOTICE:  PASS: alta con teléfono ocupado rechazada
psql:<stdin>:138: NOTICE:  PASS: alta rechazada no deja identidad huérfana
psql:<stdin>:148: NOTICE:  PASS: lectura fuera de ámbito denegada
psql:<stdin>:152: NOTICE:  PASS: escritura fuera de ámbito denegada
psql:<stdin>:161: NOTICE:  PASS: no-contactar respetado
psql:<stdin>:165: NOTICE:  PASS: ruta DNI antigua tampoco cambia CE reconocido
psql:<stdin>:170: NOTICE:  PASS: uid nulo denegado
psql:<stdin>:180: NOTICE:  PASS: lectura recupera identidad por puente
psql:<stdin>:187: NOTICE:  PASS: puente requiere conciliación explícita y revierte corrección
psql:<stdin>:189: NOTICE:  PASS: rechazo del puente conserva documento original
psql:<stdin>:200: NOTICE:  PASS: índice único impide dos leads directos de una persona
psql:<stdin>:205: NOTICE:  PASS: vincular documento conserva auditoría por actor incluso con GUC privilegiada
psql:<stdin>:211: NOTICE:  PASS: CE vacío no borra DNI legado
psql:<stdin>:213: NOTICE:  PASS: rechazo de CE vacío conserva DNI anterior
psql:<stdin>:229: NOTICE:  PASS: varios documentos requieren conciliación explícita
psql:<stdin>:231: NOTICE:  PASS: rechazo de documento primario revierte operación completa
psql:<stdin>:239: NOTICE:  PASS: miembro inactivo no lee documentos
psql:<stdin>:243: NOTICE:  PASS: miembro inactivo no edita documentos
b0000000-0000-4000-8000-000000000002
b0000000-0000-4000-8000-000000000002













b0000000-0000-4000-8000-000000000002
{"estado": "creado", "lead_id": "d0000000-0000-4000-8000-000000000004"}
{"lead_id": "d0000000-0000-4000-8000-000000000004", "solicitud_id": null, "inversionista_id": "6df7a8d5-7ccc-4490-bd07-3d7f6f07794a"}
b0000000-0000-4000-8000-000000000003






b0000000-0000-4000-8000-000000000002

{"estado": "creado", "lead_id": "d0000000-0000-4000-8000-000000000005"}


b0000000-0000-4000-8000-000000000002


b0000000-0000-4000-8000-000000000001
{"estado": "creado", "lead_id": "d0000000-0000-4000-8000-000000000007"}
b0000000-0000-4000-8000-000000000002
b0000000-0000-4000-8000-000000000002
{"ok": true, "lead_id": "d0000000-0000-4000-8000-000000000005", "leads_afectados": 1, "inversionista_id": null}

on
off
b0000000-0000-4000-8000-000000000003


b0000000-0000-4000-8000-000000000002
{"estado": "creado", "lead_id": "d0000000-0000-4000-8000-000000000089"}
on
off

{"tipo": "DNI", "numero": "88009989", "lead_id": "d0000000-0000-4000-8000-000000000089", "puede_corregir": false, "identificador_id": null, "inversionista_id": null}

b0000000-0000-4000-8000-000000000003

b0000000-0000-4000-8000-000000000003
PASS: documentos del lead / banco local, datos revertidos
