Gate equivalente a npm run check. Lint y typecheck pasaron al inicio; cinco avisos de lint preexistentes. Se ejecutó test:coverage -- --maxWorkers=2 por ERANGE del worker anterior.

npm notice run app@0.0.0 test:coverage
npm notice run vitest run --coverage --maxWorkers=2

 RUN  v4.1.11 /private/tmp/avancecorp-release.hvdub4/repo/CRM-Avance-Corp/app
      Coverage enabled with v8

(node:42454) ExperimentalWarning: localStorage is not available because --localstorage-file was not provided.
(Use `node --trace-warnings ...` to show where the warning was created)
(node:42453) ExperimentalWarning: localStorage is not available because --localstorage-file was not provided.
(Use `node --trace-warnings ...` to show where the warning was created)
(node:42563) ExperimentalWarning: localStorage is not available because --localstorage-file was not provided.
(Use `node --trace-warnings ...` to show where the warning was created)
(node:42570) ExperimentalWarning: localStorage is not available because --localstorage-file was not provided.
(Use `node --trace-warnings ...` to show where the warning was created)
(node:42580) ExperimentalWarning: localStorage is not available because --localstorage-file was not provided.
(Use `node --trace-warnings ...` to show where the warning was created)
(node:42593) ExperimentalWarning: localStorage is not available because --localstorage-file was not provided.
(Use `node --trace-warnings ...` to show where the warning was created)
(node:42604) ExperimentalWarning: localStorage is not available because --localstorage-file was not provided.
(Use `node --trace-warnings ...` to show where the warning was created)
(node:42605) ExperimentalWarning: localStorage is not available because --localstorage-file was not provided.
(Use `node --trace-warnings ...` to show where the warning was created)
(node:42614) ExperimentalWarning: localStorage is not available because --localstorage-file was not provided.
(Use `node --trace-warnings ...` to show where the warning was created)
(node:42619) ExperimentalWarning: localStorage is not available because --localstorage-file was not provided.
(Use `node --trace-warnings ...` to show where the warning was created)
(node:42625) ExperimentalWarning: localStorage is not available because --localstorage-file was not provided.
(Use `node --trace-warnings ...` to show where the warning was created)
(node:42630) ExperimentalWarning: localStorage is not available because --localstorage-file was not provided.
(Use `node --trace-warnings ...` to show where the warning was created)
(node:42636) ExperimentalWarning: localStorage is not available because --localstorage-file was not provided.
(Use `node --trace-warnings ...` to show where the warning was created)
(node:42637) ExperimentalWarning: localStorage is not available because --localstorage-file was not provided.
(Use `node --trace-warnings ...` to show where the warning was created)
(node:42642) ExperimentalWarning: localStorage is not available because --localstorage-file was not provided.
(Use `node --trace-warnings ...` to show where the warning was created)
(node:42643) ExperimentalWarning: localStorage is not available because --localstorage-file was not provided.
(Use `node --trace-warnings ...` to show where the warning was created)
(node:42647) ExperimentalWarning: localStorage is not available because --localstorage-file was not provided.
(Use `node --trace-warnings ...` to show where the warning was created)
(node:42651) ExperimentalWarning: localStorage is not available because --localstorage-file was not provided.
(Use `node --trace-warnings ...` to show where the warning was created)
(node:42695) ExperimentalWarning: localStorage is not available because --localstorage-file was not provided.
(Use `node --trace-warnings ...` to show where the warning was created)
(node:42697) ExperimentalWarning: localStorage is not available because --localstorage-file was not provided.
(Use `node --trace-warnings ...` to show where the warning was created)
(node:42699) ExperimentalWarning: localStorage is not available because --localstorage-file was not provided.
(Use `node --trace-warnings ...` to show where the warning was created)
(node:42703) ExperimentalWarning: localStorage is not available because --localstorage-file was not provided.
(Use `node --trace-warnings ...` to show where the warning was created)
(node:42704) ExperimentalWarning: localStorage is not available because --localstorage-file was not provided.
(Use `node --trace-warnings ...` to show where the warning was created)
(node:42709) ExperimentalWarning: localStorage is not available because --localstorage-file was not provided.
(Use `node --trace-warnings ...` to show where the warning was created)
(node:42710) ExperimentalWarning: localStorage is not available because --localstorage-file was not provided.
(Use `node --trace-warnings ...` to show where the warning was created)
(node:42712) ExperimentalWarning: localStorage is not available because --localstorage-file was not provided.
(Use `node --trace-warnings ...` to show where the warning was created)
(node:42714) ExperimentalWarning: localStorage is not available because --localstorage-file was not provided.
(Use `node --trace-warnings ...` to show where the warning was created)
(node:42717) ExperimentalWarning: localStorage is not available because --localstorage-file was not provided.
(Use `node --trace-warnings ...` to show where the warning was created)
(node:42721) ExperimentalWarning: localStorage is not available because --localstorage-file was not provided.
(Use `node --trace-warnings ...` to show where the warning was created)
(node:42725) ExperimentalWarning: localStorage is not available because --localstorage-file was not provided.
(Use `node --trace-warnings ...` to show where the warning was created)
(node:42726) ExperimentalWarning: localStorage is not available because --localstorage-file was not provided.
(Use `node --trace-warnings ...` to show where the warning was created)
(node:42728) ExperimentalWarning: localStorage is not available because --localstorage-file was not provided.
(Use `node --trace-warnings ...` to show where the warning was created)
(node:42730) ExperimentalWarning: localStorage is not available because --localstorage-file was not provided.
(Use `node --trace-warnings ...` to show where the warning was created)
(node:42731) ExperimentalWarning: localStorage is not available because --localstorage-file was not provided.
(Use `node --trace-warnings ...` to show where the warning was created)
(node:42740) ExperimentalWarning: localStorage is not available because --localstorage-file was not provided.
(Use `node --trace-warnings ...` to show where the warning was created)
(node:42742) ExperimentalWarning: localStorage is not available because --localstorage-file was not provided.
(Use `node --trace-warnings ...` to show where the warning was created)
(node:42743) ExperimentalWarning: localStorage is not available because --localstorage-file was not provided.
(Use `node --trace-warnings ...` to show where the warning was created)
(node:42746) ExperimentalWarning: localStorage is not available because --localstorage-file was not provided.
(Use `node --trace-warnings ...` to show where the warning was created)
(node:42748) ExperimentalWarning: localStorage is not available because --localstorage-file was not provided.
(Use `node --trace-warnings ...` to show where the warning was created)
(node:42750) ExperimentalWarning: localStorage is not available because --localstorage-file was not provided.
(Use `node --trace-warnings ...` to show where the warning was created)
(node:42751) ExperimentalWarning: localStorage is not available because --localstorage-file was not provided.
(Use `node --trace-warnings ...` to show where the warning was created)
(node:42752) ExperimentalWarning: localStorage is not available because --localstorage-file was not provided.
(Use `node --trace-warnings ...` to show where the warning was created)
(node:42754) ExperimentalWarning: localStorage is not available because --localstorage-file was not provided.
(Use `node --trace-warnings ...` to show where the warning was created)
(node:42757) ExperimentalWarning: localStorage is not available because --localstorage-file was not provided.
(Use `node --trace-warnings ...` to show where the warning was created)
(node:42759) ExperimentalWarning: localStorage is not available because --localstorage-file was not provided.
(Use `node --trace-warnings ...` to show where the warning was created)
(node:42763) ExperimentalWarning: localStorage is not available because --localstorage-file was not provided.
(Use `node --trace-warnings ...` to show where the warning was created)
(node:42764) ExperimentalWarning: localStorage is not available because --localstorage-file was not provided.
(Use `node --trace-warnings ...` to show where the warning was created)
(node:42767) ExperimentalWarning: localStorage is not available because --localstorage-file was not provided.
(Use `node --trace-warnings ...` to show where the warning was created)
(node:42768) ExperimentalWarning: localStorage is not available because --localstorage-file was not provided.
(Use `node --trace-warnings ...` to show where the warning was created)
(node:42771) ExperimentalWarning: localStorage is not available because --localstorage-file was not provided.
(Use `node --trace-warnings ...` to show where the warning was created)
(node:42772) ExperimentalWarning: localStorage is not available because --localstorage-file was not provided.
(Use `node --trace-warnings ...` to show where the warning was created)
(node:42778) ExperimentalWarning: localStorage is not available because --localstorage-file was not provided.
(Use `node --trace-warnings ...` to show where the warning was created)
(node:42780) ExperimentalWarning: localStorage is not available because --localstorage-file was not provided.
(Use `node --trace-warnings ...` to show where the warning was created)
(node:42784) ExperimentalWarning: localStorage is not available because --localstorage-file was not provided.
(Use `node --trace-warnings ...` to show where the warning was created)
(node:42785) ExperimentalWarning: localStorage is not available because --localstorage-file was not provided.
(Use `node --trace-warnings ...` to show where the warning was created)
(node:42786) ExperimentalWarning: localStorage is not available because --localstorage-file was not provided.
(Use `node --trace-warnings ...` to show where the warning was created)
(node:42788) ExperimentalWarning: localStorage is not available because --localstorage-file was not provided.
(Use `node --trace-warnings ...` to show where the warning was created)
(node:42791) ExperimentalWarning: localStorage is not available because --localstorage-file was not provided.
(Use `node --trace-warnings ...` to show where the warning was created)
(node:42793) ExperimentalWarning: localStorage is not available because --localstorage-file was not provided.
(Use `node --trace-warnings ...` to show where the warning was created)
(node:42794) ExperimentalWarning: localStorage is not available because --localstorage-file was not provided.
(Use `node --trace-warnings ...` to show where the warning was created)
(node:42795) ExperimentalWarning: localStorage is not available because --localstorage-file was not provided.
(Use `node --trace-warnings ...` to show where the warning was created)
(node:42796) ExperimentalWarning: localStorage is not available because --localstorage-file was not provided.
(Use `node --trace-warnings ...` to show where the warning was created)
(node:42799) ExperimentalWarning: localStorage is not available because --localstorage-file was not provided.
(Use `node --trace-warnings ...` to show where the warning was created)
(node:42800) ExperimentalWarning: localStorage is not available because --localstorage-file was not provided.
(Use `node --trace-warnings ...` to show where the warning was created)
(node:42803) ExperimentalWarning: localStorage is not available because --localstorage-file was not provided.
(Use `node --trace-warnings ...` to show where the warning was created)
(node:42806) ExperimentalWarning: localStorage is not available because --localstorage-file was not provided.
(Use `node --trace-warnings ...` to show where the warning was created)
(node:42807) ExperimentalWarning: localStorage is not available because --localstorage-file was not provided.
(Use `node --trace-warnings ...` to show where the warning was created)
(node:42810) ExperimentalWarning: localStorage is not available because --localstorage-file was not provided.
(Use `node --trace-warnings ...` to show where the warning was created)
(node:42811) ExperimentalWarning: localStorage is not available because --localstorage-file was not provided.
(Use `node --trace-warnings ...` to show where the warning was created)
(node:42814) ExperimentalWarning: localStorage is not available because --localstorage-file was not provided.
(Use `node --trace-warnings ...` to show where the warning was created)
(node:42815) ExperimentalWarning: localStorage is not available because --localstorage-file was not provided.
(Use `node --trace-warnings ...` to show where the warning was created)
(node:42822) ExperimentalWarning: localStorage is not available because --localstorage-file was not provided.
(Use `node --trace-warnings ...` to show where the warning was created)
(node:42824) ExperimentalWarning: localStorage is not available because --localstorage-file was not provided.
(Use `node --trace-warnings ...` to show where the warning was created)
(node:42827) ExperimentalWarning: localStorage is not available because --localstorage-file was not provided.
(Use `node --trace-warnings ...` to show where the warning was created)
(node:42826) ExperimentalWarning: localStorage is not available because --localstorage-file was not provided.
(Use `node --trace-warnings ...` to show where the warning was created)
(node:42828) ExperimentalWarning: localStorage is not available because --localstorage-file was not provided.
(Use `node --trace-warnings ...` to show where the warning was created)
(node:42829) ExperimentalWarning: localStorage is not available because --localstorage-file was not provided.
(Use `node --trace-warnings ...` to show where the warning was created)
(node:42833) ExperimentalWarning: localStorage is not available because --localstorage-file was not provided.
(Use `node --trace-warnings ...` to show where the warning was created)
(node:42834) ExperimentalWarning: localStorage is not available because --localstorage-file was not provided.
(Use `node --trace-warnings ...` to show where the warning was created)
(node:42835) ExperimentalWarning: localStorage is not available because --localstorage-file was not provided.
(Use `node --trace-warnings ...` to show where the warning was created)
(node:42837) ExperimentalWarning: localStorage is not available because --localstorage-file was not provided.
(Use `node --trace-warnings ...` to show where the warning was created)
(node:42838) ExperimentalWarning: localStorage is not available because --localstorage-file was not provided.
(Use `node --trace-warnings ...` to show where the warning was created)
(node:42839) ExperimentalWarning: localStorage is not available because --localstorage-file was not provided.
(Use `node --trace-warnings ...` to show where the warning was created)
(node:42843) ExperimentalWarning: localStorage is not available because --localstorage-file was not provided.
(Use `node --trace-warnings ...` to show where the warning was created)
(node:42844) ExperimentalWarning: localStorage is not available because --localstorage-file was not provided.
(Use `node --trace-warnings ...` to show where the warning was created)
(node:42845) ExperimentalWarning: localStorage is not available because --localstorage-file was not provided.
(Use `node --trace-warnings ...` to show where the warning was created)
(node:42847) ExperimentalWarning: localStorage is not available because --localstorage-file was not provided.
(Use `node --trace-warnings ...` to show where the warning was created)
(node:42848) ExperimentalWarning: localStorage is not available because --localstorage-file was not provided.
(Use `node --trace-warnings ...` to show where the warning was created)
(node:42849) ExperimentalWarning: localStorage is not available because --localstorage-file was not provided.
(Use `node --trace-warnings ...` to show where the warning was created)
(node:42850) ExperimentalWarning: localStorage is not available because --localstorage-file was not provided.
(Use `node --trace-warnings ...` to show where the warning was created)
(node:42852) ExperimentalWarning: localStorage is not available because --localstorage-file was not provided.
(Use `node --trace-warnings ...` to show where the warning was created)
(node:42853) ExperimentalWarning: localStorage is not available because --localstorage-file was not provided.
(Use `node --trace-warnings ...` to show where the warning was created)
(node:42856) ExperimentalWarning: localStorage is not available because --localstorage-file was not provided.
(Use `node --trace-warnings ...` to show where the warning was created)
(node:42858) ExperimentalWarning: localStorage is not available because --localstorage-file was not provided.
(Use `node --trace-warnings ...` to show where the warning was created)
(node:42859) ExperimentalWarning: localStorage is not available because --localstorage-file was not provided.
(Use `node --trace-warnings ...` to show where the warning was created)
(node:42862) ExperimentalWarning: localStorage is not available because --localstorage-file was not provided.
(Use `node --trace-warnings ...` to show where the warning was created)
(node:42863) ExperimentalWarning: localStorage is not available because --localstorage-file was not provided.
(Use `node --trace-warnings ...` to show where the warning was created)
(node:42865) ExperimentalWarning: localStorage is not available because --localstorage-file was not provided.
(Use `node --trace-warnings ...` to show where the warning was created)
(node:42866) ExperimentalWarning: localStorage is not available because --localstorage-file was not provided.
(Use `node --trace-warnings ...` to show where the warning was created)
(node:42869) ExperimentalWarning: localStorage is not available because --localstorage-file was not provided.
(Use `node --trace-warnings ...` to show where the warning was created)
(node:42870) ExperimentalWarning: localStorage is not available because --localstorage-file was not provided.
(Use `node --trace-warnings ...` to show where the warning was created)
(node:42871) ExperimentalWarning: localStorage is not available because --localstorage-file was not provided.
(Use `node --trace-warnings ...` to show where the warning was created)
(node:42873) ExperimentalWarning: localStorage is not available because --localstorage-file was not provided.
(Use `node --trace-warnings ...` to show where the warning was created)
(node:42874) ExperimentalWarning: localStorage is not available because --localstorage-file was not provided.
(Use `node --trace-warnings ...` to show where the warning was created)
(node:42876) ExperimentalWarning: localStorage is not available because --localstorage-file was not provided.
(Use `node --trace-warnings ...` to show where the warning was created)
(node:42877) ExperimentalWarning: localStorage is not available because --localstorage-file was not provided.
(Use `node --trace-warnings ...` to show where the warning was created)
(node:42878) ExperimentalWarning: localStorage is not available because --localstorage-file was not provided.
(Use `node --trace-warnings ...` to show where the warning was created)
(node:42879) ExperimentalWarning: localStorage is not available because --localstorage-file was not provided.
(Use `node --trace-warnings ...` to show where the warning was created)
(node:42880) ExperimentalWarning: localStorage is not available because --localstorage-file was not provided.
(Use `node --trace-warnings ...` to show where the warning was created)
(node:42881) ExperimentalWarning: localStorage is not available because --localstorage-file was not provided.
(Use `node --trace-warnings ...` to show where the warning was created)
(node:42884) ExperimentalWarning: localStorage is not available because --localstorage-file was not provided.
(Use `node --trace-warnings ...` to show where the warning was created)
(node:42886) ExperimentalWarning: localStorage is not available because --localstorage-file was not provided.
(Use `node --trace-warnings ...` to show where the warning was created)
(node:42888) ExperimentalWarning: localStorage is not available because --localstorage-file was not provided.
(Use `node --trace-warnings ...` to show where the warning was created)
(node:42889) ExperimentalWarning: localStorage is not available because --localstorage-file was not provided.
(Use `node --trace-warnings ...` to show where the warning was created)
(node:42890) ExperimentalWarning: localStorage is not available because --localstorage-file was not provided.
(Use `node --trace-warnings ...` to show where the warning was created)
(node:42891) ExperimentalWarning: localStorage is not available because --localstorage-file was not provided.
(Use `node --trace-warnings ...` to show where the warning was created)
(node:42892) ExperimentalWarning: localStorage is not available because --localstorage-file was not provided.
(Use `node --trace-warnings ...` to show where the warning was created)
(node:42893) ExperimentalWarning: localStorage is not available because --localstorage-file was not provided.
(Use `node --trace-warnings ...` to show where the warning was created)
(node:42896) ExperimentalWarning: localStorage is not available because --localstorage-file was not provided.
(Use `node --trace-warnings ...` to show where the warning was created)
(node:42900) ExperimentalWarning: localStorage is not available because --localstorage-file was not provided.
(Use `node --trace-warnings ...` to show where the warning was created)
(node:42898) ExperimentalWarning: localStorage is not available because --localstorage-file was not provided.
(Use `node --trace-warnings ...` to show where the warning was created)
(node:42901) ExperimentalWarning: localStorage is not available because --localstorage-file was not provided.
(Use `node --trace-warnings ...` to show where the warning was created)
(node:42902) ExperimentalWarning: localStorage is not available because --localstorage-file was not provided.
(Use `node --trace-warnings ...` to show where the warning was created)
(node:42903) ExperimentalWarning: localStorage is not available because --localstorage-file was not provided.
(Use `node --trace-warnings ...` to show where the warning was created)
(node:42905) ExperimentalWarning: localStorage is not available because --localstorage-file was not provided.
(Use `node --trace-warnings ...` to show where the warning was created)
(node:42904) ExperimentalWarning: localStorage is not available because --localstorage-file was not provided.
(Use `node --trace-warnings ...` to show where the warning was created)
(node:42906) ExperimentalWarning: localStorage is not available because --localstorage-file was not provided.
(Use `node --trace-warnings ...` to show where the warning was created)
(node:42908) ExperimentalWarning: localStorage is not available because --localstorage-file was not provided.
(Use `node --trace-warnings ...` to show where the warning was created)
(node:42907) ExperimentalWarning: localStorage is not available because --localstorage-file was not provided.
(Use `node --trace-warnings ...` to show where the warning was created)
(node:42909) ExperimentalWarning: localStorage is not available because --localstorage-file was not provided.
(Use `node --trace-warnings ...` to show where the warning was created)
(node:42910) ExperimentalWarning: localStorage is not available because --localstorage-file was not provided.
(Use `node --trace-warnings ...` to show where the warning was created)
(node:42912) ExperimentalWarning: localStorage is not available because --localstorage-file was not provided.
(Use `node --trace-warnings ...` to show where the warning was created)
(node:42913) ExperimentalWarning: localStorage is not available because --localstorage-file was not provided.
(Use `node --trace-warnings ...` to show where the warning was created)
(node:42916) ExperimentalWarning: localStorage is not available because --localstorage-file was not provided.
(Use `node --trace-warnings ...` to show where the warning was created)
(node:42915) ExperimentalWarning: localStorage is not available because --localstorage-file was not provided.
(Use `node --trace-warnings ...` to show where the warning was created)
(node:42917) ExperimentalWarning: localStorage is not available because --localstorage-file was not provided.
(Use `node --trace-warnings ...` to show where the warning was created)
(node:42918) ExperimentalWarning: localStorage is not available because --localstorage-file was not provided.
(Use `node --trace-warnings ...` to show where the warning was created)
(node:42922) ExperimentalWarning: localStorage is not available because --localstorage-file was not provided.
(Use `node --trace-warnings ...` to show where the warning was created)
(node:42919) ExperimentalWarning: localStorage is not available because --localstorage-file was not provided.
(Use `node --trace-warnings ...` to show where the warning was created)
(node:42924) ExperimentalWarning: localStorage is not available because --localstorage-file was not provided.
(Use `node --trace-warnings ...` to show where the warning was created)
(node:42925) ExperimentalWarning: localStorage is not available because --localstorage-file was not provided.
(Use `node --trace-warnings ...` to show where the warning was created)
(node:42929) ExperimentalWarning: localStorage is not available because --localstorage-file was not provided.
(Use `node --trace-warnings ...` to show where the warning was created)
(node:42928) ExperimentalWarning: localStorage is not available because --localstorage-file was not provided.
(Use `node --trace-warnings ...` to show where the warning was created)
(node:42931) ExperimentalWarning: localStorage is not available because --localstorage-file was not provided.
(Use `node --trace-warnings ...` to show where the warning was created)
(node:42930) ExperimentalWarning: localStorage is not available because --localstorage-file was not provided.
(Use `node --trace-warnings ...` to show where the warning was created)
(node:42933) ExperimentalWarning: localStorage is not available because --localstorage-file was not provided.
(Use `node --trace-warnings ...` to show where the warning was created)
(node:42934) ExperimentalWarning: localStorage is not available because --localstorage-file was not provided.
(Use `node --trace-warnings ...` to show where the warning was created)
(node:42935) ExperimentalWarning: localStorage is not available because --localstorage-file was not provided.
(Use `node --trace-warnings ...` to show where the warning was created)
(node:42937) ExperimentalWarning: localStorage is not available because --localstorage-file was not provided.
(Use `node --trace-warnings ...` to show where the warning was created)
(node:42940) ExperimentalWarning: localStorage is not available because --localstorage-file was not provided.
(Use `node --trace-warnings ...` to show where the warning was created)
(node:42941) ExperimentalWarning: localStorage is not available because --localstorage-file was not provided.
(Use `node --trace-warnings ...` to show where the warning was created)
(node:42942) ExperimentalWarning: localStorage is not available because --localstorage-file was not provided.
(Use `node --trace-warnings ...` to show where the warning was created)
(node:42943) ExperimentalWarning: localStorage is not available because --localstorage-file was not provided.
(Use `node --trace-warnings ...` to show where the warning was created)
(node:42944) ExperimentalWarning: localStorage is not available because --localstorage-file was not provided.
(Use `node --trace-warnings ...` to show where the warning was created)
(node:42945) ExperimentalWarning: localStorage is not available because --localstorage-file was not provided.
(Use `node --trace-warnings ...` to show where the warning was created)
(node:42946) ExperimentalWarning: localStorage is not available because --localstorage-file was not provided.
(Use `node --trace-warnings ...` to show where the warning was created)
(node:42947) ExperimentalWarning: localStorage is not available because --localstorage-file was not provided.
(Use `node --trace-warnings ...` to show where the warning was created)
(node:42948) ExperimentalWarning: localStorage is not available because --localstorage-file was not provided.
(Use `node --trace-warnings ...` to show where the warning was created)
(node:42949) ExperimentalWarning: localStorage is not available because --localstorage-file was not provided.
(Use `node --trace-warnings ...` to show where the warning was created)
(node:42952) ExperimentalWarning: localStorage is not available because --localstorage-file was not provided.
(Use `node --trace-warnings ...` to show where the warning was created)
(node:42953) ExperimentalWarning: localStorage is not available because --localstorage-file was not provided.
(Use `node --trace-warnings ...` to show where the warning was created)
(node:42955) ExperimentalWarning: localStorage is not available because --localstorage-file was not provided.
(Use `node --trace-warnings ...` to show where the warning was created)
(node:42954) ExperimentalWarning: localStorage is not available because --localstorage-file was not provided.
(Use `node --trace-warnings ...` to show where the warning was created)
(node:42956) ExperimentalWarning: localStorage is not available because --localstorage-file was not provided.
(Use `node --trace-warnings ...` to show where the warning was created)
(node:42957) ExperimentalWarning: localStorage is not available because --localstorage-file was not provided.
(Use `node --trace-warnings ...` to show where the warning was created)
(node:42958) ExperimentalWarning: localStorage is not available because --localstorage-file was not provided.
(Use `node --trace-warnings ...` to show where the warning was created)
(node:42959) ExperimentalWarning: localStorage is not available because --localstorage-file was not provided.
(Use `node --trace-warnings ...` to show where the warning was created)
(node:42962) ExperimentalWarning: localStorage is not available because --localstorage-file was not provided.
(Use `node --trace-warnings ...` to show where the warning was created)
(node:42963) ExperimentalWarning: localStorage is not available because --localstorage-file was not provided.
(Use `node --trace-warnings ...` to show where the warning was created)
(node:42965) ExperimentalWarning: localStorage is not available because --localstorage-file was not provided.
(Use `node --trace-warnings ...` to show where the warning was created)
(node:42966) ExperimentalWarning: localStorage is not available because --localstorage-file was not provided.
(Use `node --trace-warnings ...` to show where the warning was created)
(node:42967) ExperimentalWarning: localStorage is not available because --localstorage-file was not provided.
(Use `node --trace-warnings ...` to show where the warning was created)
(node:42969) ExperimentalWarning: localStorage is not available because --localstorage-file was not provided.
(Use `node --trace-warnings ...` to show where the warning was created)
(node:42970) ExperimentalWarning: localStorage is not available because --localstorage-file was not provided.
(Use `node --trace-warnings ...` to show where the warning was created)
(node:42971) ExperimentalWarning: localStorage is not available because --localstorage-file was not provided.
(Use `node --trace-warnings ...` to show where the warning was created)
(node:42972) ExperimentalWarning: localStorage is not available because --localstorage-file was not provided.
(Use `node --trace-warnings ...` to show where the warning was created)
(node:42973) ExperimentalWarning: localStorage is not available because --localstorage-file was not provided.
(Use `node --trace-warnings ...` to show where the warning was created)
(node:42976) ExperimentalWarning: localStorage is not available because --localstorage-file was not provided.
(Use `node --trace-warnings ...` to show where the warning was created)
(node:42977) ExperimentalWarning: localStorage is not available because --localstorage-file was not provided.
(Use `node --trace-warnings ...` to show where the warning was created)
(node:42978) ExperimentalWarning: localStorage is not available because --localstorage-file was not provided.
(Use `node --trace-warnings ...` to show where the warning was created)
(node:42979) ExperimentalWarning: localStorage is not available because --localstorage-file was not provided.
(Use `node --trace-warnings ...` to show where the warning was created)
(node:42981) ExperimentalWarning: localStorage is not available because --localstorage-file was not provided.
(Use `node --trace-warnings ...` to show where the warning was created)
(node:42982) ExperimentalWarning: localStorage is not available because --localstorage-file was not provided.
(Use `node --trace-warnings ...` to show where the warning was created)
(node:42984) ExperimentalWarning: localStorage is not available because --localstorage-file was not provided.
(Use `node --trace-warnings ...` to show where the warning was created)
(node:42985) ExperimentalWarning: localStorage is not available because --localstorage-file was not provided.
(Use `node --trace-warnings ...` to show where the warning was created)
(node:42986) ExperimentalWarning: localStorage is not available because --localstorage-file was not provided.
(Use `node --trace-warnings ...` to show where the warning was created)
(node:42987) ExperimentalWarning: localStorage is not available because --localstorage-file was not provided.
(Use `node --trace-warnings ...` to show where the warning was created)
(node:42988) ExperimentalWarning: localStorage is not available because --localstorage-file was not provided.
(Use `node --trace-warnings ...` to show where the warning was created)
(node:42989) ExperimentalWarning: localStorage is not available because --localstorage-file was not provided.
(Use `node --trace-warnings ...` to show where the warning was created)
(node:42990) ExperimentalWarning: localStorage is not available because --localstorage-file was not provided.
(Use `node --trace-warnings ...` to show where the warning was created)
(node:42991) ExperimentalWarning: localStorage is not available because --localstorage-file was not provided.
(Use `node --trace-warnings ...` to show where the warning was created)
(node:42993) ExperimentalWarning: localStorage is not available because --localstorage-file was not provided.
(Use `node --trace-warnings ...` to show where the warning was created)
(node:42994) ExperimentalWarning: localStorage is not available because --localstorage-file was not provided.
(Use `node --trace-warnings ...` to show where the warning was created)
(node:42995) ExperimentalWarning: localStorage is not available because --localstorage-file was not provided.
(Use `node --trace-warnings ...` to show where the warning was created)
(node:42998) ExperimentalWarning: localStorage is not available because --localstorage-file was not provided.
(Use `node --trace-warnings ...` to show where the warning was created)
(node:42999) ExperimentalWarning: localStorage is not available because --localstorage-file was not provided.
(Use `node --trace-warnings ...` to show where the warning was created)
(node:43000) ExperimentalWarning: localStorage is not available because --localstorage-file was not provided.
(Use `node --trace-warnings ...` to show where the warning was created)
(node:43001) ExperimentalWarning: localStorage is not available because --localstorage-file was not provided.
(Use `node --trace-warnings ...` to show where the warning was created)
(node:43004) ExperimentalWarning: localStorage is not available because --localstorage-file was not provided.
(Use `node --trace-warnings ...` to show where the warning was created)
(node:43006) ExperimentalWarning: localStorage is not available because --localstorage-file was not provided.
(Use `node --trace-warnings ...` to show where the warning was created)
(node:43007) ExperimentalWarning: localStorage is not available because --localstorage-file was not provided.
(Use `node --trace-warnings ...` to show where the warning was created)
(node:43008) ExperimentalWarning: localStorage is not available because --localstorage-file was not provided.
(Use `node --trace-warnings ...` to show where the warning was created)
(node:43009) ExperimentalWarning: localStorage is not available because --localstorage-file was not provided.
(Use `node --trace-warnings ...` to show where the warning was created)
(node:43011) ExperimentalWarning: localStorage is not available because --localstorage-file was not provided.
(Use `node --trace-warnings ...` to show where the warning was created)
(node:43012) ExperimentalWarning: localStorage is not available because --localstorage-file was not provided.
(Use `node --trace-warnings ...` to show where the warning was created)
(node:43018) ExperimentalWarning: localStorage is not available because --localstorage-file was not provided.
(Use `node --trace-warnings ...` to show where the warning was created)
(node:43019) ExperimentalWarning: localStorage is not available because --localstorage-file was not provided.
(Use `node --trace-warnings ...` to show where the warning was created)
(node:43020) ExperimentalWarning: localStorage is not available because --localstorage-file was not provided.
(Use `node --trace-warnings ...` to show where the warning was created)
(node:43024) ExperimentalWarning: localStorage is not available because --localstorage-file was not provided.
(Use `node --trace-warnings ...` to show where the warning was created)
(node:43029) ExperimentalWarning: localStorage is not available because --localstorage-file was not provided.
(Use `node --trace-warnings ...` to show where the warning was created)
(node:43030) ExperimentalWarning: localStorage is not available because --localstorage-file was not provided.
(Use `node --trace-warnings ...` to show where the warning was created)
(node:43034) ExperimentalWarning: localStorage is not available because --localstorage-file was not provided.
(Use `node --trace-warnings ...` to show where the warning was created)
(node:43035) ExperimentalWarning: localStorage is not available because --localstorage-file was not provided.
(Use `node --trace-warnings ...` to show where the warning was created)
(node:43039) ExperimentalWarning: localStorage is not available because --localstorage-file was not provided.
(Use `node --trace-warnings ...` to show where the warning was created)
(node:43040) ExperimentalWarning: localStorage is not available because --localstorage-file was not provided.
(Use `node --trace-warnings ...` to show where the warning was created)
(node:43042) ExperimentalWarning: localStorage is not available because --localstorage-file was not provided.
(Use `node --trace-warnings ...` to show where the warning was created)
(node:43044) ExperimentalWarning: localStorage is not available because --localstorage-file was not provided.
(Use `node --trace-warnings ...` to show where the warning was created)
(node:43052) ExperimentalWarning: localStorage is not available because --localstorage-file was not provided.
(Use `node --trace-warnings ...` to show where the warning was created)
(node:43054) ExperimentalWarning: localStorage is not available because --localstorage-file was not provided.
(Use `node --trace-warnings ...` to show where the warning was created)
(node:43055) ExperimentalWarning: localStorage is not available because --localstorage-file was not provided.
(Use `node --trace-warnings ...` to show where the warning was created)
(node:43056) ExperimentalWarning: localStorage is not available because --localstorage-file was not provided.
(Use `node --trace-warnings ...` to show where the warning was created)
(node:43059) ExperimentalWarning: localStorage is not available because --localstorage-file was not provided.
(Use `node --trace-warnings ...` to show where the warning was created)
(node:43060) ExperimentalWarning: localStorage is not available because --localstorage-file was not provided.
(Use `node --trace-warnings ...` to show where the warning was created)
(node:43066) ExperimentalWarning: localStorage is not available because --localstorage-file was not provided.
(Use `node --trace-warnings ...` to show where the warning was created)
(node:43068) ExperimentalWarning: localStorage is not available because --localstorage-file was not provided.
(Use `node --trace-warnings ...` to show where the warning was created)
(node:43069) ExperimentalWarning: localStorage is not available because --localstorage-file was not provided.
(Use `node --trace-warnings ...` to show where the warning was created)
(node:43070) ExperimentalWarning: localStorage is not available because --localstorage-file was not provided.
(Use `node --trace-warnings ...` to show where the warning was created)
(node:43071) ExperimentalWarning: localStorage is not available because --localstorage-file was not provided.
(Use `node --trace-warnings ...` to show where the warning was created)
(node:43072) ExperimentalWarning: localStorage is not available because --localstorage-file was not provided.
(Use `node --trace-warnings ...` to show where the warning was created)
(node:43073) ExperimentalWarning: localStorage is not available because --localstorage-file was not provided.
(Use `node --trace-warnings ...` to show where the warning was created)
(node:43074) ExperimentalWarning: localStorage is not available because --localstorage-file was not provided.
(Use `node --trace-warnings ...` to show where the warning was created)
(node:43079) ExperimentalWarning: localStorage is not available because --localstorage-file was not provided.
(Use `node --trace-warnings ...` to show where the warning was created)
(node:43078) ExperimentalWarning: localStorage is not available because --localstorage-file was not provided.
(Use `node --trace-warnings ...` to show where the warning was created)
(node:43081) ExperimentalWarning: localStorage is not available because --localstorage-file was not provided.
(Use `node --trace-warnings ...` to show where the warning was created)
(node:43080) ExperimentalWarning: localStorage is not available because --localstorage-file was not provided.
(Use `node --trace-warnings ...` to show where the warning was created)
(node:43084) ExperimentalWarning: localStorage is not available because --localstorage-file was not provided.
(Use `node --trace-warnings ...` to show where the warning was created)
(node:43083) ExperimentalWarning: localStorage is not available because --localstorage-file was not provided.
(Use `node --trace-warnings ...` to show where the warning was created)
(node:43085) ExperimentalWarning: localStorage is not available because --localstorage-file was not provided.
(Use `node --trace-warnings ...` to show where the warning was created)
(node:43086) ExperimentalWarning: localStorage is not available because --localstorage-file was not provided.
(Use `node --trace-warnings ...` to show where the warning was created)
(node:43087) ExperimentalWarning: localStorage is not available because --localstorage-file was not provided.
(Use `node --trace-warnings ...` to show where the warning was created)
(node:43088) ExperimentalWarning: localStorage is not available because --localstorage-file was not provided.
(Use `node --trace-warnings ...` to show where the warning was created)
(node:43089) ExperimentalWarning: localStorage is not available because --localstorage-file was not provided.
(Use `node --trace-warnings ...` to show where the warning was created)
(node:43090) ExperimentalWarning: localStorage is not available because --localstorage-file was not provided.
(Use `node --trace-warnings ...` to show where the warning was created)
(node:43092) ExperimentalWarning: localStorage is not available because --localstorage-file was not provided.
(Use `node --trace-warnings ...` to show where the warning was created)
(node:43093) ExperimentalWarning: localStorage is not available because --localstorage-file was not provided.
(Use `node --trace-warnings ...` to show where the warning was created)
(node:43094) ExperimentalWarning: localStorage is not available because --localstorage-file was not provided.
(Use `node --trace-warnings ...` to show where the warning was created)
(node:43095) ExperimentalWarning: localStorage is not available because --localstorage-file was not provided.
(Use `node --trace-warnings ...` to show where the warning was created)
(node:43097) ExperimentalWarning: localStorage is not available because --localstorage-file was not provided.
(Use `node --trace-warnings ...` to show where the warning was created)
(node:43098) ExperimentalWarning: localStorage is not available because --localstorage-file was not provided.
(Use `node --trace-warnings ...` to show where the warning was created)
(node:43106) ExperimentalWarning: localStorage is not available because --localstorage-file was not provided.
(Use `node --trace-warnings ...` to show where the warning was created)
(node:43107) ExperimentalWarning: localStorage is not available because --localstorage-file was not provided.
(Use `node --trace-warnings ...` to show where the warning was created)
(node:43110) ExperimentalWarning: localStorage is not available because --localstorage-file was not provided.
(Use `node --trace-warnings ...` to show where the warning was created)
(node:43111) ExperimentalWarning: localStorage is not available because --localstorage-file was not provided.
(Use `node --trace-warnings ...` to show where the warning was created)
(node:43112) ExperimentalWarning: localStorage is not available because --localstorage-file was not provided.
(Use `node --trace-warnings ...` to show where the warning was created)
(node:43113) ExperimentalWarning: localStorage is not available because --localstorage-file was not provided.
(Use `node --trace-warnings ...` to show where the warning was created)
(node:43115) ExperimentalWarning: localStorage is not available because --localstorage-file was not provided.
(Use `node --trace-warnings ...` to show where the warning was created)
(node:43114) ExperimentalWarning: localStorage is not available because --localstorage-file was not provided.
(Use `node --trace-warnings ...` to show where the warning was created)
(node:43118) ExperimentalWarning: localStorage is not available because --localstorage-file was not provided.
(Use `node --trace-warnings ...` to show where the warning was created)
(node:43119) ExperimentalWarning: localStorage is not available because --localstorage-file was not provided.
(Use `node --trace-warnings ...` to show where the warning was created)
(node:43123) ExperimentalWarning: localStorage is not available because --localstorage-file was not provided.
(Use `node --trace-warnings ...` to show where the warning was created)
(node:43122) ExperimentalWarning: localStorage is not available because --localstorage-file was not provided.
(Use `node --trace-warnings ...` to show where the warning was created)
(node:43124) ExperimentalWarning: localStorage is not available because --localstorage-file was not provided.
(Use `node --trace-warnings ...` to show where the warning was created)
(node:43125) ExperimentalWarning: localStorage is not available because --localstorage-file was not provided.
(Use `node --trace-warnings ...` to show where the warning was created)
(node:43127) ExperimentalWarning: localStorage is not available because --localstorage-file was not provided.
(Use `node --trace-warnings ...` to show where the warning was created)
(node:43126) ExperimentalWarning: localStorage is not available because --localstorage-file was not provided.
(Use `node --trace-warnings ...` to show where the warning was created)
(node:43128) ExperimentalWarning: localStorage is not available because --localstorage-file was not provided.
(Use `node --trace-warnings ...` to show where the warning was created)
(node:43129) ExperimentalWarning: localStorage is not available because --localstorage-file was not provided.
(Use `node --trace-warnings ...` to show where the warning was created)
(node:43130) ExperimentalWarning: localStorage is not available because --localstorage-file was not provided.
(Use `node --trace-warnings ...` to show where the warning was created)
(node:43131) ExperimentalWarning: localStorage is not available because --localstorage-file was not provided.
(Use `node --trace-warnings ...` to show where the warning was created)
(node:43133) ExperimentalWarning: localStorage is not available because --localstorage-file was not provided.
(Use `node --trace-warnings ...` to show where the warning was created)
(node:43134) ExperimentalWarning: localStorage is not available because --localstorage-file was not provided.
(Use `node --trace-warnings ...` to show where the warning was created)
(node:43136) ExperimentalWarning: localStorage is not available because --localstorage-file was not provided.
(Use `node --trace-warnings ...` to show where the warning was created)
(node:43137) ExperimentalWarning: localStorage is not available because --localstorage-file was not provided.
(Use `node --trace-warnings ...` to show where the warning was created)
(node:43138) ExperimentalWarning: localStorage is not available because --localstorage-file was not provided.
(Use `node --trace-warnings ...` to show where the warning was created)
(node:43139) ExperimentalWarning: localStorage is not available because --localstorage-file was not provided.
(Use `node --trace-warnings ...` to show where the warning was created)
(node:43140) ExperimentalWarning: localStorage is not available because --localstorage-file was not provided.
(Use `node --trace-warnings ...` to show where the warning was created)
(node:43142) ExperimentalWarning: localStorage is not available because --localstorage-file was not provided.
(Use `node --trace-warnings ...` to show where the warning was created)
(node:43144) ExperimentalWarning: localStorage is not available because --localstorage-file was not provided.
(Use `node --trace-warnings ...` to show where the warning was created)
(node:43150) ExperimentalWarning: localStorage is not available because --localstorage-file was not provided.
(Use `node --trace-warnings ...` to show where the warning was created)
(node:43152) ExperimentalWarning: localStorage is not available because --localstorage-file was not provided.
(Use `node --trace-warnings ...` to show where the warning was created)
(node:43154) ExperimentalWarning: localStorage is not available because --localstorage-file was not provided.
(Use `node --trace-warnings ...` to show where the warning was created)
(node:43155) ExperimentalWarning: localStorage is not available because --localstorage-file was not provided.
(Use `node --trace-warnings ...` to show where the warning was created)
(node:43156) ExperimentalWarning: localStorage is not available because --localstorage-file was not provided.
(Use `node --trace-warnings ...` to show where the warning was created)
(node:43157) ExperimentalWarning: localStorage is not available because --localstorage-file was not provided.
(Use `node --trace-warnings ...` to show where the warning was created)
(node:43158) ExperimentalWarning: localStorage is not available because --localstorage-file was not provided.
(Use `node --trace-warnings ...` to show where the warning was created)
(node:43159) ExperimentalWarning: localStorage is not available because --localstorage-file was not provided.
(Use `node --trace-warnings ...` to show where the warning was created)
(node:43160) ExperimentalWarning: localStorage is not available because --localstorage-file was not provided.
(Use `node --trace-warnings ...` to show where the warning was created)

 Test Files  287 passed (287)
      Tests  4272 passed (4272)
   Start at  23:22:56
   Duration  117.09s (transform 3.87s, setup 12.26s, import 19.34s, tests 110.49s, environment 59.31s)

 % Coverage report from v8

=============================== Coverage summary ===============================
Statements   : 77.12% ( 20177/26161 )
Branches     : 74.16% ( 22835/30791 )
Functions    : 74.2% ( 5319/7168 )
Lines        : 80.19% ( 17496/21816 )
================================================================================
npm notice run app@0.0.0 test:release-config
npm notice run node --test scripts/verificar-config-release.test.mjs
✔ acepta solo la configuración pública productiva presente en el bundle (93.239458ms)
✔ rechaza un release sin variables de Supabase (86.282375ms)
✔ rechaza una llave privilegiada (83.508166ms)
✔ rechaza un build que no incorporó la configuración (83.074917ms)
ℹ tests 4
ℹ suites 0
ℹ pass 4
ℹ fail 0
ℹ cancelled 0
ℹ skipped 0
ℹ todo 0
ℹ duration_ms 384.529166
npm notice run app@0.0.0 test:push-tasa
npm notice run node --test scripts/sw-crm.test.mjs
✔ el worker no intercepta peticiones de red (11.495917ms)
✔ un reintento reemplaza el mismo aviso sin sonido y cumple userVisibleOnly (1.609833ms)
✔ un aviso en tránsito después de salir solo informa la baja y retira la suscripción (0.421583ms)
✔ un fallo del almacenamiento conserva un aviso visible sin revelar actividad del CRM (0.41325ms)
✔ un registro de repetidos dañado no oculta una solicitud nueva (1.031458ms)
✔ clic reconstruye una ruta interna y no acepta URLs del mensaje (0.402834ms)
✔ si una ventana desaparece durante el clic abre otra (0.33375ms)
✔ el clic conserva un formulario abierto en otra pestaña (0.358083ms)
ℹ tests 8
ℹ suites 0
ℹ pass 8
ℹ fail 0
ℹ cancelled 0
ℹ skipped 0
ℹ todo 0
ℹ duration_ms 56.088875
npm notice run app@0.0.0 build
npm notice run tsc -b && vite build
vite v8.1.4 building client environment for production...
[2Ktransforming...✓ 2929 modules transformed.
rendering chunks...
computing gzip size...
dist/version.json                                                0.05 kB │ gzip:   0.06 kB
dist/index.html                                                  2.17 kB │ gzip:   0.69 kB
dist/assets/plus-jakarta-sans-latin-400-normal-Dhut76fR.woff2   11.81 kB
dist/assets/plus-jakarta-sans-latin-800-normal-CusIZhrK.woff2   11.89 kB
dist/assets/plus-jakarta-sans-latin-600-normal-DLTa1BUW.woff2   12.18 kB
dist/assets/plus-jakarta-sans-latin-700-normal-CfpNZvy6.woff2   12.24 kB
dist/assets/plus-jakarta-sans-latin-500-normal-Bf-nb4oT.woff2   12.31 kB
dist/assets/plus-jakarta-sans-latin-400-normal-BDKaGhyp.woff    15.72 kB
dist/assets/plus-jakarta-sans-latin-800-normal-BRNHt2w0.woff    15.78 kB
dist/assets/plus-jakarta-sans-latin-600-normal-BR_Ojra4.woff    16.08 kB
dist/assets/plus-jakarta-sans-latin-500-normal-DYtqi0QS.woff    16.12 kB
dist/assets/plus-jakarta-sans-latin-700-normal-DqEcQeE5.woff    16.13 kB
dist/assets/ibm-plex-sans-latin-400-normal-CYLoc0-x.woff        22.10 kB
dist/assets/ibm-plex-sans-latin-700-normal-Bth3BMcD.woff        22.28 kB
dist/assets/ibm-plex-sans-latin-400-normal-CDDApCn2.woff2       22.58 kB
dist/assets/ibm-plex-sans-latin-700-normal-Bxkt5Cjx.woff2       22.83 kB
dist/assets/ibm-plex-sans-latin-600-normal-Cu4Hd6ag.woff        23.87 kB
dist/assets/ibm-plex-sans-latin-500-normal-BgVn5rGT.woff        23.91 kB
dist/assets/ibm-plex-sans-latin-500-normal-6ng42L7E.woff2       24.18 kB
dist/assets/ibm-plex-sans-latin-600-normal-CuJfVYMP.woff2       24.25 kB
dist/.vite/license.md                                           81.37 kB
dist/assets/gestion-diaria-5o2GrfU4.css                          9.21 kB │ gzip:   2.45 kB
dist/assets/gerencia-BaLUQF8y.css                               17.29 kB │ gzip:   3.73 kB
dist/assets/index-BJ0v2sec.css                                 157.30 kB │ gzip:  25.68 kB
dist/assets/argumentos-rpc-CZnLpNy5.js                           0.09 kB │ gzip:   0.10 kB
dist/assets/rescate-carpeta-wrKomDnl.js                          0.20 kB │ gzip:   0.17 kB
dist/assets/use-periodo-gerencia-Bth2-Hix.js                     0.29 kB │ gzip:   0.22 kB
dist/assets/use-valor-diferido-C5pSPdfy.js                       0.29 kB │ gzip:   0.22 kB
dist/assets/progress-784Lqrrm.js                                 0.42 kB │ gzip:   0.30 kB
dist/assets/section-head-CpbYtuG_.js                             0.43 kB │ gzip:   0.29 kB
dist/assets/use-resumen-cartera-operativo-uygKBViX.js            0.49 kB │ gzip:   0.34 kB
dist/assets/ahora-CyLTFCpv.js                                    0.51 kB │ gzip:   0.30 kB
dist/assets/store-context-8oahbTda.js                            0.67 kB │ gzip:   0.31 kB
dist/assets/rolldown-runtime-QTnfLwEv.js                         0.69 kB │ gzip:   0.42 kB
dist/assets/desglose-monedas-BT6GgeeY.js                         0.70 kB │ gzip:   0.42 kB
dist/assets/tabla-BnYgVgYp.js                                    0.70 kB │ gzip:   0.36 kB
dist/assets/card-TuroX6HR.js                                     0.73 kB │ gzip:   0.33 kB
dist/assets/seguimiento-C0YpjD22.js                              0.81 kB │ gzip:   0.45 kB
dist/assets/select-B3VU5IjL.js                                   0.86 kB │ gzip:   0.52 kB
dist/assets/animated-value-CxWwuyas.js                           0.94 kB │ gzip:   0.55 kB
dist/assets/paginacion-obAhw9sU.js                               0.99 kB │ gzip:   0.55 kB
dist/assets/input-Cb6Fp43O.js                                    1.01 kB │ gzip:   0.53 kB
dist/assets/kpi-card-DZN8eJi-.js                                 1.14 kB │ gzip:   0.63 kB
dist/assets/aviso-degradacion--F6j3SNh.js                        1.19 kB │ gzip:   0.63 kB
dist/assets/use-metricas-vendedores-operativas-CWDrtF4S.js       1.59 kB │ gzip:   0.83 kB
dist/assets/use-cartera-paginada-BAYPkzdj.js                     1.60 kB │ gzip:   0.81 kB
dist/assets/button-CcjL0mMd.js                                   1.96 kB │ gzip:   0.98 kB
dist/assets/configuracion-shell-DPxIw3Y1.js                      1.97 kB │ gzip:   0.92 kB
dist/assets/stat-strip-CHL-vFQJ.js                               2.19 kB │ gzip:   0.93 kB
dist/assets/controles-periodo-derivaciones-1FFxpwW-.js           2.52 kB │ gzip:   0.92 kB
dist/assets/acciones-reconocer-alerta-CSTitD1q.js                2.58 kB │ gzip:   1.17 kB
dist/assets/dropdown-menu-lewrahU-.js                            3.13 kB │ gzip:   1.54 kB
dist/assets/notificaciones-tasa-CDjbU4lo.js                      4.17 kB │ gzip:   1.79 kB
dist/assets/control-citas-BVcv0NQL.js                            4.18 kB │ gzip:   1.73 kB
dist/assets/sla-operacion-aWwdwaa5.js                            5.64 kB │ gzip:   2.24 kB
dist/assets/distribucion-lecturas-B7p3OhSE.js                    7.52 kB │ gzip:   2.61 kB
dist/assets/config-CnC5oodT.js                                  12.02 kB │ gzip:   4.21 kB
dist/assets/config-gestion-diaria-CgzbRDHj.js                   12.13 kB │ gzip:   3.95 kB
dist/assets/dist-DAse8jiX.js                                    12.57 kB │ gzip:   4.48 kB
dist/assets/alertas-CpQwclWD.js                                 13.63 kB │ gzip:   4.74 kB
dist/assets/derivaciones-eUPIH-Z8.js                            13.73 kB │ gzip:   4.67 kB
dist/assets/historial-decisiones-tasa-gerencia-DCNIM8M1.js      14.20 kB │ gzip:   3.95 kB
dist/assets/config-rentabilidad-CaWXKCz-.js                     14.71 kB │ gzip:   4.85 kB
dist/assets/cartera-CYEkqoZa.js                                 14.76 kB │ gzip:   5.09 kB
dist/assets/pipeline-ONBW51Ec.js                                14.89 kB │ gzip:   5.23 kB
dist/assets/cierres-externos-seccion-cyg3Z4RG.js                15.26 kB │ gzip:   4.67 kB
dist/assets/crm-queries-C9R7ZoPE.js                             15.73 kB │ gzip:   4.30 kB
dist/assets/config-metas-DKnWrOGg.js                            16.11 kB │ gzip:   5.57 kB
dist/assets/config-citas-DFgIaEJD.js                            17.02 kB │ gzip:   5.71 kB
dist/assets/config-sla-w9vbGc0g.js                              17.24 kB │ gzip:   5.47 kB
dist/assets/metricas-multiempresa-CP4hpMme.js                   19.95 kB │ gzip:   5.72 kB
dist/assets/escape-dialogo-BhefE2FP.js                          20.29 kB │ gzip:   7.42 kB
dist/assets/echart-bar-CCrXnjdM.js                              21.98 kB │ gzip:   8.34 kB
dist/assets/gestion-diaria-api-BsQRl4SL.js                      23.52 kB │ gzip:   7.35 kB
dist/assets/config-usuarios-D3WrOgsi.js                         23.93 kB │ gzip:   6.50 kB
dist/assets/equipo-z4uqXoIm.js                                  26.78 kB │ gzip:   7.87 kB
dist/assets/utils-C_jjd2h8.js                                   26.93 kB │ gzip:   8.59 kB
dist/assets/config-productos-xKou_n-p.js                        27.09 kB │ gzip:   7.35 kB
dist/assets/rescate-descartados-kM5wmG25.js                     30.84 kB │ gzip:   7.92 kB
dist/assets/facturacion-3rEcJ2g4.js                             31.06 kB │ gzip:  10.18 kB
dist/assets/agenda-DVFv7Wsm.js                                  31.08 kB │ gzip:   8.83 kB
dist/assets/lead-hover-card-DN1EeUnd.js                         33.88 kB │ gzip:  12.66 kB
dist/assets/ranking-vendedores-OjZqitqH.js                      37.29 kB │ gzip:   8.95 kB
dist/assets/echart-line-D2c-cuAX.js                             45.31 kB │ gzip:  16.14 kB
dist/assets/repartir-BBtTembq.js                                50.78 kB │ gzip:  13.23 kB
dist/assets/gestion-diaria-BwQSG7sY.js                          87.72 kB │ gzip:  25.21 kB
dist/assets/hoy-BW05JhMP.js                                     92.98 kB │ gzip:  25.59 kB
dist/assets/ui-vendor-CnUuygdz.js                               93.82 kB │ gzip:  20.57 kB
dist/assets/gerencia-CgcOZ4R1.js                               101.38 kB │ gzip:  28.17 kB
dist/assets/react-vendor-BXy-oECh.js                           190.81 kB │ gzip:  60.00 kB
dist/assets/gerencia-Clk8tuYv.js                               190.91 kB │ gzip:  47.00 kB
dist/assets/mi-cartera-E20upd5M.js                             213.00 kB │ gzip:  53.29 kB
dist/assets/crm-api-BmBVXvYY.js                                224.06 kB │ gzip:  62.34 kB
dist/assets/data-vendor-DTp_zWmI.js                            244.55 kB │ gzip:  63.66 kB
dist/assets/echart-Bb36jJ6d.js                                 487.20 kB │ gzip: 165.23 kB
dist/assets/index-DC8eO6VV.js                                  707.64 kB │ gzip: 210.92 kB

[INEFFECTIVE_DYNAMIC_IMPORT] src/lib/demo-config.ts is dynamically imported by src/data/crm-config-queries.ts but also statically imported by src/lib/demo-sla.ts, dynamic import will not move module into another chunk.

[plugin builtin:vite-reporter] 
(!) Some chunks are larger than 500 kB after minification. Consider:
- Using dynamic import() to code-split the application
- Use build.rolldownOptions.output.codeSplitting to improve chunking: https://rolldown.rs/reference/OutputOptions.codeSplitting
- Adjust chunk size limit for this warning via build.chunkSizeWarningLimit.
✓ built in 423ms
npm notice run app@0.0.0 verify:bundle
npm notice run node scripts/verificar-bundle-produccion.mjs
BUNDLE_PRODUCCION_SIN_PDFMAKE_NI_FIXTURES_DEMO_CON_FICHA_360_Y_CON_FOCO
npm notice run app@0.0.0 dup
npm notice run jscpd src --min-tokens 70 --ignore "**/*.test.*" --threshold 0.8 --reporters consoleFull
Clone found (tsx)
 - App.tsx [191:7 - 201:6]
   App.tsx [311:7 - 321:6]

Clone found (tsx)
 - components/app/contrato-corregir.tsx [159:7 - 168:68]
   components/app/contrato-corregir.tsx [249:5 - 258:66]

Clone found (tsx)
 - components/app/contrato-corregir.tsx [295:45 - 313:10]
   components/app/contrato-nuevo.tsx [493:57 - 513:10]

Clone found (tsx)
 - components/app/contrato-corregir.tsx [788:13 - 813:13]
   components/app/contrato-nuevo.tsx [1399:13 - 1425:13]

Clone found (tsx)
 - components/app/splash-crm.tsx [275:11 - 289:20]
   components/app/splash-crm.tsx [327:7 - 341:16]

Clone found (typescript)
 - data/crm-api.ts [1043:22 - 1056:56]
   data/crm-api.ts [1420:28 - 1430:56]

Clone found (typescript)
 - data/crm-api.ts [1044:5 - 1050:47]
   data/crm-api.ts [1464:10 - 1470:47]

Clone found (css)
 - index.css [338:66 - 343:7]
   index.css [384:32 - 389:5]

Clone found (typescript)
 - lib/auth-maquina.ts [376:50 - 395:7]
   lib/auth-maquina.ts [432:94 - 449:7]

Clone found (typescript)
 - lib/conversion-mensual.ts [170:23 - 179:6]
   lib/objetivos.ts [315:22 - 323:6]

Clone found (typescript)
 - lib/conversion-vendedores.ts [444:72 - 463:13]
   lib/conversion-vendedores.ts [534:63 - 550:13]

Clone found (typescript)
 - lib/database.types.ts [2432:15 - 2457:25]
   lib/database.types.ts [2472:15 - 2497:25]

Clone found (typescript)
 - lib/database.types.ts [3991:15 - 4016:15]
   lib/database.types.ts [4022:15 - 4047:15]

Clone found (typescript)
 - lib/database.types.ts [6379:15 - 6400:13]
   lib/database.types.ts [6415:15 - 6436:13]

Clone found (typescript)
 - lib/database.types.ts [6773:25 - 6785:103]
   lib/database.types.ts [6798:25 - 6810:103]

Clone found (typescript)
 - lib/demo-inteligencia-comercial.ts [329:11 - 342:6]
   lib/demo.ts [261:49 - 274:4]

Clone found (typescript)
 - lib/metricas-agenda.ts [40:57 - 47:6]
   lib/metricas-distribucion.ts [45:44 - 53:6]

Clone found (typescript)
 - lib/metricas-conversiones-equipo.ts [56:36 - 66:55]
   lib/objetivos.ts [346:54 - 356:55]

Clone found (typescript)
 - lib/metricas-vendedores.ts [46:10 - 57:9]
   lib/metricas-vendedores.ts [94:12 - 105:9]

Clone found (typescript)
 - lib/metricas-vendedores.ts [119:5 - 124:4]
   lib/metricas-vendedores.ts [144:5 - 149:14]

Clone found (typescript)
 - lib/metricas-vendedores.ts [135:22 - 148:91]
   lib/metricas-vendedores.ts [161:25 - 173:91]

Clone found (typescript)
 - lib/objetivos.ts [499:20 - 510:6]
   lib/objetivos.ts [678:15 - 689:8]

Clone found (typescript)
 - lib/productos-inversion.ts [25:59 - 35:35]
   lib/productos-inversion.ts [107:42 - 117:35]

Clone found (tsx)
 - lib/store.tsx [2742:21 - 2765:23]
   lib/store.tsx [2784:41 - 2806:23]

Clone found (tsx)
 - screens/agenda.tsx [555:45 - 565:31]
   screens/agenda.tsx [643:119 - 653:31]

Clone found (tsx)
 - screens/agenda.tsx [601:135 - 637:13]
   screens/agenda.tsx [683:148 - 719:13]

Clone found (tsx)
 - screens/hoy/graficas-gerencia.tsx [358:59 - 367:40]
   screens/hoy/graficas-gerencia.tsx [402:57 - 411:40]

Clone found (tsx)
 - screens/hoy/inteligencia-comercial.tsx [392:19 - 402:14]
   screens/hoy/inteligencia-comercial.tsx [536:19 - 546:14]

Clone found (tsx)
 - screens/hoy/inteligencia-comercial.tsx [626:54 - 635:52]
   screens/hoy/inteligencia-comercial.tsx [655:54 - 664:52]

Clone found (tsx)
 - screens/hoy/inteligencia-comercial.tsx [668:35 - 688:135]
   screens/hoy/resumen-gerencia.tsx [247:46 - 273:79]

Clone found (tsx)
 - screens/hoy/supervisor.tsx [129:87 - 150:8]
   screens/hoy/vendedor.tsx [869:70 - 896:8]

Clone found (tsx)
 - screens/hoy/supervisor.tsx [1005:17 - 1020:26]
   screens/hoy/vendedor.tsx [1593:17 - 1608:26]

Clone found (tsx)
 - screens/hoy/vendedor.tsx [1749:47 - 1762:76]
   screens/hoy/vendedor.tsx [1823:58 - 1835:76]

Clone found (tsx)
 - screens/mi-cartera.tsx [449:26 - 478:100]
   screens/mi-cartera.tsx [758:29 - 786:100]

Clone found (tsx)
 - screens/mi-cartera.tsx [635:37 - 656:12]
   screens/mi-cartera.tsx [882:38 - 903:14]

Clone found (tsx)
 - screens/mi-cartera.tsx [1850:31 - 1858:8]
   screens/mi-cartera.tsx [2377:23 - 2385:8]

┌────────────┬────────────────┬─────────────┬──────────────┬──────────────┬──────────────────┬───────────────────┐
│ Format     │ Files analyzed │ Total lines │ Total tokens │ Clones found │ Duplicated lines │ Duplicated tokens │
├────────────┼────────────────┼─────────────┼──────────────┼──────────────┼──────────────────┼───────────────────┤
│ css        │ 8              │ 1589        │ 33318        │ 1            │ 5 (0.31%)        │ 92 (0.28%)        │
├────────────┼────────────────┼─────────────┼──────────────┼──────────────┼──────────────────┼───────────────────┤
│ tsx        │ 190            │ 60334       │ 424638       │ 18           │ 300 (0.50%)      │ 2004 (0.47%)      │
├────────────┼────────────────┼─────────────┼──────────────┼──────────────┼──────────────────┼───────────────────┤
│ typescript │ 211            │ 45506       │ 262137       │ 17           │ 229 (0.50%)      │ 1689 (0.64%)      │
├────────────┼────────────────┼─────────────┼──────────────┼──────────────┼──────────────────┼───────────────────┤
│ Total:     │ 409            │ 107429      │ 720093       │ 36           │ 534 (0.50%)      │ 3785 (0.53%)      │
└────────────┴────────────────┴─────────────┴──────────────┴──────────────┴──────────────────┴───────────────────┘
Found 36 clones.
time: 40.332ms

💡 Auto-refactor with AI: npx skills add https://github.com/kucherenko/jscpd --skill dry-refactoring
🎩 New: Gangsta Agents — discipline your AI coding → gangsta.page
💖 Support jscpd project → https://opencollective.com/jscpd

