npm notice run app@0.0.0 check
npm notice run npm run lint && npm run typecheck && npm run test:coverage && npm run test:release-config && npm run test:push-tasa && npm run build && npm run verify:bundle && npm run dup
npm notice run app@0.0.0 lint
npm notice run oxlint
src/components/ui/coverflow-carousel.tsx:299:11: warning jsx-a11y(no-noninteractive-tabindex): `tabIndex` should only be declared on interactive elements. help: The `tabIndex` attribute should be removed.
src/components/ui/coverflow-carousel.tsx:297:10: warning jsx-a11y(no-static-element-interactions): Static HTML elements with event handlers require a role. help: Add a role attribute to this element, or use a semantic HTML element instead.
src/components/ui/coverflow-carousel.tsx:327:15: warning jsx-a11y(click-events-have-key-events): Enforce a clickable non-interactive element has at least one keyboard event listener. help: Visible, non-interactive elements with click handlers must have one of `keyup`, `keydown`, or `keypress` listener.
src/components/ui/coverflow-carousel.tsx:327:16: warning jsx-a11y(no-noninteractive-element-interactions): Non-interactive elements should not be assigned mouse or keyboard event listeners. help: Move the handler to an interactive element, or use an appropriate interactive role.
src/components/gestion-diaria/tabla-equipo-diaria.tsx:48:17: warning jsx-a11y(control-has-associated-label): A control must be associated with a text label. help: Add a text label to the control element. This can be done by adding text content, an `aria-label` attribute, or an `aria-labelledby` attribute.
npm notice run app@0.0.0 typecheck
npm notice run tsc -b --pretty false
npm notice run app@0.0.0 test:coverage
npm notice run vitest run --coverage

 RUN  v4.1.10 /private/tmp/avancecorp-fecha-publicacion-vfzj775x/repo/CRM-Avance-Corp/app
      Coverage enabled with v8

(node:39554) ExperimentalWarning: localStorage is not available because --localstorage-file was not provided.
(Use `node --trace-warnings ...` to show where the warning was created)
(node:39553) ExperimentalWarning: localStorage is not available because --localstorage-file was not provided.
(Use `node --trace-warnings ...` to show where the warning was created)
(node:39557) ExperimentalWarning: localStorage is not available because --localstorage-file was not provided.
(Use `node --trace-warnings ...` to show where the warning was created)
(node:39547) ExperimentalWarning: localStorage is not available because --localstorage-file was not provided.
(Use `node --trace-warnings ...` to show where the warning was created)
(node:39548) ExperimentalWarning: localStorage is not available because --localstorage-file was not provided.
(Use `node --trace-warnings ...` to show where the warning was created)
(node:39546) ExperimentalWarning: localStorage is not available because --localstorage-file was not provided.
(Use `node --trace-warnings ...` to show where the warning was created)
(node:39551) ExperimentalWarning: localStorage is not available because --localstorage-file was not provided.
(Use `node --trace-warnings ...` to show where the warning was created)
(node:39549) ExperimentalWarning: localStorage is not available because --localstorage-file was not provided.
(Use `node --trace-warnings ...` to show where the warning was created)
(node:39545) ExperimentalWarning: localStorage is not available because --localstorage-file was not provided.
(Use `node --trace-warnings ...` to show where the warning was created)
(node:39550) ExperimentalWarning: localStorage is not available because --localstorage-file was not provided.
(Use `node --trace-warnings ...` to show where the warning was created)
(node:39558) ExperimentalWarning: localStorage is not available because --localstorage-file was not provided.
(Use `node --trace-warnings ...` to show where the warning was created)
(node:39552) ExperimentalWarning: localStorage is not available because --localstorage-file was not provided.
(Use `node --trace-warnings ...` to show where the warning was created)
(node:39556) ExperimentalWarning: localStorage is not available because --localstorage-file was not provided.
(Use `node --trace-warnings ...` to show where the warning was created)
(node:39555) ExperimentalWarning: localStorage is not available because --localstorage-file was not provided.
(Use `node --trace-warnings ...` to show where the warning was created)
(node:39572) ExperimentalWarning: localStorage is not available because --localstorage-file was not provided.
(Use `node --trace-warnings ...` to show where the warning was created)
(node:39570) ExperimentalWarning: localStorage is not available because --localstorage-file was not provided.
(Use `node --trace-warnings ...` to show where the warning was created)
(node:39573) ExperimentalWarning: localStorage is not available because --localstorage-file was not provided.
(Use `node --trace-warnings ...` to show where the warning was created)
(node:39574) ExperimentalWarning: localStorage is not available because --localstorage-file was not provided.
(Use `node --trace-warnings ...` to show where the warning was created)
(node:39576) ExperimentalWarning: localStorage is not available because --localstorage-file was not provided.
(Use `node --trace-warnings ...` to show where the warning was created)
(node:39578) ExperimentalWarning: localStorage is not available because --localstorage-file was not provided.
(Use `node --trace-warnings ...` to show where the warning was created)
(node:39581) ExperimentalWarning: localStorage is not available because --localstorage-file was not provided.
(Use `node --trace-warnings ...` to show where the warning was created)
(node:39583) ExperimentalWarning: localStorage is not available because --localstorage-file was not provided.
(Use `node --trace-warnings ...` to show where the warning was created)
(node:39584) ExperimentalWarning: localStorage is not available because --localstorage-file was not provided.
(Use `node --trace-warnings ...` to show where the warning was created)
(node:39585) ExperimentalWarning: localStorage is not available because --localstorage-file was not provided.
(Use `node --trace-warnings ...` to show where the warning was created)
(node:39586) ExperimentalWarning: localStorage is not available because --localstorage-file was not provided.
(Use `node --trace-warnings ...` to show where the warning was created)
(node:39587) ExperimentalWarning: localStorage is not available because --localstorage-file was not provided.
(Use `node --trace-warnings ...` to show where the warning was created)
(node:39588) ExperimentalWarning: localStorage is not available because --localstorage-file was not provided.
(Use `node --trace-warnings ...` to show where the warning was created)
(node:39590) ExperimentalWarning: localStorage is not available because --localstorage-file was not provided.
(Use `node --trace-warnings ...` to show where the warning was created)
(node:39591) ExperimentalWarning: localStorage is not available because --localstorage-file was not provided.
(Use `node --trace-warnings ...` to show where the warning was created)
(node:39593) ExperimentalWarning: localStorage is not available because --localstorage-file was not provided.
(Use `node --trace-warnings ...` to show where the warning was created)
(node:39597) ExperimentalWarning: localStorage is not available because --localstorage-file was not provided.
(Use `node --trace-warnings ...` to show where the warning was created)
(node:39598) ExperimentalWarning: localStorage is not available because --localstorage-file was not provided.
(Use `node --trace-warnings ...` to show where the warning was created)
(node:39599) ExperimentalWarning: localStorage is not available because --localstorage-file was not provided.
(Use `node --trace-warnings ...` to show where the warning was created)
(node:39603) ExperimentalWarning: localStorage is not available because --localstorage-file was not provided.
(Use `node --trace-warnings ...` to show where the warning was created)
(node:39604) ExperimentalWarning: localStorage is not available because --localstorage-file was not provided.
(Use `node --trace-warnings ...` to show where the warning was created)
(node:39605) ExperimentalWarning: localStorage is not available because --localstorage-file was not provided.
(Use `node --trace-warnings ...` to show where the warning was created)
(node:39607) ExperimentalWarning: localStorage is not available because --localstorage-file was not provided.
(Use `node --trace-warnings ...` to show where the warning was created)
(node:39606) ExperimentalWarning: localStorage is not available because --localstorage-file was not provided.
(Use `node --trace-warnings ...` to show where the warning was created)
(node:39608) ExperimentalWarning: localStorage is not available because --localstorage-file was not provided.
(Use `node --trace-warnings ...` to show where the warning was created)
(node:39609) ExperimentalWarning: localStorage is not available because --localstorage-file was not provided.
(Use `node --trace-warnings ...` to show where the warning was created)
(node:39614) ExperimentalWarning: localStorage is not available because --localstorage-file was not provided.
(Use `node --trace-warnings ...` to show where the warning was created)
(node:39615) ExperimentalWarning: localStorage is not available because --localstorage-file was not provided.
(Use `node --trace-warnings ...` to show where the warning was created)
(node:39616) ExperimentalWarning: localStorage is not available because --localstorage-file was not provided.
(Use `node --trace-warnings ...` to show where the warning was created)
(node:39617) ExperimentalWarning: localStorage is not available because --localstorage-file was not provided.
(Use `node --trace-warnings ...` to show where the warning was created)
(node:39618) ExperimentalWarning: localStorage is not available because --localstorage-file was not provided.
(Use `node --trace-warnings ...` to show where the warning was created)
(node:39620) ExperimentalWarning: localStorage is not available because --localstorage-file was not provided.
(Use `node --trace-warnings ...` to show where the warning was created)
(node:39619) ExperimentalWarning: localStorage is not available because --localstorage-file was not provided.
(Use `node --trace-warnings ...` to show where the warning was created)
(node:39621) ExperimentalWarning: localStorage is not available because --localstorage-file was not provided.
(Use `node --trace-warnings ...` to show where the warning was created)
(node:39622) ExperimentalWarning: localStorage is not available because --localstorage-file was not provided.
(Use `node --trace-warnings ...` to show where the warning was created)
(node:39623) ExperimentalWarning: localStorage is not available because --localstorage-file was not provided.
(Use `node --trace-warnings ...` to show where the warning was created)
(node:39624) ExperimentalWarning: localStorage is not available because --localstorage-file was not provided.
(Use `node --trace-warnings ...` to show where the warning was created)
(node:39625) ExperimentalWarning: localStorage is not available because --localstorage-file was not provided.
(Use `node --trace-warnings ...` to show where the warning was created)
(node:39630) ExperimentalWarning: localStorage is not available because --localstorage-file was not provided.
(Use `node --trace-warnings ...` to show where the warning was created)
(node:39632) ExperimentalWarning: localStorage is not available because --localstorage-file was not provided.
(Use `node --trace-warnings ...` to show where the warning was created)
(node:39631) ExperimentalWarning: localStorage is not available because --localstorage-file was not provided.
(Use `node --trace-warnings ...` to show where the warning was created)
(node:39634) ExperimentalWarning: localStorage is not available because --localstorage-file was not provided.
(Use `node --trace-warnings ...` to show where the warning was created)
(node:39633) ExperimentalWarning: localStorage is not available because --localstorage-file was not provided.
(Use `node --trace-warnings ...` to show where the warning was created)
(node:39636) ExperimentalWarning: localStorage is not available because --localstorage-file was not provided.
(Use `node --trace-warnings ...` to show where the warning was created)
(node:39635) ExperimentalWarning: localStorage is not available because --localstorage-file was not provided.
(Use `node --trace-warnings ...` to show where the warning was created)
(node:39638) ExperimentalWarning: localStorage is not available because --localstorage-file was not provided.
(Use `node --trace-warnings ...` to show where the warning was created)
(node:39637) ExperimentalWarning: localStorage is not available because --localstorage-file was not provided.
(Use `node --trace-warnings ...` to show where the warning was created)
(node:39639) ExperimentalWarning: localStorage is not available because --localstorage-file was not provided.
(Use `node --trace-warnings ...` to show where the warning was created)
(node:39640) ExperimentalWarning: localStorage is not available because --localstorage-file was not provided.
(Use `node --trace-warnings ...` to show where the warning was created)
(node:39641) ExperimentalWarning: localStorage is not available because --localstorage-file was not provided.
(Use `node --trace-warnings ...` to show where the warning was created)
(node:39647) ExperimentalWarning: localStorage is not available because --localstorage-file was not provided.
(Use `node --trace-warnings ...` to show where the warning was created)
(node:39649) ExperimentalWarning: localStorage is not available because --localstorage-file was not provided.
(Use `node --trace-warnings ...` to show where the warning was created)
(node:39650) ExperimentalWarning: localStorage is not available because --localstorage-file was not provided.
(Use `node --trace-warnings ...` to show where the warning was created)
(node:39651) ExperimentalWarning: localStorage is not available because --localstorage-file was not provided.
(Use `node --trace-warnings ...` to show where the warning was created)
(node:39652) ExperimentalWarning: localStorage is not available because --localstorage-file was not provided.
(Use `node --trace-warnings ...` to show where the warning was created)
(node:39653) ExperimentalWarning: localStorage is not available because --localstorage-file was not provided.
(Use `node --trace-warnings ...` to show where the warning was created)
(node:39655) ExperimentalWarning: localStorage is not available because --localstorage-file was not provided.
(Use `node --trace-warnings ...` to show where the warning was created)
(node:39654) ExperimentalWarning: localStorage is not available because --localstorage-file was not provided.
(Use `node --trace-warnings ...` to show where the warning was created)
(node:39656) ExperimentalWarning: localStorage is not available because --localstorage-file was not provided.
(Use `node --trace-warnings ...` to show where the warning was created)
(node:39658) ExperimentalWarning: localStorage is not available because --localstorage-file was not provided.
(Use `node --trace-warnings ...` to show where the warning was created)
(node:39657) ExperimentalWarning: localStorage is not available because --localstorage-file was not provided.
(Use `node --trace-warnings ...` to show where the warning was created)
(node:39659) ExperimentalWarning: localStorage is not available because --localstorage-file was not provided.
(Use `node --trace-warnings ...` to show where the warning was created)
(node:39660) ExperimentalWarning: localStorage is not available because --localstorage-file was not provided.
(Use `node --trace-warnings ...` to show where the warning was created)
(node:39661) ExperimentalWarning: localStorage is not available because --localstorage-file was not provided.
(Use `node --trace-warnings ...` to show where the warning was created)
(node:39662) ExperimentalWarning: localStorage is not available because --localstorage-file was not provided.
(Use `node --trace-warnings ...` to show where the warning was created)
(node:39663) ExperimentalWarning: localStorage is not available because --localstorage-file was not provided.
(Use `node --trace-warnings ...` to show where the warning was created)
(node:39664) ExperimentalWarning: localStorage is not available because --localstorage-file was not provided.
(Use `node --trace-warnings ...` to show where the warning was created)
(node:39665) ExperimentalWarning: localStorage is not available because --localstorage-file was not provided.
(Use `node --trace-warnings ...` to show where the warning was created)
(node:39667) ExperimentalWarning: localStorage is not available because --localstorage-file was not provided.
(Use `node --trace-warnings ...` to show where the warning was created)
(node:39666) ExperimentalWarning: localStorage is not available because --localstorage-file was not provided.
(Use `node --trace-warnings ...` to show where the warning was created)
(node:39668) ExperimentalWarning: localStorage is not available because --localstorage-file was not provided.
(Use `node --trace-warnings ...` to show where the warning was created)
(node:39671) ExperimentalWarning: localStorage is not available because --localstorage-file was not provided.
(Use `node --trace-warnings ...` to show where the warning was created)
(node:39670) ExperimentalWarning: localStorage is not available because --localstorage-file was not provided.
(Use `node --trace-warnings ...` to show where the warning was created)
(node:39672) ExperimentalWarning: localStorage is not available because --localstorage-file was not provided.
(Use `node --trace-warnings ...` to show where the warning was created)
(node:39675) ExperimentalWarning: localStorage is not available because --localstorage-file was not provided.
(Use `node --trace-warnings ...` to show where the warning was created)
(node:39676) ExperimentalWarning: localStorage is not available because --localstorage-file was not provided.
(Use `node --trace-warnings ...` to show where the warning was created)
(node:39678) ExperimentalWarning: localStorage is not available because --localstorage-file was not provided.
(Use `node --trace-warnings ...` to show where the warning was created)
(node:39677) ExperimentalWarning: localStorage is not available because --localstorage-file was not provided.
(Use `node --trace-warnings ...` to show where the warning was created)
(node:39679) ExperimentalWarning: localStorage is not available because --localstorage-file was not provided.
(Use `node --trace-warnings ...` to show where the warning was created)
(node:39681) ExperimentalWarning: localStorage is not available because --localstorage-file was not provided.
(Use `node --trace-warnings ...` to show where the warning was created)
(node:39680) ExperimentalWarning: localStorage is not available because --localstorage-file was not provided.
(Use `node --trace-warnings ...` to show where the warning was created)
(node:39682) ExperimentalWarning: localStorage is not available because --localstorage-file was not provided.
(Use `node --trace-warnings ...` to show where the warning was created)
(node:39685) ExperimentalWarning: localStorage is not available because --localstorage-file was not provided.
(Use `node --trace-warnings ...` to show where the warning was created)
(node:39686) ExperimentalWarning: localStorage is not available because --localstorage-file was not provided.
(Use `node --trace-warnings ...` to show where the warning was created)
(node:39687) ExperimentalWarning: localStorage is not available because --localstorage-file was not provided.
(Use `node --trace-warnings ...` to show where the warning was created)
(node:39688) ExperimentalWarning: localStorage is not available because --localstorage-file was not provided.
(Use `node --trace-warnings ...` to show where the warning was created)
(node:39689) ExperimentalWarning: localStorage is not available because --localstorage-file was not provided.
(Use `node --trace-warnings ...` to show where the warning was created)
(node:39690) ExperimentalWarning: localStorage is not available because --localstorage-file was not provided.
(Use `node --trace-warnings ...` to show where the warning was created)
(node:39691) ExperimentalWarning: localStorage is not available because --localstorage-file was not provided.
(Use `node --trace-warnings ...` to show where the warning was created)
(node:39700) ExperimentalWarning: localStorage is not available because --localstorage-file was not provided.
(Use `node --trace-warnings ...` to show where the warning was created)
(node:39693) ExperimentalWarning: localStorage is not available because --localstorage-file was not provided.
(Use `node --trace-warnings ...` to show where the warning was created)
(node:39692) ExperimentalWarning: localStorage is not available because --localstorage-file was not provided.
(Use `node --trace-warnings ...` to show where the warning was created)
(node:39696) ExperimentalWarning: localStorage is not available because --localstorage-file was not provided.
(Use `node --trace-warnings ...` to show where the warning was created)
(node:39698) ExperimentalWarning: localStorage is not available because --localstorage-file was not provided.
(Use `node --trace-warnings ...` to show where the warning was created)
(node:39701) ExperimentalWarning: localStorage is not available because --localstorage-file was not provided.
(Use `node --trace-warnings ...` to show where the warning was created)
(node:39702) ExperimentalWarning: localStorage is not available because --localstorage-file was not provided.
(Use `node --trace-warnings ...` to show where the warning was created)
(node:39710) ExperimentalWarning: localStorage is not available because --localstorage-file was not provided.
(Use `node --trace-warnings ...` to show where the warning was created)
(node:39704) ExperimentalWarning: localStorage is not available because --localstorage-file was not provided.
(Use `node --trace-warnings ...` to show where the warning was created)
(node:39706) ExperimentalWarning: localStorage is not available because --localstorage-file was not provided.
(Use `node --trace-warnings ...` to show where the warning was created)
(node:39705) ExperimentalWarning: localStorage is not available because --localstorage-file was not provided.
(Use `node --trace-warnings ...` to show where the warning was created)
(node:39707) ExperimentalWarning: localStorage is not available because --localstorage-file was not provided.
(Use `node --trace-warnings ...` to show where the warning was created)
(node:39708) ExperimentalWarning: localStorage is not available because --localstorage-file was not provided.
(Use `node --trace-warnings ...` to show where the warning was created)
(node:39709) ExperimentalWarning: localStorage is not available because --localstorage-file was not provided.
(Use `node --trace-warnings ...` to show where the warning was created)
(node:39711) ExperimentalWarning: localStorage is not available because --localstorage-file was not provided.
(Use `node --trace-warnings ...` to show where the warning was created)
(node:39712) ExperimentalWarning: localStorage is not available because --localstorage-file was not provided.
(Use `node --trace-warnings ...` to show where the warning was created)
(node:39713) ExperimentalWarning: localStorage is not available because --localstorage-file was not provided.
(Use `node --trace-warnings ...` to show where the warning was created)
(node:39714) ExperimentalWarning: localStorage is not available because --localstorage-file was not provided.
(Use `node --trace-warnings ...` to show where the warning was created)
(node:39715) ExperimentalWarning: localStorage is not available because --localstorage-file was not provided.
(Use `node --trace-warnings ...` to show where the warning was created)
(node:39716) ExperimentalWarning: localStorage is not available because --localstorage-file was not provided.
(Use `node --trace-warnings ...` to show where the warning was created)
(node:39722) ExperimentalWarning: localStorage is not available because --localstorage-file was not provided.
(Use `node --trace-warnings ...` to show where the warning was created)
(node:39719) ExperimentalWarning: localStorage is not available because --localstorage-file was not provided.
(Use `node --trace-warnings ...` to show where the warning was created)
(node:39718) ExperimentalWarning: localStorage is not available because --localstorage-file was not provided.
(Use `node --trace-warnings ...` to show where the warning was created)
(node:39725) ExperimentalWarning: localStorage is not available because --localstorage-file was not provided.
(Use `node --trace-warnings ...` to show where the warning was created)
(node:39727) ExperimentalWarning: localStorage is not available because --localstorage-file was not provided.
(Use `node --trace-warnings ...` to show where the warning was created)
(node:39720) ExperimentalWarning: localStorage is not available because --localstorage-file was not provided.
(Use `node --trace-warnings ...` to show where the warning was created)
(node:39721) ExperimentalWarning: localStorage is not available because --localstorage-file was not provided.
(Use `node --trace-warnings ...` to show where the warning was created)
(node:39731) ExperimentalWarning: localStorage is not available because --localstorage-file was not provided.
(Use `node --trace-warnings ...` to show where the warning was created)
(node:39724) ExperimentalWarning: localStorage is not available because --localstorage-file was not provided.
(Use `node --trace-warnings ...` to show where the warning was created)
(node:39733) ExperimentalWarning: localStorage is not available because --localstorage-file was not provided.
(Use `node --trace-warnings ...` to show where the warning was created)
(node:39723) ExperimentalWarning: localStorage is not available because --localstorage-file was not provided.
(Use `node --trace-warnings ...` to show where the warning was created)
(node:39734) ExperimentalWarning: localStorage is not available because --localstorage-file was not provided.
(Use `node --trace-warnings ...` to show where the warning was created)
(node:39728) ExperimentalWarning: localStorage is not available because --localstorage-file was not provided.
(Use `node --trace-warnings ...` to show where the warning was created)
(node:39726) ExperimentalWarning: localStorage is not available because --localstorage-file was not provided.
(Use `node --trace-warnings ...` to show where the warning was created)
(node:39735) ExperimentalWarning: localStorage is not available because --localstorage-file was not provided.
(Use `node --trace-warnings ...` to show where the warning was created)
(node:39729) ExperimentalWarning: localStorage is not available because --localstorage-file was not provided.
(Use `node --trace-warnings ...` to show where the warning was created)
(node:39738) ExperimentalWarning: localStorage is not available because --localstorage-file was not provided.
(Use `node --trace-warnings ...` to show where the warning was created)
(node:39732) ExperimentalWarning: localStorage is not available because --localstorage-file was not provided.
(Use `node --trace-warnings ...` to show where the warning was created)
(node:39743) ExperimentalWarning: localStorage is not available because --localstorage-file was not provided.
(Use `node --trace-warnings ...` to show where the warning was created)
(node:39745) ExperimentalWarning: localStorage is not available because --localstorage-file was not provided.
(Use `node --trace-warnings ...` to show where the warning was created)
(node:39746) ExperimentalWarning: localStorage is not available because --localstorage-file was not provided.
(Use `node --trace-warnings ...` to show where the warning was created)
(node:39748) ExperimentalWarning: localStorage is not available because --localstorage-file was not provided.
(Use `node --trace-warnings ...` to show where the warning was created)
(node:39749) ExperimentalWarning: localStorage is not available because --localstorage-file was not provided.
(Use `node --trace-warnings ...` to show where the warning was created)
(node:39747) ExperimentalWarning: localStorage is not available because --localstorage-file was not provided.
(Use `node --trace-warnings ...` to show where the warning was created)
(node:39739) ExperimentalWarning: localStorage is not available because --localstorage-file was not provided.
(Use `node --trace-warnings ...` to show where the warning was created)
(node:39737) ExperimentalWarning: localStorage is not available because --localstorage-file was not provided.
(Use `node --trace-warnings ...` to show where the warning was created)
(node:39741) ExperimentalWarning: localStorage is not available because --localstorage-file was not provided.
(Use `node --trace-warnings ...` to show where the warning was created)
(node:39740) ExperimentalWarning: localStorage is not available because --localstorage-file was not provided.
(Use `node --trace-warnings ...` to show where the warning was created)
(node:39742) ExperimentalWarning: localStorage is not available because --localstorage-file was not provided.
(Use `node --trace-warnings ...` to show where the warning was created)
(node:39752) ExperimentalWarning: localStorage is not available because --localstorage-file was not provided.
(Use `node --trace-warnings ...` to show where the warning was created)
(node:39744) ExperimentalWarning: localStorage is not available because --localstorage-file was not provided.
(Use `node --trace-warnings ...` to show where the warning was created)
(node:39753) ExperimentalWarning: localStorage is not available because --localstorage-file was not provided.
(Use `node --trace-warnings ...` to show where the warning was created)
(node:39755) ExperimentalWarning: localStorage is not available because --localstorage-file was not provided.
(Use `node --trace-warnings ...` to show where the warning was created)
(node:39757) ExperimentalWarning: localStorage is not available because --localstorage-file was not provided.
(Use `node --trace-warnings ...` to show where the warning was created)
(node:39758) ExperimentalWarning: localStorage is not available because --localstorage-file was not provided.
(Use `node --trace-warnings ...` to show where the warning was created)
(node:39759) ExperimentalWarning: localStorage is not available because --localstorage-file was not provided.
(Use `node --trace-warnings ...` to show where the warning was created)
(node:39751) ExperimentalWarning: localStorage is not available because --localstorage-file was not provided.
(Use `node --trace-warnings ...` to show where the warning was created)
(node:39754) ExperimentalWarning: localStorage is not available because --localstorage-file was not provided.
(Use `node --trace-warnings ...` to show where the warning was created)
(node:39756) ExperimentalWarning: localStorage is not available because --localstorage-file was not provided.
(Use `node --trace-warnings ...` to show where the warning was created)
(node:39760) ExperimentalWarning: localStorage is not available because --localstorage-file was not provided.
(Use `node --trace-warnings ...` to show where the warning was created)
(node:39764) ExperimentalWarning: localStorage is not available because --localstorage-file was not provided.
(Use `node --trace-warnings ...` to show where the warning was created)
(node:39765) ExperimentalWarning: localStorage is not available because --localstorage-file was not provided.
(Use `node --trace-warnings ...` to show where the warning was created)
(node:39767) ExperimentalWarning: localStorage is not available because --localstorage-file was not provided.
(Use `node --trace-warnings ...` to show where the warning was created)
(node:39768) ExperimentalWarning: localStorage is not available because --localstorage-file was not provided.
(Use `node --trace-warnings ...` to show where the warning was created)
(node:39769) ExperimentalWarning: localStorage is not available because --localstorage-file was not provided.
(Use `node --trace-warnings ...` to show where the warning was created)
(node:39770) ExperimentalWarning: localStorage is not available because --localstorage-file was not provided.
(Use `node --trace-warnings ...` to show where the warning was created)
(node:39773) ExperimentalWarning: localStorage is not available because --localstorage-file was not provided.
(Use `node --trace-warnings ...` to show where the warning was created)
(node:39772) ExperimentalWarning: localStorage is not available because --localstorage-file was not provided.
(Use `node --trace-warnings ...` to show where the warning was created)
(node:39771) ExperimentalWarning: localStorage is not available because --localstorage-file was not provided.
(Use `node --trace-warnings ...` to show where the warning was created)
(node:39775) ExperimentalWarning: localStorage is not available because --localstorage-file was not provided.
(Use `node --trace-warnings ...` to show where the warning was created)
(node:39774) ExperimentalWarning: localStorage is not available because --localstorage-file was not provided.
(Use `node --trace-warnings ...` to show where the warning was created)
(node:39778) ExperimentalWarning: localStorage is not available because --localstorage-file was not provided.
(Use `node --trace-warnings ...` to show where the warning was created)
(node:39779) ExperimentalWarning: localStorage is not available because --localstorage-file was not provided.
(Use `node --trace-warnings ...` to show where the warning was created)
(node:39781) ExperimentalWarning: localStorage is not available because --localstorage-file was not provided.
(Use `node --trace-warnings ...` to show where the warning was created)
(node:39780) ExperimentalWarning: localStorage is not available because --localstorage-file was not provided.
(Use `node --trace-warnings ...` to show where the warning was created)
(node:39783) ExperimentalWarning: localStorage is not available because --localstorage-file was not provided.
(Use `node --trace-warnings ...` to show where the warning was created)
(node:39784) ExperimentalWarning: localStorage is not available because --localstorage-file was not provided.
(Use `node --trace-warnings ...` to show where the warning was created)
(node:39787) ExperimentalWarning: localStorage is not available because --localstorage-file was not provided.
(Use `node --trace-warnings ...` to show where the warning was created)
(node:39786) ExperimentalWarning: localStorage is not available because --localstorage-file was not provided.
(Use `node --trace-warnings ...` to show where the warning was created)
(node:39788) ExperimentalWarning: localStorage is not available because --localstorage-file was not provided.
(Use `node --trace-warnings ...` to show where the warning was created)
(node:39785) ExperimentalWarning: localStorage is not available because --localstorage-file was not provided.
(Use `node --trace-warnings ...` to show where the warning was created)
(node:39789) ExperimentalWarning: localStorage is not available because --localstorage-file was not provided.
(Use `node --trace-warnings ...` to show where the warning was created)
(node:39790) ExperimentalWarning: localStorage is not available because --localstorage-file was not provided.
(Use `node --trace-warnings ...` to show where the warning was created)
(node:39792) ExperimentalWarning: localStorage is not available because --localstorage-file was not provided.
(Use `node --trace-warnings ...` to show where the warning was created)
(node:39793) ExperimentalWarning: localStorage is not available because --localstorage-file was not provided.
(Use `node --trace-warnings ...` to show where the warning was created)
(node:39794) ExperimentalWarning: localStorage is not available because --localstorage-file was not provided.
(Use `node --trace-warnings ...` to show where the warning was created)
(node:39795) ExperimentalWarning: localStorage is not available because --localstorage-file was not provided.
(Use `node --trace-warnings ...` to show where the warning was created)
(node:39796) ExperimentalWarning: localStorage is not available because --localstorage-file was not provided.
(Use `node --trace-warnings ...` to show where the warning was created)
(node:39797) ExperimentalWarning: localStorage is not available because --localstorage-file was not provided.
(Use `node --trace-warnings ...` to show where the warning was created)
(node:39799) ExperimentalWarning: localStorage is not available because --localstorage-file was not provided.
(Use `node --trace-warnings ...` to show where the warning was created)
(node:39798) ExperimentalWarning: localStorage is not available because --localstorage-file was not provided.
(Use `node --trace-warnings ...` to show where the warning was created)
(node:39804) ExperimentalWarning: localStorage is not available because --localstorage-file was not provided.
(Use `node --trace-warnings ...` to show where the warning was created)
(node:39806) ExperimentalWarning: localStorage is not available because --localstorage-file was not provided.
(Use `node --trace-warnings ...` to show where the warning was created)
(node:39805) ExperimentalWarning: localStorage is not available because --localstorage-file was not provided.
(Use `node --trace-warnings ...` to show where the warning was created)
(node:39802) ExperimentalWarning: localStorage is not available because --localstorage-file was not provided.
(Use `node --trace-warnings ...` to show where the warning was created)
(node:39807) ExperimentalWarning: localStorage is not available because --localstorage-file was not provided.
(Use `node --trace-warnings ...` to show where the warning was created)
(node:39803) ExperimentalWarning: localStorage is not available because --localstorage-file was not provided.
(Use `node --trace-warnings ...` to show where the warning was created)
(node:39808) ExperimentalWarning: localStorage is not available because --localstorage-file was not provided.
(Use `node --trace-warnings ...` to show where the warning was created)
(node:39809) ExperimentalWarning: localStorage is not available because --localstorage-file was not provided.
(Use `node --trace-warnings ...` to show where the warning was created)
(node:39810) ExperimentalWarning: localStorage is not available because --localstorage-file was not provided.
(Use `node --trace-warnings ...` to show where the warning was created)
(node:39811) ExperimentalWarning: localStorage is not available because --localstorage-file was not provided.
(Use `node --trace-warnings ...` to show where the warning was created)
(node:39812) ExperimentalWarning: localStorage is not available because --localstorage-file was not provided.
(Use `node --trace-warnings ...` to show where the warning was created)
(node:39814) ExperimentalWarning: localStorage is not available because --localstorage-file was not provided.
(Use `node --trace-warnings ...` to show where the warning was created)
(node:39813) ExperimentalWarning: localStorage is not available because --localstorage-file was not provided.
(Use `node --trace-warnings ...` to show where the warning was created)
(node:39815) ExperimentalWarning: localStorage is not available because --localstorage-file was not provided.
(Use `node --trace-warnings ...` to show where the warning was created)
(node:39816) ExperimentalWarning: localStorage is not available because --localstorage-file was not provided.
(Use `node --trace-warnings ...` to show where the warning was created)
(node:39818) ExperimentalWarning: localStorage is not available because --localstorage-file was not provided.
(Use `node --trace-warnings ...` to show where the warning was created)
(node:39817) ExperimentalWarning: localStorage is not available because --localstorage-file was not provided.
(Use `node --trace-warnings ...` to show where the warning was created)
(node:39819) ExperimentalWarning: localStorage is not available because --localstorage-file was not provided.
(Use `node --trace-warnings ...` to show where the warning was created)
(node:39820) ExperimentalWarning: localStorage is not available because --localstorage-file was not provided.
(Use `node --trace-warnings ...` to show where the warning was created)
(node:39821) ExperimentalWarning: localStorage is not available because --localstorage-file was not provided.
(Use `node --trace-warnings ...` to show where the warning was created)
(node:39822) ExperimentalWarning: localStorage is not available because --localstorage-file was not provided.
(Use `node --trace-warnings ...` to show where the warning was created)
(node:39823) ExperimentalWarning: localStorage is not available because --localstorage-file was not provided.
(Use `node --trace-warnings ...` to show where the warning was created)
(node:39824) ExperimentalWarning: localStorage is not available because --localstorage-file was not provided.
(Use `node --trace-warnings ...` to show where the warning was created)
(node:39826) ExperimentalWarning: localStorage is not available because --localstorage-file was not provided.
(Use `node --trace-warnings ...` to show where the warning was created)
(node:39828) ExperimentalWarning: localStorage is not available because --localstorage-file was not provided.
(Use `node --trace-warnings ...` to show where the warning was created)
(node:39829) ExperimentalWarning: localStorage is not available because --localstorage-file was not provided.
(Use `node --trace-warnings ...` to show where the warning was created)
(node:39830) ExperimentalWarning: localStorage is not available because --localstorage-file was not provided.
(Use `node --trace-warnings ...` to show where the warning was created)
(node:39832) ExperimentalWarning: localStorage is not available because --localstorage-file was not provided.
(Use `node --trace-warnings ...` to show where the warning was created)
(node:39834) ExperimentalWarning: localStorage is not available because --localstorage-file was not provided.
(Use `node --trace-warnings ...` to show where the warning was created)
(node:39833) ExperimentalWarning: localStorage is not available because --localstorage-file was not provided.
(Use `node --trace-warnings ...` to show where the warning was created)
(node:39831) ExperimentalWarning: localStorage is not available because --localstorage-file was not provided.
(Use `node --trace-warnings ...` to show where the warning was created)
(node:39835) ExperimentalWarning: localStorage is not available because --localstorage-file was not provided.
(Use `node --trace-warnings ...` to show where the warning was created)
(node:39836) ExperimentalWarning: localStorage is not available because --localstorage-file was not provided.
(Use `node --trace-warnings ...` to show where the warning was created)
(node:39837) ExperimentalWarning: localStorage is not available because --localstorage-file was not provided.
(Use `node --trace-warnings ...` to show where the warning was created)
(node:39838) ExperimentalWarning: localStorage is not available because --localstorage-file was not provided.
(Use `node --trace-warnings ...` to show where the warning was created)
(node:39840) ExperimentalWarning: localStorage is not available because --localstorage-file was not provided.
(Use `node --trace-warnings ...` to show where the warning was created)
(node:39841) ExperimentalWarning: localStorage is not available because --localstorage-file was not provided.
(Use `node --trace-warnings ...` to show where the warning was created)
(node:39842) ExperimentalWarning: localStorage is not available because --localstorage-file was not provided.
(Use `node --trace-warnings ...` to show where the warning was created)
(node:39843) ExperimentalWarning: localStorage is not available because --localstorage-file was not provided.
(Use `node --trace-warnings ...` to show where the warning was created)
(node:39845) ExperimentalWarning: localStorage is not available because --localstorage-file was not provided.
(Use `node --trace-warnings ...` to show where the warning was created)
(node:39844) ExperimentalWarning: localStorage is not available because --localstorage-file was not provided.
(Use `node --trace-warnings ...` to show where the warning was created)
(node:39846) ExperimentalWarning: localStorage is not available because --localstorage-file was not provided.
(Use `node --trace-warnings ...` to show where the warning was created)
(node:39848) ExperimentalWarning: localStorage is not available because --localstorage-file was not provided.
(Use `node --trace-warnings ...` to show where the warning was created)
(node:39847) ExperimentalWarning: localStorage is not available because --localstorage-file was not provided.
(Use `node --trace-warnings ...` to show where the warning was created)
(node:39849) ExperimentalWarning: localStorage is not available because --localstorage-file was not provided.
(Use `node --trace-warnings ...` to show where the warning was created)
(node:39851) ExperimentalWarning: localStorage is not available because --localstorage-file was not provided.
(Use `node --trace-warnings ...` to show where the warning was created)
(node:39850) ExperimentalWarning: localStorage is not available because --localstorage-file was not provided.
(Use `node --trace-warnings ...` to show where the warning was created)
(node:39852) ExperimentalWarning: localStorage is not available because --localstorage-file was not provided.
(Use `node --trace-warnings ...` to show where the warning was created)
(node:39853) ExperimentalWarning: localStorage is not available because --localstorage-file was not provided.
(Use `node --trace-warnings ...` to show where the warning was created)
(node:39854) ExperimentalWarning: localStorage is not available because --localstorage-file was not provided.
(Use `node --trace-warnings ...` to show where the warning was created)
(node:39855) ExperimentalWarning: localStorage is not available because --localstorage-file was not provided.
(Use `node --trace-warnings ...` to show where the warning was created)
(node:39856) ExperimentalWarning: localStorage is not available because --localstorage-file was not provided.
(Use `node --trace-warnings ...` to show where the warning was created)
(node:39857) ExperimentalWarning: localStorage is not available because --localstorage-file was not provided.
(Use `node --trace-warnings ...` to show where the warning was created)
(node:39858) ExperimentalWarning: localStorage is not available because --localstorage-file was not provided.
(Use `node --trace-warnings ...` to show where the warning was created)
(node:39860) ExperimentalWarning: localStorage is not available because --localstorage-file was not provided.
(Use `node --trace-warnings ...` to show where the warning was created)
(node:39859) ExperimentalWarning: localStorage is not available because --localstorage-file was not provided.
(Use `node --trace-warnings ...` to show where the warning was created)
(node:39863) ExperimentalWarning: localStorage is not available because --localstorage-file was not provided.
(Use `node --trace-warnings ...` to show where the warning was created)
(node:39861) ExperimentalWarning: localStorage is not available because --localstorage-file was not provided.
(Use `node --trace-warnings ...` to show where the warning was created)
(node:39862) ExperimentalWarning: localStorage is not available because --localstorage-file was not provided.
(Use `node --trace-warnings ...` to show where the warning was created)
(node:39864) ExperimentalWarning: localStorage is not available because --localstorage-file was not provided.
(Use `node --trace-warnings ...` to show where the warning was created)
(node:39865) ExperimentalWarning: localStorage is not available because --localstorage-file was not provided.
(Use `node --trace-warnings ...` to show where the warning was created)
(node:39867) ExperimentalWarning: localStorage is not available because --localstorage-file was not provided.
(Use `node --trace-warnings ...` to show where the warning was created)
(node:39873) ExperimentalWarning: localStorage is not available because --localstorage-file was not provided.
(Use `node --trace-warnings ...` to show where the warning was created)
(node:39872) ExperimentalWarning: localStorage is not available because --localstorage-file was not provided.
(Use `node --trace-warnings ...` to show where the warning was created)
(node:39871) ExperimentalWarning: localStorage is not available because --localstorage-file was not provided.
(Use `node --trace-warnings ...` to show where the warning was created)
(node:39875) ExperimentalWarning: localStorage is not available because --localstorage-file was not provided.
(Use `node --trace-warnings ...` to show where the warning was created)
(node:39877) ExperimentalWarning: localStorage is not available because --localstorage-file was not provided.
(Use `node --trace-warnings ...` to show where the warning was created)
(node:39876) ExperimentalWarning: localStorage is not available because --localstorage-file was not provided.
(Use `node --trace-warnings ...` to show where the warning was created)
(node:39879) ExperimentalWarning: localStorage is not available because --localstorage-file was not provided.
(Use `node --trace-warnings ...` to show where the warning was created)
(node:39878) ExperimentalWarning: localStorage is not available because --localstorage-file was not provided.
(Use `node --trace-warnings ...` to show where the warning was created)
(node:39881) ExperimentalWarning: localStorage is not available because --localstorage-file was not provided.
(Use `node --trace-warnings ...` to show where the warning was created)
(node:39880) ExperimentalWarning: localStorage is not available because --localstorage-file was not provided.
(Use `node --trace-warnings ...` to show where the warning was created)
(node:39882) ExperimentalWarning: localStorage is not available because --localstorage-file was not provided.
(Use `node --trace-warnings ...` to show where the warning was created)
(node:39883) ExperimentalWarning: localStorage is not available because --localstorage-file was not provided.
(Use `node --trace-warnings ...` to show where the warning was created)
(node:39884) ExperimentalWarning: localStorage is not available because --localstorage-file was not provided.
(Use `node --trace-warnings ...` to show where the warning was created)
(node:39885) ExperimentalWarning: localStorage is not available because --localstorage-file was not provided.
(Use `node --trace-warnings ...` to show where the warning was created)
(node:39886) ExperimentalWarning: localStorage is not available because --localstorage-file was not provided.
(Use `node --trace-warnings ...` to show where the warning was created)
(node:39888) ExperimentalWarning: localStorage is not available because --localstorage-file was not provided.
(Use `node --trace-warnings ...` to show where the warning was created)
(node:39889) ExperimentalWarning: localStorage is not available because --localstorage-file was not provided.
(Use `node --trace-warnings ...` to show where the warning was created)
(node:39894) ExperimentalWarning: localStorage is not available because --localstorage-file was not provided.
(Use `node --trace-warnings ...` to show where the warning was created)
(node:39893) ExperimentalWarning: localStorage is not available because --localstorage-file was not provided.
(Use `node --trace-warnings ...` to show where the warning was created)
(node:39895) ExperimentalWarning: localStorage is not available because --localstorage-file was not provided.
(Use `node --trace-warnings ...` to show where the warning was created)
(node:39896) ExperimentalWarning: localStorage is not available because --localstorage-file was not provided.
(Use `node --trace-warnings ...` to show where the warning was created)
(node:39892) ExperimentalWarning: localStorage is not available because --localstorage-file was not provided.
(Use `node --trace-warnings ...` to show where the warning was created)
(node:39898) ExperimentalWarning: localStorage is not available because --localstorage-file was not provided.
(Use `node --trace-warnings ...` to show where the warning was created)
(node:39897) ExperimentalWarning: localStorage is not available because --localstorage-file was not provided.
(Use `node --trace-warnings ...` to show where the warning was created)
(node:39899) ExperimentalWarning: localStorage is not available because --localstorage-file was not provided.
(Use `node --trace-warnings ...` to show where the warning was created)
(node:39900) ExperimentalWarning: localStorage is not available because --localstorage-file was not provided.
(Use `node --trace-warnings ...` to show where the warning was created)
(node:39901) ExperimentalWarning: localStorage is not available because --localstorage-file was not provided.
(Use `node --trace-warnings ...` to show where the warning was created)
(node:39902) ExperimentalWarning: localStorage is not available because --localstorage-file was not provided.
(Use `node --trace-warnings ...` to show where the warning was created)
(node:39903) ExperimentalWarning: localStorage is not available because --localstorage-file was not provided.
(Use `node --trace-warnings ...` to show where the warning was created)
(node:39904) ExperimentalWarning: localStorage is not available because --localstorage-file was not provided.
(Use `node --trace-warnings ...` to show where the warning was created)
(node:39905) ExperimentalWarning: localStorage is not available because --localstorage-file was not provided.
(Use `node --trace-warnings ...` to show where the warning was created)
(node:39907) ExperimentalWarning: localStorage is not available because --localstorage-file was not provided.
(Use `node --trace-warnings ...` to show where the warning was created)
(node:39908) ExperimentalWarning: localStorage is not available because --localstorage-file was not provided.
(Use `node --trace-warnings ...` to show where the warning was created)
(node:39909) ExperimentalWarning: localStorage is not available because --localstorage-file was not provided.
(Use `node --trace-warnings ...` to show where the warning was created)
(node:39911) ExperimentalWarning: localStorage is not available because --localstorage-file was not provided.
(Use `node --trace-warnings ...` to show where the warning was created)
(node:39914) ExperimentalWarning: localStorage is not available because --localstorage-file was not provided.
(Use `node --trace-warnings ...` to show where the warning was created)
(node:39915) ExperimentalWarning: localStorage is not available because --localstorage-file was not provided.
(Use `node --trace-warnings ...` to show where the warning was created)
(node:39917) ExperimentalWarning: localStorage is not available because --localstorage-file was not provided.
(Use `node --trace-warnings ...` to show where the warning was created)
(node:39916) ExperimentalWarning: localStorage is not available because --localstorage-file was not provided.
(Use `node --trace-warnings ...` to show where the warning was created)
(node:39918) ExperimentalWarning: localStorage is not available because --localstorage-file was not provided.
(Use `node --trace-warnings ...` to show where the warning was created)
(node:39920) ExperimentalWarning: localStorage is not available because --localstorage-file was not provided.
(Use `node --trace-warnings ...` to show where the warning was created)
(node:39919) ExperimentalWarning: localStorage is not available because --localstorage-file was not provided.
(Use `node --trace-warnings ...` to show where the warning was created)

 Test Files  298 passed (298)
      Tests  4423 passed (4423)
   Start at  09:26:56
   Duration  37.44s (transform 22.78s, setup 28.04s, import 64.43s, tests 219.01s, environment 119.04s)

 % Coverage report from v8

=============================== Coverage summary ===============================
Statements   : 77.44% ( 20868/26944 )
Branches     : 74.55% ( 23769/31882 )
Functions    : 74.39% ( 5522/7423 )
Lines        : 80.52% ( 18035/22397 )
================================================================================
npm notice run app@0.0.0 test:release-config
npm notice run node --test scripts/verificar-config-release.test.mjs
✔ acepta solo la configuración pública productiva presente en el bundle (93.6025ms)
✔ rechaza un release sin variables de Supabase (79.936292ms)
✔ rechaza una llave privilegiada (78.195ms)
✔ rechaza un build que no incorporó la configuración (80.837084ms)
ℹ tests 4
ℹ suites 0
ℹ pass 4
ℹ fail 0
ℹ cancelled 0
ℹ skipped 0
ℹ todo 0
ℹ duration_ms 368.94775
npm notice run app@0.0.0 test:push-tasa
npm notice run node --test scripts/sw-crm.test.mjs
✔ el worker no intercepta peticiones de red (9.133292ms)
✔ un reintento reemplaza el mismo aviso sin sonido y cumple userVisibleOnly (1.276958ms)
✔ un aviso en tránsito después de salir solo informa la baja y retira la suscripción (0.374125ms)
✔ un fallo del almacenamiento conserva un aviso visible sin revelar actividad del CRM (0.287291ms)
✔ un registro de repetidos dañado no oculta una solicitud nueva (0.724167ms)
✔ clic reconstruye una ruta interna y no acepta URLs del mensaje (0.3615ms)
✔ si una ventana desaparece durante el clic abre otra (0.337625ms)
✔ el clic conserva un formulario abierto en otra pestaña (0.248625ms)
ℹ tests 8
ℹ suites 0
ℹ pass 8
ℹ fail 0
ℹ cancelled 0
ℹ skipped 0
ℹ todo 0
ℹ duration_ms 48.942208
npm notice run app@0.0.0 build
npm notice run tsc -b && vite build
vite v8.1.4 building client environment for production...

transforming...✓ 3292 modules transformed.
rendering chunks...
computing gzip size...
dist/version.json                                                0.05 kB │ gzip:   0.06 kB
dist/index.html                                                  2.17 kB │ gzip:   0.68 kB
dist/assets/plus-jakarta-sans-latin-400-normal-Dhut76fR.woff2   11.81 kB
dist/assets/plus-jakarta-sans-latin-800-normal-CusIZhrK.woff2   11.89 kB
dist/assets/plus-jakarta-sans-latin-600-normal-DLTa1BUW.woff2   12.18 kB
dist/assets/plus-jakarta-sans-latin-700-normal-CfpNZvy6.woff2   12.24 kB
dist/assets/plus-jakarta-sans-latin-500-normal-Bf-nb4oT.woff2   12.31 kB
dist/assets/plus-jakarta-sans-latin-400-normal-BDKaGhyp.woff    15.72 kB
dist/assets/plus-jakarta-sans-latin-800-normal-BRNHt2w0.woff    15.78 kB
dist/assets/plus-jakarta-sans-latin-600-normal-BR_Ojra4.woff    16.08 kB
dist/assets/plus-jakarta-sans-latin-500-normal-DYtqi0QS.woff    16.12 kB
dist/assets/plus-jakarta-sans-latin-700-normal-DqEcQeE5.woff    16.13 kB
dist/assets/ibm-plex-sans-latin-400-normal-CYLoc0-x.woff        22.10 kB
dist/assets/ibm-plex-sans-latin-700-normal-Bth3BMcD.woff        22.28 kB
dist/assets/ibm-plex-sans-latin-400-normal-CDDApCn2.woff2       22.58 kB
dist/assets/ibm-plex-sans-latin-700-normal-Bxkt5Cjx.woff2       22.83 kB
dist/assets/ibm-plex-sans-latin-600-normal-Cu4Hd6ag.woff        23.87 kB
dist/assets/ibm-plex-sans-latin-500-normal-BgVn5rGT.woff        23.91 kB
dist/assets/ibm-plex-sans-latin-500-normal-6ng42L7E.woff2       24.18 kB
dist/assets/ibm-plex-sans-latin-600-normal-CuJfVYMP.woff2       24.25 kB
dist/.vite/license.md                                           87.03 kB
dist/assets/gerencia-BaLUQF8y.css                               17.29 kB │ gzip:   3.73 kB
dist/assets/gestion-diaria-Dey4Dd1n.css                         18.25 kB │ gzip:   3.86 kB
dist/assets/index-0DtkXK7c.css                                 157.49 kB │ gzip:  25.71 kB
dist/assets/argumentos-rpc-CZnLpNy5.js                           0.09 kB │ gzip:   0.10 kB
dist/assets/rescate-carpeta-CQpRfkJ4.js                          0.20 kB │ gzip:   0.16 kB
dist/assets/seguimiento-DO52RZcR.js                              0.23 kB │ gzip:   0.20 kB
dist/assets/use-periodo-gerencia-D75Dcm_W.js                     0.29 kB │ gzip:   0.21 kB
dist/assets/use-valor-diferido-C5pSPdfy.js                       0.29 kB │ gzip:   0.22 kB
dist/assets/progress-D0ikcgue.js                                 0.42 kB │ gzip:   0.30 kB
dist/assets/section-head-Cb3Dky9G.js                             0.43 kB │ gzip:   0.29 kB
dist/assets/use-resumen-cartera-operativo-S-HP7Jsw.js            0.49 kB │ gzip:   0.34 kB
dist/assets/ahora-CyLTFCpv.js                                    0.51 kB │ gzip:   0.30 kB
dist/assets/store-context-8oahbTda.js                            0.67 kB │ gzip:   0.31 kB
dist/assets/rolldown-runtime-QTnfLwEv.js                         0.69 kB │ gzip:   0.42 kB
dist/assets/desglose-monedas-CDcNxeU5.js                         0.70 kB │ gzip:   0.42 kB
dist/assets/tabla-OepJEWd6.js                                    0.70 kB │ gzip:   0.36 kB
dist/assets/cola-seguimiento-4auNNKXi.js                         0.73 kB │ gzip:   0.42 kB
dist/assets/card-CIYkZJ3m.js                                     0.73 kB │ gzip:   0.33 kB
dist/assets/select-Ct4SsceX.js                                   0.86 kB │ gzip:   0.52 kB
dist/assets/animated-value-CxWwuyas.js                           0.94 kB │ gzip:   0.55 kB
dist/assets/paginacion-CrZzhzWJ.js                               0.99 kB │ gzip:   0.55 kB
dist/assets/input-CKer6P8O.js                                    1.01 kB │ gzip:   0.53 kB
dist/assets/kpi-card-ANGuhNOr.js                                 1.14 kB │ gzip:   0.63 kB
dist/assets/aviso-degradacion-oxmyKssV.js                        1.19 kB │ gzip:   0.63 kB
dist/assets/use-metricas-vendedores-operativas-BYbFQ_gc.js       1.59 kB │ gzip:   0.83 kB
dist/assets/use-cartera-paginada-knFnTD20.js                     1.60 kB │ gzip:   0.81 kB
dist/assets/button-CpiEwf0o.js                                   1.96 kB │ gzip:   0.98 kB
dist/assets/configuracion-shell-DznTWNTi.js                      1.97 kB │ gzip:   0.92 kB
dist/assets/stat-strip-Bv6AJE0P.js                               2.19 kB │ gzip:   0.93 kB
dist/assets/controles-periodo-derivaciones-CovsfZGG.js           2.52 kB │ gzip:   0.92 kB
dist/assets/acciones-reconocer-alerta-ChHn3qNz.js                2.58 kB │ gzip:   1.17 kB
dist/assets/dropdown-menu-D2zmNjUD.js                            3.13 kB │ gzip:   1.54 kB
dist/assets/notificaciones-tasa-Drz5kwJ5.js                      4.17 kB │ gzip:   1.78 kB
dist/assets/control-citas-CC7pAQfk.js                            4.18 kB │ gzip:   1.73 kB
dist/assets/sla-operacion-B7A8p7cs.js                            5.64 kB │ gzip:   2.24 kB
dist/assets/distribucion-lecturas-DQwxAIxK.js                    7.52 kB │ gzip:   2.61 kB
dist/assets/config-BVdgbw9N.js                                  12.02 kB │ gzip:   4.21 kB
dist/assets/config-gestion-diaria-C5v4lDvv.js                   12.13 kB │ gzip:   3.95 kB
dist/assets/dist-DAse8jiX.js                                    12.57 kB │ gzip:   4.48 kB
dist/assets/alertas-9oCa_bg2.js                                 13.63 kB │ gzip:   4.74 kB
dist/assets/derivaciones-lZF8BZMi.js                            13.73 kB │ gzip:   4.67 kB
dist/assets/historial-decisiones-tasa-gerencia-BzusUHcB.js      14.20 kB │ gzip:   3.95 kB
dist/assets/config-rentabilidad-hBFro8ng.js                     14.71 kB │ gzip:   4.85 kB
dist/assets/cartera-Dw5zuA6m.js                                 14.76 kB │ gzip:   5.09 kB
dist/assets/pipeline-MKQCaNsZ.js                                14.89 kB │ gzip:   5.24 kB
dist/assets/cierres-externos-seccion-DJmty8uA.js                15.26 kB │ gzip:   4.67 kB
dist/assets/crm-queries-Bsl1twKM.js                             15.73 kB │ gzip:   4.30 kB
dist/assets/config-metas-Canv1YsF.js                            16.11 kB │ gzip:   5.57 kB
dist/assets/config-citas-zniMRUl1.js                            17.02 kB │ gzip:   5.70 kB
dist/assets/config-sla-4d6XxCQK.js                              17.24 kB │ gzip:   5.47 kB
dist/assets/metricas-multiempresa-CsGU7usM.js                   19.95 kB │ gzip:   5.72 kB
dist/assets/escape-dialogo-BhefE2FP.js                          20.29 kB │ gzip:   7.42 kB
dist/assets/echart-bar-CJ7XQVqX.js                              21.98 kB │ gzip:   8.34 kB
dist/assets/gestion-diaria-api-B-LyhVGp.js                      23.53 kB │ gzip:   7.36 kB
dist/assets/config-usuarios-CqNMPXg9.js                         23.93 kB │ gzip:   6.50 kB
dist/assets/equipo-Cga_eN0H.js                                  26.78 kB │ gzip:   7.86 kB
dist/assets/utils-BQtK_ljd.js                                   26.93 kB │ gzip:   8.59 kB
dist/assets/config-productos-Bs9o4Vxh.js                        27.09 kB │ gzip:   7.35 kB
dist/assets/rescate-descartados-BPUAUa4i.js                     30.83 kB │ gzip:   7.93 kB
dist/assets/facturacion-DwKKvfJk.js                             31.06 kB │ gzip:  10.18 kB
dist/assets/agenda-tZbsS0m1.js                                  31.08 kB │ gzip:   8.83 kB
dist/assets/lead-hover-card-BMZn5QXY.js                         33.88 kB │ gzip:  12.66 kB
dist/assets/ranking-vendedores-ByMZHKIK.js                      37.29 kB │ gzip:   8.94 kB
dist/assets/echart-line-BrRG2d6m.js                             45.31 kB │ gzip:  16.14 kB
dist/assets/repartir-DEd8n2vP.js                                50.78 kB │ gzip:  13.23 kB
dist/assets/esm-BofDk75c.js                                     84.55 kB │ gzip:  28.62 kB
dist/assets/hoy-DaNkTUiW.js                                     92.98 kB │ gzip:  25.60 kB
dist/assets/ui-vendor-CJpsc-7E.js                               94.17 kB │ gzip:  20.60 kB
dist/assets/gerencia-C3Ydm_3O.js                               101.38 kB │ gzip:  28.14 kB
dist/assets/gestion-diaria-wNbxwV05.js                         136.09 kB │ gzip:  37.06 kB
dist/assets/react-vendor-BXy-oECh.js                           190.81 kB │ gzip:  60.00 kB
dist/assets/gerencia-zRdpwspD.js                               192.65 kB │ gzip:  47.49 kB
dist/assets/mi-cartera-eUwkryUA.js                             213.86 kB │ gzip:  53.57 kB
dist/assets/crm-api-CR8kffJO.js                                225.48 kB │ gzip:  63.06 kB
dist/assets/data-vendor-DTp_zWmI.js                            244.55 kB │ gzip:  63.66 kB
dist/assets/echart-CIvurqcw.js                                 487.20 kB │ gzip: 165.23 kB
dist/assets/index-CBUmobDq.js                                  726.92 kB │ gzip: 217.34 kB

[INEFFECTIVE_DYNAMIC_IMPORT] src/lib/demo-config.ts is dynamically imported by src/data/crm-config-queries.ts but also statically imported by src/lib/demo-sla.ts, dynamic import will not move module into another chunk.

[plugin builtin:vite-reporter]
(!) Some chunks are larger than 500 kB after minification. Consider:
- Using dynamic import() to code-split the application
- Use build.rolldownOptions.output.codeSplitting to improve chunking: https://rolldown.rs/reference/OutputOptions.codeSplitting
- Adjust chunk size limit for this warning via build.chunkSizeWarningLimit.
✓ built in 427ms
npm notice run app@0.0.0 verify:bundle
npm notice run node scripts/verificar-bundle-produccion.mjs
BUNDLE_PRODUCCION_SIN_PDFMAKE_NI_FIXTURES_DEMO_CON_FICHA_360_Y_CON_FOCO
npm notice run app@0.0.0 dup
npm notice run jscpd src --min-tokens 70 --ignore "**/*.test.*" --threshold 0.8 --reporters consoleFull
Clone found (tsx)
 - App.tsx [191:7 - 201:6]
   App.tsx [311:7 - 321:6]

Clone found (tsx)
 - components/app/contrato-corregir.tsx [159:7 - 168:68]
   components/app/contrato-corregir.tsx [249:5 - 258:66]

Clone found (tsx)
 - components/app/contrato-corregir.tsx [295:45 - 313:10]
   components/app/contrato-nuevo.tsx [506:57 - 526:10]

Clone found (tsx)
 - components/app/contrato-corregir.tsx [788:13 - 813:13]
   components/app/contrato-nuevo.tsx [1420:13 - 1446:13]

Clone found (tsx)
 - components/app/splash-crm.tsx [275:11 - 289:20]
   components/app/splash-crm.tsx [327:7 - 341:16]

Clone found (tsx)
 - components/gestion-diaria/comparacion-equipos-gerencia.tsx [37:53 - 42:7]
   components/gestion-diaria/reporte-habitos.tsx [54:71 - 59:7]

Clone found (typescript)
 - data/crm-api.ts [1043:22 - 1056:56]
   data/crm-api.ts [1420:28 - 1430:56]

Clone found (typescript)
 - data/crm-api.ts [1044:5 - 1050:47]
   data/crm-api.ts [1464:10 - 1470:47]

Clone found (css)
 - index.css [338:66 - 343:7]
   index.css [384:32 - 389:5]

Clone found (typescript)
 - lib/auth-maquina.ts [376:50 - 395:7]
   lib/auth-maquina.ts [432:94 - 449:7]

Clone found (typescript)
 - lib/conversion-mensual.ts [170:23 - 179:6]
   lib/objetivos.ts [315:22 - 323:6]

Clone found (typescript)
 - lib/conversion-vendedores.ts [448:72 - 467:13]
   lib/conversion-vendedores.ts [538:63 - 554:13]

Clone found (typescript)
 - lib/database.types.ts [2502:15 - 2527:25]
   lib/database.types.ts [2542:15 - 2567:25]

Clone found (typescript)
 - lib/database.types.ts [4061:15 - 4086:15]
   lib/database.types.ts [4092:15 - 4117:15]

Clone found (typescript)
 - lib/database.types.ts [6504:15 - 6525:13]
   lib/database.types.ts [6540:15 - 6561:13]

Clone found (typescript)
 - lib/database.types.ts [6898:25 - 6910:103]
   lib/database.types.ts [6923:25 - 6935:103]

Clone found (typescript)
 - lib/demo-inteligencia-comercial.ts [329:11 - 342:6]
   lib/demo.ts [261:49 - 274:4]

Clone found (typescript)
 - lib/metricas-agenda.ts [40:57 - 47:6]
   lib/metricas-distribucion.ts [45:44 - 53:6]

Clone found (typescript)
 - lib/metricas-conversiones-equipo.ts [56:36 - 66:55]
   lib/objetivos.ts [346:54 - 356:55]

Clone found (typescript)
 - lib/metricas-vendedores.ts [46:10 - 57:9]
   lib/metricas-vendedores.ts [94:12 - 105:9]

Clone found (typescript)
 - lib/metricas-vendedores.ts [119:5 - 124:4]
   lib/metricas-vendedores.ts [144:5 - 149:14]

Clone found (typescript)
 - lib/metricas-vendedores.ts [135:22 - 148:91]
   lib/metricas-vendedores.ts [161:25 - 173:91]

Clone found (typescript)
 - lib/objetivos.ts [499:20 - 510:6]
   lib/objetivos.ts [694:15 - 705:8]

Clone found (typescript)
 - lib/productos-inversion.ts [25:59 - 35:35]
   lib/productos-inversion.ts [107:42 - 117:35]

Clone found (tsx)
 - lib/store.tsx [2744:21 - 2767:23]
   lib/store.tsx [2786:41 - 2808:23]

Clone found (tsx)
 - screens/agenda.tsx [555:45 - 565:31]
   screens/agenda.tsx [643:119 - 653:31]

Clone found (tsx)
 - screens/agenda.tsx [601:135 - 637:13]
   screens/agenda.tsx [683:148 - 719:13]

Clone found (tsx)
 - screens/hoy/graficas-gerencia.tsx [358:59 - 367:40]
   screens/hoy/graficas-gerencia.tsx [402:57 - 411:40]

Clone found (tsx)
 - screens/hoy/inteligencia-comercial.tsx [392:19 - 402:14]
   screens/hoy/inteligencia-comercial.tsx [536:19 - 546:14]

Clone found (tsx)
 - screens/hoy/inteligencia-comercial.tsx [626:54 - 635:52]
   screens/hoy/inteligencia-comercial.tsx [655:54 - 664:52]

Clone found (tsx)
 - screens/hoy/inteligencia-comercial.tsx [668:35 - 688:135]
   screens/hoy/resumen-gerencia.tsx [291:46 - 317:79]

Clone found (tsx)
 - screens/hoy/supervisor.tsx [129:87 - 150:8]
   screens/hoy/vendedor.tsx [869:70 - 896:8]

Clone found (tsx)
 - screens/hoy/supervisor.tsx [1005:17 - 1020:26]
   screens/hoy/vendedor.tsx [1593:17 - 1608:26]

Clone found (tsx)
 - screens/hoy/vendedor.tsx [1749:47 - 1762:76]
   screens/hoy/vendedor.tsx [1823:58 - 1835:76]

Clone found (tsx)
 - screens/mi-cartera.tsx [449:26 - 478:100]
   screens/mi-cartera.tsx [758:29 - 786:100]

Clone found (tsx)
 - screens/mi-cartera.tsx [635:37 - 656:12]
   screens/mi-cartera.tsx [882:38 - 903:14]

Clone found (tsx)
 - screens/mi-cartera.tsx [1850:31 - 1858:8]
   screens/mi-cartera.tsx [2377:23 - 2385:8]

┌────────────┬────────────────┬─────────────┬──────────────┬──────────────┬──────────────────┬───────────────────┐
│ Format     │ Files analyzed │ Total lines │ Total tokens │ Clones found │ Duplicated lines │ Duplicated tokens │
├────────────┼────────────────┼─────────────┼──────────────┼──────────────┼──────────────────┼───────────────────┤
│ css        │ 9              │ 1733        │ 37324        │ 1            │ 5 (0.29%)        │ 92 (0.25%)        │
├────────────┼────────────────┼─────────────┼──────────────┼──────────────┼──────────────────┼───────────────────┤
│ tsx        │ 197            │ 61542       │ 441149       │ 19           │ 305 (0.50%)      │ 2086 (0.47%)      │
├────────────┼────────────────┼─────────────┼──────────────┼──────────────┼──────────────────┼───────────────────┤
│ typescript │ 219            │ 46142       │ 269015       │ 17           │ 229 (0.50%)      │ 1689 (0.63%)      │
├────────────┼────────────────┼─────────────┼──────────────┼──────────────┼──────────────────┼───────────────────┤
│ Total:     │ 425            │ 109417      │ 747488       │ 37           │ 539 (0.49%)      │ 3867 (0.52%)      │
└────────────┴────────────────┴─────────────┴──────────────┴──────────────┴──────────────────┴───────────────────┘
Found 37 clones.
time: 36.760ms

💡 Auto-refactor with AI: npx skills add https://github.com/kucherenko/jscpd --skill dry-refactoring
🎩 New: Gangsta Agents — discipline your AI coding → gangsta.page
💖 Support jscpd project → https://opencollective.com/jscpd
