npm notice run app@0.0.0 test:e2e:docker
npm notice run bash scripts/e2e-docker.sh e2e/gestion-diaria-pulso.spec.ts --grep F5 móvil: --workers=1 --retries=0 --reporter=list
E2E en Docker · imagen mcr.microsoft.com/playwright:v1.61.1-noble

Running 1 test using 1 worker

  ✘  1 [chromium] › e2e/gestion-diaria-pulso.spec.ts:179:1 › F5 móvil: fecha, recarga y enlace directo sin desbordamiento (8.4s)


  1) [chromium] › e2e/gestion-diaria-pulso.spec.ts:179:1 › F5 móvil: fecha, recarga y enlace directo sin desbordamiento

    Error: expect(received).toEqual(expected) // deep equality

    - Expected  - 1
    + Received  + 3

    - Array []
    + Array [
    +   "62.5 %",
    + ]

    Call Log:
    - Timeout 5000ms exceeded while waiting on the predicate

      186 |         return texto.left < caja.left || texto.right > caja.right
      187 |       }).map(n => n.textContent)),
    > 188 |     )).toEqual([])
          |        ^
      189 |   }
      190 |   await page.setViewportSize({ width: 390, height: 844 })
      191 |   await page.mouse.move(380, 80)
        at /app/e2e/gestion-diaria-pulso.spec.ts:188:8

    Error Context: test-results/gestion-diaria-pulso-F5-mó-4402e--directo-sin-desbordamiento-chromium/error-context.md

  1 failed
    [chromium] › e2e/gestion-diaria-pulso.spec.ts:179:1 › F5 móvil: fecha, recarga y enlace directo sin desbordamiento
