npm notice run app@0.0.0 check
npm notice run npm run lint && npm run typecheck && npm run test:coverage && npm run test:release-config && npm run test:push-tasa && npm run build && npm run verify:bundle && npm run dup
npm notice run app@0.0.0 lint
npm notice run oxlint
src/components/ui/coverflow-carousel.tsx:299:11: warning jsx-a11y(no-noninteractive-tabindex): `tabIndex` should only be declared on interactive elements. help: The `tabIndex` attribute should be removed.
src/components/ui/coverflow-carousel.tsx:297:10: warning jsx-a11y(no-static-element-interactions): Static HTML elements with event handlers require a role. help: Add a role attribute to this element, or use a semantic HTML element instead.
src/components/ui/coverflow-carousel.tsx:327:15: warning jsx-a11y(click-events-have-key-events): Enforce a clickable non-interactive element has at least one keyboard event listener. help: Visible, non-interactive elements with click handlers must have one of `keyup`, `keydown`, or `keypress` listener.
src/components/ui/coverflow-carousel.tsx:327:16: warning jsx-a11y(no-noninteractive-element-interactions): Non-interactive elements should not be assigned mouse or keyboard event listeners. help: Move the handler to an interactive element, or use an appropriate interactive role.
src/components/gestion-diaria/tabla-equipo-diaria.tsx:48:17: warning jsx-a11y(control-has-associated-label): A control must be associated with a text label. help: Add a text label to the control element. This can be done by adding text content, an `aria-label` attribute, or an `aria-labelledby` attribute.
src/components/gestion-diaria/reporte-habitos.tsx:37:38: warning jsx-a11y(no-interactive-element-to-noninteractive-role): Interactive elements should not be assigned non-interactive roles. help: WAI-ARIA roles should not be used to convert an interactive element to a non-interactive element. Wrap the element or use a different structure.
src/components/gestion-diaria/reporte-habitos.tsx:38:57: warning jsx-a11y(no-interactive-element-to-noninteractive-role): Interactive elements should not be assigned non-interactive roles. help: WAI-ARIA roles should not be used to convert an interactive element to a non-interactive element. Wrap the element or use a different structure.
src/components/gestion-diaria/reporte-habitos.tsx:40:17: warning jsx-a11y(no-interactive-element-to-noninteractive-role): Interactive elements should not be assigned non-interactive roles. help: WAI-ARIA roles should not be used to convert an interactive element to a non-interactive element. Wrap the element or use a different structure.
src/components/gestion-diaria/reporte-habitos.tsx:41:17: warning jsx-a11y(no-interactive-element-to-noninteractive-role): Interactive elements should not be assigned non-interactive roles. help: WAI-ARIA roles should not be used to convert an interactive element to a non-interactive element. Wrap the element or use a different structure.
src/components/gestion-diaria/reporte-habitos.tsx:45:17: warning jsx-a11y(no-interactive-element-to-noninteractive-role): Interactive elements should not be assigned non-interactive roles. help: WAI-ARIA roles should not be used to convert an interactive element to a non-interactive element. Wrap the element or use a different structure.
src/components/gestion-diaria/reporte-habitos.tsx:46:17: warning jsx-a11y(no-interactive-element-to-noninteractive-role): Interactive elements should not be assigned non-interactive roles. help: WAI-ARIA roles should not be used to convert an interactive element to a non-interactive element. Wrap the element or use a different structure.
src/screens/gestion-diaria/gerencia.tsx:116:152: warning jsx-a11y(no-interactive-element-to-noninteractive-role): Interactive elements should not be assigned non-interactive roles. help: WAI-ARIA roles should not be used to convert an interactive element to a non-interactive element. Wrap the element or use a different structure.
src/screens/gestion-diaria/gerencia.tsx:117:76: warning jsx-a11y(no-interactive-element-to-noninteractive-role): Interactive elements should not be assigned non-interactive roles. help: WAI-ARIA roles should not be used to convert an interactive element to a non-interactive element. Wrap the element or use a different structure.
src/screens/gestion-diaria/gerencia.tsx:119:23: warning jsx-a11y(no-interactive-element-to-noninteractive-role): Interactive elements should not be assigned non-interactive roles. help: WAI-ARIA roles should not be used to convert an interactive element to a non-interactive element. Wrap the element or use a different structure.
src/screens/gestion-diaria/gerencia.tsx:119:90: warning jsx-a11y(no-interactive-element-to-noninteractive-role): Interactive elements should not be assigned non-interactive roles. help: WAI-ARIA roles should not be used to convert an interactive element to a non-interactive element. Wrap the element or use a different structure.
src/screens/gestion-diaria/gerencia.tsx:120:23: warning jsx-a11y(no-interactive-element-to-noninteractive-role): Interactive elements should not be assigned non-interactive roles. help: WAI-ARIA roles should not be used to convert an interactive element to a non-interactive element. Wrap the element or use a different structure.
src/screens/gestion-diaria/gerencia.tsx:120:100: warning jsx-a11y(no-interactive-element-to-noninteractive-role): Interactive elements should not be assigned non-interactive roles. help: WAI-ARIA roles should not be used to convert an interactive element to a non-interactive element. Wrap the element or use a different structure.
src/screens/gestion-diaria/gerencia.tsx:121:23: warning jsx-a11y(no-interactive-element-to-noninteractive-role): Interactive elements should not be assigned non-interactive roles. help: WAI-ARIA roles should not be used to convert an interactive element to a non-interactive element. Wrap the element or use a different structure.
src/screens/gestion-diaria/gerencia.tsx:122:23: warning jsx-a11y(no-interactive-element-to-noninteractive-role): Interactive elements should not be assigned non-interactive roles. help: WAI-ARIA roles should not be used to convert an interactive element to a non-interactive element. Wrap the element or use a different structure.
npm notice run app@0.0.0 typecheck
npm notice run tsc -b --pretty false
npm notice run app@0.0.0 test:coverage
npm notice run vitest run --coverage

 RUN  v4.1.10 /private/tmp/avancecorp-fecha-publicacion-vfzj775x/repo/CRM-Avance-Corp/app
      Coverage enabled with v8

(node:41806) ExperimentalWarning: localStorage is not available because --localstorage-file was not provided.
(Use `node --trace-warnings ...` to show where the warning was created)
(node:41802) ExperimentalWarning: localStorage is not available because --localstorage-file was not provided.
(Use `node --trace-warnings ...` to show where the warning was created)
(node:41809) ExperimentalWarning: localStorage is not available because --localstorage-file was not provided.
(Use `node --trace-warnings ...` to show where the warning was created)
(node:41815) ExperimentalWarning: localStorage is not available because --localstorage-file was not provided.
(Use `node --trace-warnings ...` to show where the warning was created)
(node:41804) ExperimentalWarning: localStorage is not available because --localstorage-file was not provided.
(Use `node --trace-warnings ...` to show where the warning was created)
(node:41813) ExperimentalWarning: localStorage is not available because --localstorage-file was not provided.
(Use `node --trace-warnings ...` to show where the warning was created)
(node:41805) ExperimentalWarning: localStorage is not available because --localstorage-file was not provided.
(Use `node --trace-warnings ...` to show where the warning was created)
(node:41811) ExperimentalWarning: localStorage is not available because --localstorage-file was not provided.
(Use `node --trace-warnings ...` to show where the warning was created)
(node:41808) ExperimentalWarning: localStorage is not available because --localstorage-file was not provided.
(Use `node --trace-warnings ...` to show where the warning was created)
(node:41812) ExperimentalWarning: localStorage is not available because --localstorage-file was not provided.
(Use `node --trace-warnings ...` to show where the warning was created)
(node:41814) ExperimentalWarning: localStorage is not available because --localstorage-file was not provided.
(Use `node --trace-warnings ...` to show where the warning was created)
(node:41803) ExperimentalWarning: localStorage is not available because --localstorage-file was not provided.
(Use `node --trace-warnings ...` to show where the warning was created)
(node:41810) ExperimentalWarning: localStorage is not available because --localstorage-file was not provided.
(Use `node --trace-warnings ...` to show where the warning was created)
(node:41807) ExperimentalWarning: localStorage is not available because --localstorage-file was not provided.
(Use `node --trace-warnings ...` to show where the warning was created)
(node:41846) ExperimentalWarning: localStorage is not available because --localstorage-file was not provided.
(Use `node --trace-warnings ...` to show where the warning was created)
(node:41848) ExperimentalWarning: localStorage is not available because --localstorage-file was not provided.
(Use `node --trace-warnings ...` to show where the warning was created)
(node:41850) ExperimentalWarning: localStorage is not available because --localstorage-file was not provided.
(Use `node --trace-warnings ...` to show where the warning was created)
(node:41852) ExperimentalWarning: localStorage is not available because --localstorage-file was not provided.
(Use `node --trace-warnings ...` to show where the warning was created)
(node:41853) ExperimentalWarning: localStorage is not available because --localstorage-file was not provided.
(Use `node --trace-warnings ...` to show where the warning was created)
(node:41861) ExperimentalWarning: localStorage is not available because --localstorage-file was not provided.
(Use `node --trace-warnings ...` to show where the warning was created)
(node:41860) ExperimentalWarning: localStorage is not available because --localstorage-file was not provided.
(Use `node --trace-warnings ...` to show where the warning was created)
(node:41863) ExperimentalWarning: localStorage is not available because --localstorage-file was not provided.
(Use `node --trace-warnings ...` to show where the warning was created)
(node:41865) ExperimentalWarning: localStorage is not available because --localstorage-file was not provided.
(Use `node --trace-warnings ...` to show where the warning was created)
(node:41870) ExperimentalWarning: localStorage is not available because --localstorage-file was not provided.
(Use `node --trace-warnings ...` to show where the warning was created)
(node:41872) ExperimentalWarning: localStorage is not available because --localstorage-file was not provided.
(Use `node --trace-warnings ...` to show where the warning was created)
(node:41873) ExperimentalWarning: localStorage is not available because --localstorage-file was not provided.
(Use `node --trace-warnings ...` to show where the warning was created)
(node:41874) ExperimentalWarning: localStorage is not available because --localstorage-file was not provided.
(Use `node --trace-warnings ...` to show where the warning was created)
(node:41876) ExperimentalWarning: localStorage is not available because --localstorage-file was not provided.
(Use `node --trace-warnings ...` to show where the warning was created)
(node:41877) ExperimentalWarning: localStorage is not available because --localstorage-file was not provided.
(Use `node --trace-warnings ...` to show where the warning was created)
(node:41878) ExperimentalWarning: localStorage is not available because --localstorage-file was not provided.
(Use `node --trace-warnings ...` to show where the warning was created)
(node:41879) ExperimentalWarning: localStorage is not available because --localstorage-file was not provided.
(Use `node --trace-warnings ...` to show where the warning was created)
(node:41880) ExperimentalWarning: localStorage is not available because --localstorage-file was not provided.
(Use `node --trace-warnings ...` to show where the warning was created)
(node:41881) ExperimentalWarning: localStorage is not available because --localstorage-file was not provided.
(Use `node --trace-warnings ...` to show where the warning was created)
(node:41883) ExperimentalWarning: localStorage is not available because --localstorage-file was not provided.
(Use `node --trace-warnings ...` to show where the warning was created)
(node:41884) ExperimentalWarning: localStorage is not available because --localstorage-file was not provided.
(Use `node --trace-warnings ...` to show where the warning was created)
(node:41888) ExperimentalWarning: localStorage is not available because --localstorage-file was not provided.
(Use `node --trace-warnings ...` to show where the warning was created)
(node:41892) ExperimentalWarning: localStorage is not available because --localstorage-file was not provided.
(Use `node --trace-warnings ...` to show where the warning was created)
(node:41895) ExperimentalWarning: localStorage is not available because --localstorage-file was not provided.
(Use `node --trace-warnings ...` to show where the warning was created)
(node:41897) ExperimentalWarning: localStorage is not available because --localstorage-file was not provided.
(Use `node --trace-warnings ...` to show where the warning was created)
(node:41898) ExperimentalWarning: localStorage is not available because --localstorage-file was not provided.
(Use `node --trace-warnings ...` to show where the warning was created)
(node:41900) ExperimentalWarning: localStorage is not available because --localstorage-file was not provided.
(Use `node --trace-warnings ...` to show where the warning was created)
(node:41901) ExperimentalWarning: localStorage is not available because --localstorage-file was not provided.
(Use `node --trace-warnings ...` to show where the warning was created)
(node:41899) ExperimentalWarning: localStorage is not available because --localstorage-file was not provided.
(Use `node --trace-warnings ...` to show where the warning was created)
(node:41902) ExperimentalWarning: localStorage is not available because --localstorage-file was not provided.
(Use `node --trace-warnings ...` to show where the warning was created)
(node:41903) ExperimentalWarning: localStorage is not available because --localstorage-file was not provided.
(Use `node --trace-warnings ...` to show where the warning was created)
(node:41904) ExperimentalWarning: localStorage is not available because --localstorage-file was not provided.
(Use `node --trace-warnings ...` to show where the warning was created)
(node:41905) ExperimentalWarning: localStorage is not available because --localstorage-file was not provided.
(Use `node --trace-warnings ...` to show where the warning was created)
(node:41908) ExperimentalWarning: localStorage is not available because --localstorage-file was not provided.
(Use `node --trace-warnings ...` to show where the warning was created)
(node:41909) ExperimentalWarning: localStorage is not available because --localstorage-file was not provided.
(Use `node --trace-warnings ...` to show where the warning was created)
(node:41910) ExperimentalWarning: localStorage is not available because --localstorage-file was not provided.
(Use `node --trace-warnings ...` to show where the warning was created)
(node:41911) ExperimentalWarning: localStorage is not available because --localstorage-file was not provided.
(Use `node --trace-warnings ...` to show where the warning was created)
(node:41912) ExperimentalWarning: localStorage is not available because --localstorage-file was not provided.
(Use `node --trace-warnings ...` to show where the warning was created)
(node:41913) ExperimentalWarning: localStorage is not available because --localstorage-file was not provided.
(Use `node --trace-warnings ...` to show where the warning was created)
(node:41914) ExperimentalWarning: localStorage is not available because --localstorage-file was not provided.
(Use `node --trace-warnings ...` to show where the warning was created)
(node:41915) ExperimentalWarning: localStorage is not available because --localstorage-file was not provided.
(Use `node --trace-warnings ...` to show where the warning was created)
(node:41917) ExperimentalWarning: localStorage is not available because --localstorage-file was not provided.
(Use `node --trace-warnings ...` to show where the warning was created)
(node:41916) ExperimentalWarning: localStorage is not available because --localstorage-file was not provided.
(Use `node --trace-warnings ...` to show where the warning was created)
(node:41918) ExperimentalWarning: localStorage is not available because --localstorage-file was not provided.
(Use `node --trace-warnings ...` to show where the warning was created)
(node:41919) ExperimentalWarning: localStorage is not available because --localstorage-file was not provided.
(Use `node --trace-warnings ...` to show where the warning was created)
(node:41921) ExperimentalWarning: localStorage is not available because --localstorage-file was not provided.
(Use `node --trace-warnings ...` to show where the warning was created)
(node:41922) ExperimentalWarning: localStorage is not available because --localstorage-file was not provided.
(Use `node --trace-warnings ...` to show where the warning was created)
(node:41927) ExperimentalWarning: localStorage is not available because --localstorage-file was not provided.
(Use `node --trace-warnings ...` to show where the warning was created)
(node:41925) ExperimentalWarning: localStorage is not available because --localstorage-file was not provided.
(Use `node --trace-warnings ...` to show where the warning was created)
(node:41926) ExperimentalWarning: localStorage is not available because --localstorage-file was not provided.
(Use `node --trace-warnings ...` to show where the warning was created)
(node:41928) ExperimentalWarning: localStorage is not available because --localstorage-file was not provided.
(Use `node --trace-warnings ...` to show where the warning was created)
(node:41929) ExperimentalWarning: localStorage is not available because --localstorage-file was not provided.
(Use `node --trace-warnings ...` to show where the warning was created)
(node:41930) ExperimentalWarning: localStorage is not available because --localstorage-file was not provided.
(Use `node --trace-warnings ...` to show where the warning was created)
(node:41931) ExperimentalWarning: localStorage is not available because --localstorage-file was not provided.
(Use `node --trace-warnings ...` to show where the warning was created)
(node:41932) ExperimentalWarning: localStorage is not available because --localstorage-file was not provided.
(Use `node --trace-warnings ...` to show where the warning was created)
(node:41933) ExperimentalWarning: localStorage is not available because --localstorage-file was not provided.
(Use `node --trace-warnings ...` to show where the warning was created)
(node:41934) ExperimentalWarning: localStorage is not available because --localstorage-file was not provided.
(Use `node --trace-warnings ...` to show where the warning was created)
(node:41936) ExperimentalWarning: localStorage is not available because --localstorage-file was not provided.
(Use `node --trace-warnings ...` to show where the warning was created)
(node:41940) ExperimentalWarning: localStorage is not available because --localstorage-file was not provided.
(Use `node --trace-warnings ...` to show where the warning was created)
(node:41944) ExperimentalWarning: localStorage is not available because --localstorage-file was not provided.
(Use `node --trace-warnings ...` to show where the warning was created)
(node:41952) ExperimentalWarning: localStorage is not available because --localstorage-file was not provided.
(Use `node --trace-warnings ...` to show where the warning was created)
(node:41957) ExperimentalWarning: localStorage is not available because --localstorage-file was not provided.
(Use `node --trace-warnings ...` to show where the warning was created)
(node:41956) ExperimentalWarning: localStorage is not available because --localstorage-file was not provided.
(Use `node --trace-warnings ...` to show where the warning was created)
(node:41958) ExperimentalWarning: localStorage is not available because --localstorage-file was not provided.
(Use `node --trace-warnings ...` to show where the warning was created)
(node:41959) ExperimentalWarning: localStorage is not available because --localstorage-file was not provided.
(Use `node --trace-warnings ...` to show where the warning was created)
(node:41960) ExperimentalWarning: localStorage is not available because --localstorage-file was not provided.
(Use `node --trace-warnings ...` to show where the warning was created)
(node:41962) ExperimentalWarning: localStorage is not available because --localstorage-file was not provided.
(Use `node --trace-warnings ...` to show where the warning was created)
(node:41961) ExperimentalWarning: localStorage is not available because --localstorage-file was not provided.
(Use `node --trace-warnings ...` to show where the warning was created)
(node:41963) ExperimentalWarning: localStorage is not available because --localstorage-file was not provided.
(Use `node --trace-warnings ...` to show where the warning was created)
(node:41964) ExperimentalWarning: localStorage is not available because --localstorage-file was not provided.
(Use `node --trace-warnings ...` to show where the warning was created)
(node:41966) ExperimentalWarning: localStorage is not available because --localstorage-file was not provided.
(Use `node --trace-warnings ...` to show where the warning was created)
(node:41967) ExperimentalWarning: localStorage is not available because --localstorage-file was not provided.
(Use `node --trace-warnings ...` to show where the warning was created)
(node:41968) ExperimentalWarning: localStorage is not available because --localstorage-file was not provided.
(Use `node --trace-warnings ...` to show where the warning was created)
(node:41970) ExperimentalWarning: localStorage is not available because --localstorage-file was not provided.
(Use `node --trace-warnings ...` to show where the warning was created)
(node:41972) ExperimentalWarning: localStorage is not available because --localstorage-file was not provided.
(Use `node --trace-warnings ...` to show where the warning was created)
(node:41971) ExperimentalWarning: localStorage is not available because --localstorage-file was not provided.
(Use `node --trace-warnings ...` to show where the warning was created)
(node:41973) ExperimentalWarning: localStorage is not available because --localstorage-file was not provided.
(Use `node --trace-warnings ...` to show where the warning was created)
(node:41974) ExperimentalWarning: localStorage is not available because --localstorage-file was not provided.
(Use `node --trace-warnings ...` to show where the warning was created)
(node:41975) ExperimentalWarning: localStorage is not available because --localstorage-file was not provided.
(Use `node --trace-warnings ...` to show where the warning was created)
(node:41977) ExperimentalWarning: localStorage is not available because --localstorage-file was not provided.
(Use `node --trace-warnings ...` to show where the warning was created)
(node:41976) ExperimentalWarning: localStorage is not available because --localstorage-file was not provided.
(Use `node --trace-warnings ...` to show where the warning was created)
(node:41978) ExperimentalWarning: localStorage is not available because --localstorage-file was not provided.
(Use `node --trace-warnings ...` to show where the warning was created)
(node:41979) ExperimentalWarning: localStorage is not available because --localstorage-file was not provided.
(Use `node --trace-warnings ...` to show where the warning was created)
(node:41980) ExperimentalWarning: localStorage is not available because --localstorage-file was not provided.
(Use `node --trace-warnings ...` to show where the warning was created)
(node:41981) ExperimentalWarning: localStorage is not available because --localstorage-file was not provided.
(Use `node --trace-warnings ...` to show where the warning was created)
(node:41982) ExperimentalWarning: localStorage is not available because --localstorage-file was not provided.
(Use `node --trace-warnings ...` to show where the warning was created)
(node:41983) ExperimentalWarning: localStorage is not available because --localstorage-file was not provided.
(Use `node --trace-warnings ...` to show where the warning was created)
(node:41984) ExperimentalWarning: localStorage is not available because --localstorage-file was not provided.
(Use `node --trace-warnings ...` to show where the warning was created)
(node:41985) ExperimentalWarning: localStorage is not available because --localstorage-file was not provided.
(Use `node --trace-warnings ...` to show where the warning was created)
(node:41986) ExperimentalWarning: localStorage is not available because --localstorage-file was not provided.
(Use `node --trace-warnings ...` to show where the warning was created)
(node:41994) ExperimentalWarning: localStorage is not available because --localstorage-file was not provided.
(Use `node --trace-warnings ...` to show where the warning was created)
(node:41989) ExperimentalWarning: localStorage is not available because --localstorage-file was not provided.
(Use `node --trace-warnings ...` to show where the warning was created)
(node:41988) ExperimentalWarning: localStorage is not available because --localstorage-file was not provided.
(Use `node --trace-warnings ...` to show where the warning was created)
(node:41991) ExperimentalWarning: localStorage is not available because --localstorage-file was not provided.
(Use `node --trace-warnings ...` to show where the warning was created)
(node:41992) ExperimentalWarning: localStorage is not available because --localstorage-file was not provided.
(Use `node --trace-warnings ...` to show where the warning was created)
(node:41993) ExperimentalWarning: localStorage is not available because --localstorage-file was not provided.
(Use `node --trace-warnings ...` to show where the warning was created)
(node:41995) ExperimentalWarning: localStorage is not available because --localstorage-file was not provided.
(Use `node --trace-warnings ...` to show where the warning was created)
(node:41996) ExperimentalWarning: localStorage is not available because --localstorage-file was not provided.
(Use `node --trace-warnings ...` to show where the warning was created)
(node:41997) ExperimentalWarning: localStorage is not available because --localstorage-file was not provided.
(Use `node --trace-warnings ...` to show where the warning was created)
(node:42004) ExperimentalWarning: localStorage is not available because --localstorage-file was not provided.
(Use `node --trace-warnings ...` to show where the warning was created)
(node:42005) ExperimentalWarning: localStorage is not available because --localstorage-file was not provided.
(Use `node --trace-warnings ...` to show where the warning was created)
(node:42006) ExperimentalWarning: localStorage is not available because --localstorage-file was not provided.
(Use `node --trace-warnings ...` to show where the warning was created)
(node:41999) ExperimentalWarning: localStorage is not available because --localstorage-file was not provided.
(Use `node --trace-warnings ...` to show where the warning was created)
(node:41998) ExperimentalWarning: localStorage is not available because --localstorage-file was not provided.
(Use `node --trace-warnings ...` to show where the warning was created)
(node:42000) ExperimentalWarning: localStorage is not available because --localstorage-file was not provided.
(Use `node --trace-warnings ...` to show where the warning was created)
(node:42001) ExperimentalWarning: localStorage is not available because --localstorage-file was not provided.
(Use `node --trace-warnings ...` to show where the warning was created)
(node:42003) ExperimentalWarning: localStorage is not available because --localstorage-file was not provided.
(Use `node --trace-warnings ...` to show where the warning was created)
(node:42002) ExperimentalWarning: localStorage is not available because --localstorage-file was not provided.
(Use `node --trace-warnings ...` to show where the warning was created)
(node:42011) ExperimentalWarning: localStorage is not available because --localstorage-file was not provided.
(Use `node --trace-warnings ...` to show where the warning was created)
(node:42010) ExperimentalWarning: localStorage is not available because --localstorage-file was not provided.
(Use `node --trace-warnings ...` to show where the warning was created)
(node:42007) ExperimentalWarning: localStorage is not available because --localstorage-file was not provided.
(Use `node --trace-warnings ...` to show where the warning was created)
(node:42013) ExperimentalWarning: localStorage is not available because --localstorage-file was not provided.
(Use `node --trace-warnings ...` to show where the warning was created)
(node:42012) ExperimentalWarning: localStorage is not available because --localstorage-file was not provided.
(Use `node --trace-warnings ...` to show where the warning was created)
(node:42008) ExperimentalWarning: localStorage is not available because --localstorage-file was not provided.
(Use `node --trace-warnings ...` to show where the warning was created)
(node:42014) ExperimentalWarning: localStorage is not available because --localstorage-file was not provided.
(Use `node --trace-warnings ...` to show where the warning was created)
(node:42009) ExperimentalWarning: localStorage is not available because --localstorage-file was not provided.
(Use `node --trace-warnings ...` to show where the warning was created)
(node:42017) ExperimentalWarning: localStorage is not available because --localstorage-file was not provided.
(Use `node --trace-warnings ...` to show where the warning was created)
(node:42024) ExperimentalWarning: localStorage is not available because --localstorage-file was not provided.
(Use `node --trace-warnings ...` to show where the warning was created)
(node:42027) ExperimentalWarning: localStorage is not available because --localstorage-file was not provided.
(Use `node --trace-warnings ...` to show where the warning was created)
(node:42015) ExperimentalWarning: localStorage is not available because --localstorage-file was not provided.
(Use `node --trace-warnings ...` to show where the warning was created)
(node:42029) ExperimentalWarning: localStorage is not available because --localstorage-file was not provided.
(Use `node --trace-warnings ...` to show where the warning was created)
(node:42016) ExperimentalWarning: localStorage is not available because --localstorage-file was not provided.
(Use `node --trace-warnings ...` to show where the warning was created)
(node:42030) ExperimentalWarning: localStorage is not available because --localstorage-file was not provided.
(Use `node --trace-warnings ...` to show where the warning was created)
(node:42018) ExperimentalWarning: localStorage is not available because --localstorage-file was not provided.
(Use `node --trace-warnings ...` to show where the warning was created)
(node:42020) ExperimentalWarning: localStorage is not available because --localstorage-file was not provided.
(Use `node --trace-warnings ...` to show where the warning was created)
(node:42019) ExperimentalWarning: localStorage is not available because --localstorage-file was not provided.
(Use `node --trace-warnings ...` to show where the warning was created)
(node:42022) ExperimentalWarning: localStorage is not available because --localstorage-file was not provided.
(Use `node --trace-warnings ...` to show where the warning was created)
(node:42025) ExperimentalWarning: localStorage is not available because --localstorage-file was not provided.
(Use `node --trace-warnings ...` to show where the warning was created)
(node:42032) ExperimentalWarning: localStorage is not available because --localstorage-file was not provided.
(Use `node --trace-warnings ...` to show where the warning was created)
(node:42026) ExperimentalWarning: localStorage is not available because --localstorage-file was not provided.
(Use `node --trace-warnings ...` to show where the warning was created)
(node:42034) ExperimentalWarning: localStorage is not available because --localstorage-file was not provided.
(Use `node --trace-warnings ...` to show where the warning was created)
(node:42039) ExperimentalWarning: localStorage is not available because --localstorage-file was not provided.
(Use `node --trace-warnings ...` to show where the warning was created)
(node:42033) ExperimentalWarning: localStorage is not available because --localstorage-file was not provided.
(Use `node --trace-warnings ...` to show where the warning was created)
(node:42043) ExperimentalWarning: localStorage is not available because --localstorage-file was not provided.
(Use `node --trace-warnings ...` to show where the warning was created)
(node:42045) ExperimentalWarning: localStorage is not available because --localstorage-file was not provided.
(Use `node --trace-warnings ...` to show where the warning was created)
(node:42036) ExperimentalWarning: localStorage is not available because --localstorage-file was not provided.
(Use `node --trace-warnings ...` to show where the warning was created)
(node:42035) ExperimentalWarning: localStorage is not available because --localstorage-file was not provided.
(Use `node --trace-warnings ...` to show where the warning was created)
(node:42037) ExperimentalWarning: localStorage is not available because --localstorage-file was not provided.
(Use `node --trace-warnings ...` to show where the warning was created)
(node:42040) ExperimentalWarning: localStorage is not available because --localstorage-file was not provided.
(Use `node --trace-warnings ...` to show where the warning was created)
(node:42038) ExperimentalWarning: localStorage is not available because --localstorage-file was not provided.
(Use `node --trace-warnings ...` to show where the warning was created)
(node:42041) ExperimentalWarning: localStorage is not available because --localstorage-file was not provided.
(Use `node --trace-warnings ...` to show where the warning was created)
(node:42042) ExperimentalWarning: localStorage is not available because --localstorage-file was not provided.
(Use `node --trace-warnings ...` to show where the warning was created)
(node:42046) ExperimentalWarning: localStorage is not available because --localstorage-file was not provided.
(Use `node --trace-warnings ...` to show where the warning was created)
(node:42044) ExperimentalWarning: localStorage is not available because --localstorage-file was not provided.
(Use `node --trace-warnings ...` to show where the warning was created)
(node:42049) ExperimentalWarning: localStorage is not available because --localstorage-file was not provided.
(Use `node --trace-warnings ...` to show where the warning was created)
(node:42048) ExperimentalWarning: localStorage is not available because --localstorage-file was not provided.
(Use `node --trace-warnings ...` to show where the warning was created)
(node:42047) ExperimentalWarning: localStorage is not available because --localstorage-file was not provided.
(Use `node --trace-warnings ...` to show where the warning was created)
(node:42050) ExperimentalWarning: localStorage is not available because --localstorage-file was not provided.
(Use `node --trace-warnings ...` to show where the warning was created)
(node:42052) ExperimentalWarning: localStorage is not available because --localstorage-file was not provided.
(Use `node --trace-warnings ...` to show where the warning was created)
(node:42051) ExperimentalWarning: localStorage is not available because --localstorage-file was not provided.
(Use `node --trace-warnings ...` to show where the warning was created)
(node:42053) ExperimentalWarning: localStorage is not available because --localstorage-file was not provided.
(Use `node --trace-warnings ...` to show where the warning was created)
(node:42054) ExperimentalWarning: localStorage is not available because --localstorage-file was not provided.
(Use `node --trace-warnings ...` to show where the warning was created)
(node:42056) ExperimentalWarning: localStorage is not available because --localstorage-file was not provided.
(Use `node --trace-warnings ...` to show where the warning was created)
(node:42055) ExperimentalWarning: localStorage is not available because --localstorage-file was not provided.
(Use `node --trace-warnings ...` to show where the warning was created)
(node:42057) ExperimentalWarning: localStorage is not available because --localstorage-file was not provided.
(Use `node --trace-warnings ...` to show where the warning was created)
(node:42058) ExperimentalWarning: localStorage is not available because --localstorage-file was not provided.
(Use `node --trace-warnings ...` to show where the warning was created)
(node:42059) ExperimentalWarning: localStorage is not available because --localstorage-file was not provided.
(Use `node --trace-warnings ...` to show where the warning was created)
(node:42060) ExperimentalWarning: localStorage is not available because --localstorage-file was not provided.
(Use `node --trace-warnings ...` to show where the warning was created)
(node:42061) ExperimentalWarning: localStorage is not available because --localstorage-file was not provided.
(Use `node --trace-warnings ...` to show where the warning was created)
(node:42063) ExperimentalWarning: localStorage is not available because --localstorage-file was not provided.
(Use `node --trace-warnings ...` to show where the warning was created)
(node:42062) ExperimentalWarning: localStorage is not available because --localstorage-file was not provided.
(Use `node --trace-warnings ...` to show where the warning was created)
(node:42064) ExperimentalWarning: localStorage is not available because --localstorage-file was not provided.
(Use `node --trace-warnings ...` to show where the warning was created)
(node:42068) ExperimentalWarning: localStorage is not available because --localstorage-file was not provided.
(Use `node --trace-warnings ...` to show where the warning was created)
(node:42067) ExperimentalWarning: localStorage is not available because --localstorage-file was not provided.
(Use `node --trace-warnings ...` to show where the warning was created)
(node:42065) ExperimentalWarning: localStorage is not available because --localstorage-file was not provided.
(Use `node --trace-warnings ...` to show where the warning was created)
(node:42066) ExperimentalWarning: localStorage is not available because --localstorage-file was not provided.
(Use `node --trace-warnings ...` to show where the warning was created)
(node:42071) ExperimentalWarning: localStorage is not available because --localstorage-file was not provided.
(Use `node --trace-warnings ...` to show where the warning was created)
(node:42070) ExperimentalWarning: localStorage is not available because --localstorage-file was not provided.
(Use `node --trace-warnings ...` to show where the warning was created)
(node:42069) ExperimentalWarning: localStorage is not available because --localstorage-file was not provided.
(Use `node --trace-warnings ...` to show where the warning was created)
(node:42073) ExperimentalWarning: localStorage is not available because --localstorage-file was not provided.
(Use `node --trace-warnings ...` to show where the warning was created)
(node:42074) ExperimentalWarning: localStorage is not available because --localstorage-file was not provided.
(Use `node --trace-warnings ...` to show where the warning was created)
(node:42076) ExperimentalWarning: localStorage is not available because --localstorage-file was not provided.
(Use `node --trace-warnings ...` to show where the warning was created)
(node:42077) ExperimentalWarning: localStorage is not available because --localstorage-file was not provided.
(Use `node --trace-warnings ...` to show where the warning was created)
(node:42078) ExperimentalWarning: localStorage is not available because --localstorage-file was not provided.
(Use `node --trace-warnings ...` to show where the warning was created)
(node:42079) ExperimentalWarning: localStorage is not available because --localstorage-file was not provided.
(Use `node --trace-warnings ...` to show where the warning was created)
(node:42081) ExperimentalWarning: localStorage is not available because --localstorage-file was not provided.
(Use `node --trace-warnings ...` to show where the warning was created)
(node:42080) ExperimentalWarning: localStorage is not available because --localstorage-file was not provided.
(Use `node --trace-warnings ...` to show where the warning was created)
(node:42082) ExperimentalWarning: localStorage is not available because --localstorage-file was not provided.
(Use `node --trace-warnings ...` to show where the warning was created)
(node:42084) ExperimentalWarning: localStorage is not available because --localstorage-file was not provided.
(Use `node --trace-warnings ...` to show where the warning was created)
(node:42086) ExperimentalWarning: localStorage is not available because --localstorage-file was not provided.
(Use `node --trace-warnings ...` to show where the warning was created)
(node:42083) ExperimentalWarning: localStorage is not available because --localstorage-file was not provided.
(Use `node --trace-warnings ...` to show where the warning was created)
(node:42085) ExperimentalWarning: localStorage is not available because --localstorage-file was not provided.
(Use `node --trace-warnings ...` to show where the warning was created)
(node:42087) ExperimentalWarning: localStorage is not available because --localstorage-file was not provided.
(Use `node --trace-warnings ...` to show where the warning was created)
(node:42088) ExperimentalWarning: localStorage is not available because --localstorage-file was not provided.
(Use `node --trace-warnings ...` to show where the warning was created)
(node:42089) ExperimentalWarning: localStorage is not available because --localstorage-file was not provided.
(Use `node --trace-warnings ...` to show where the warning was created)
(node:42090) ExperimentalWarning: localStorage is not available because --localstorage-file was not provided.
(Use `node --trace-warnings ...` to show where the warning was created)
(node:42091) ExperimentalWarning: localStorage is not available because --localstorage-file was not provided.
(Use `node --trace-warnings ...` to show where the warning was created)
(node:42092) ExperimentalWarning: localStorage is not available because --localstorage-file was not provided.
(Use `node --trace-warnings ...` to show where the warning was created)
(node:42093) ExperimentalWarning: localStorage is not available because --localstorage-file was not provided.
(Use `node --trace-warnings ...` to show where the warning was created)
(node:42094) ExperimentalWarning: localStorage is not available because --localstorage-file was not provided.
(Use `node --trace-warnings ...` to show where the warning was created)
(node:42097) ExperimentalWarning: localStorage is not available because --localstorage-file was not provided.
(Use `node --trace-warnings ...` to show where the warning was created)
(node:42096) ExperimentalWarning: localStorage is not available because --localstorage-file was not provided.
(Use `node --trace-warnings ...` to show where the warning was created)
(node:42099) ExperimentalWarning: localStorage is not available because --localstorage-file was not provided.
(Use `node --trace-warnings ...` to show where the warning was created)
(node:42095) ExperimentalWarning: localStorage is not available because --localstorage-file was not provided.
(Use `node --trace-warnings ...` to show where the warning was created)
(node:42101) ExperimentalWarning: localStorage is not available because --localstorage-file was not provided.
(Use `node --trace-warnings ...` to show where the warning was created)
(node:42102) ExperimentalWarning: localStorage is not available because --localstorage-file was not provided.
(Use `node --trace-warnings ...` to show where the warning was created)
(node:42100) ExperimentalWarning: localStorage is not available because --localstorage-file was not provided.
(Use `node --trace-warnings ...` to show where the warning was created)
(node:42103) ExperimentalWarning: localStorage is not available because --localstorage-file was not provided.
(Use `node --trace-warnings ...` to show where the warning was created)
(node:42104) ExperimentalWarning: localStorage is not available because --localstorage-file was not provided.
(Use `node --trace-warnings ...` to show where the warning was created)
(node:42105) ExperimentalWarning: localStorage is not available because --localstorage-file was not provided.
(Use `node --trace-warnings ...` to show where the warning was created)
(node:42106) ExperimentalWarning: localStorage is not available because --localstorage-file was not provided.
(Use `node --trace-warnings ...` to show where the warning was created)
(node:42108) ExperimentalWarning: localStorage is not available because --localstorage-file was not provided.
(Use `node --trace-warnings ...` to show where the warning was created)
(node:42107) ExperimentalWarning: localStorage is not available because --localstorage-file was not provided.
(Use `node --trace-warnings ...` to show where the warning was created)
(node:42109) ExperimentalWarning: localStorage is not available because --localstorage-file was not provided.
(Use `node --trace-warnings ...` to show where the warning was created)
(node:42110) ExperimentalWarning: localStorage is not available because --localstorage-file was not provided.
(Use `node --trace-warnings ...` to show where the warning was created)
(node:42111) ExperimentalWarning: localStorage is not available because --localstorage-file was not provided.
(Use `node --trace-warnings ...` to show where the warning was created)
(node:42116) ExperimentalWarning: localStorage is not available because --localstorage-file was not provided.
(Use `node --trace-warnings ...` to show where the warning was created)
(node:42114) ExperimentalWarning: localStorage is not available because --localstorage-file was not provided.
(Use `node --trace-warnings ...` to show where the warning was created)
(node:42113) ExperimentalWarning: localStorage is not available because --localstorage-file was not provided.
(Use `node --trace-warnings ...` to show where the warning was created)
(node:42115) ExperimentalWarning: localStorage is not available because --localstorage-file was not provided.
(Use `node --trace-warnings ...` to show where the warning was created)
(node:42117) ExperimentalWarning: localStorage is not available because --localstorage-file was not provided.
(Use `node --trace-warnings ...` to show where the warning was created)
(node:42118) ExperimentalWarning: localStorage is not available because --localstorage-file was not provided.
(Use `node --trace-warnings ...` to show where the warning was created)
(node:42119) ExperimentalWarning: localStorage is not available because --localstorage-file was not provided.
(Use `node --trace-warnings ...` to show where the warning was created)
(node:42120) ExperimentalWarning: localStorage is not available because --localstorage-file was not provided.
(Use `node --trace-warnings ...` to show where the warning was created)
(node:42121) ExperimentalWarning: localStorage is not available because --localstorage-file was not provided.
(Use `node --trace-warnings ...` to show where the warning was created)
(node:42124) ExperimentalWarning: localStorage is not available because --localstorage-file was not provided.
(Use `node --trace-warnings ...` to show where the warning was created)
(node:42122) ExperimentalWarning: localStorage is not available because --localstorage-file was not provided.
(Use `node --trace-warnings ...` to show where the warning was created)
(node:42123) ExperimentalWarning: localStorage is not available because --localstorage-file was not provided.
(Use `node --trace-warnings ...` to show where the warning was created)
(node:42125) ExperimentalWarning: localStorage is not available because --localstorage-file was not provided.
(Use `node --trace-warnings ...` to show where the warning was created)
(node:42126) ExperimentalWarning: localStorage is not available because --localstorage-file was not provided.
(Use `node --trace-warnings ...` to show where the warning was created)
(node:42127) ExperimentalWarning: localStorage is not available because --localstorage-file was not provided.
(Use `node --trace-warnings ...` to show where the warning was created)
(node:42128) ExperimentalWarning: localStorage is not available because --localstorage-file was not provided.
(Use `node --trace-warnings ...` to show where the warning was created)
(node:42129) ExperimentalWarning: localStorage is not available because --localstorage-file was not provided.
(Use `node --trace-warnings ...` to show where the warning was created)
(node:42134) ExperimentalWarning: localStorage is not available because --localstorage-file was not provided.
(Use `node --trace-warnings ...` to show where the warning was created)
(node:42135) ExperimentalWarning: localStorage is not available because --localstorage-file was not provided.
(Use `node --trace-warnings ...` to show where the warning was created)
(node:42136) ExperimentalWarning: localStorage is not available because --localstorage-file was not provided.
(Use `node --trace-warnings ...` to show where the warning was created)
(node:42137) ExperimentalWarning: localStorage is not available because --localstorage-file was not provided.
(Use `node --trace-warnings ...` to show where the warning was created)
(node:42139) ExperimentalWarning: localStorage is not available because --localstorage-file was not provided.
(Use `node --trace-warnings ...` to show where the warning was created)
(node:42138) ExperimentalWarning: localStorage is not available because --localstorage-file was not provided.
(Use `node --trace-warnings ...` to show where the warning was created)
(node:42140) ExperimentalWarning: localStorage is not available because --localstorage-file was not provided.
(Use `node --trace-warnings ...` to show where the warning was created)
(node:42141) ExperimentalWarning: localStorage is not available because --localstorage-file was not provided.
(Use `node --trace-warnings ...` to show where the warning was created)
(node:42142) ExperimentalWarning: localStorage is not available because --localstorage-file was not provided.
(Use `node --trace-warnings ...` to show where the warning was created)
(node:42143) ExperimentalWarning: localStorage is not available because --localstorage-file was not provided.
(Use `node --trace-warnings ...` to show where the warning was created)
(node:42145) ExperimentalWarning: localStorage is not available because --localstorage-file was not provided.
(Use `node --trace-warnings ...` to show where the warning was created)
(node:42144) ExperimentalWarning: localStorage is not available because --localstorage-file was not provided.
(Use `node --trace-warnings ...` to show where the warning was created)
(node:42146) ExperimentalWarning: localStorage is not available because --localstorage-file was not provided.
(Use `node --trace-warnings ...` to show where the warning was created)
(node:42148) ExperimentalWarning: localStorage is not available because --localstorage-file was not provided.
(Use `node --trace-warnings ...` to show where the warning was created)
(node:42150) ExperimentalWarning: localStorage is not available because --localstorage-file was not provided.
(Use `node --trace-warnings ...` to show where the warning was created)
(node:42149) ExperimentalWarning: localStorage is not available because --localstorage-file was not provided.
(Use `node --trace-warnings ...` to show where the warning was created)
(node:42151) ExperimentalWarning: localStorage is not available because --localstorage-file was not provided.
(Use `node --trace-warnings ...` to show where the warning was created)
(node:42152) ExperimentalWarning: localStorage is not available because --localstorage-file was not provided.
(Use `node --trace-warnings ...` to show where the warning was created)
(node:42153) ExperimentalWarning: localStorage is not available because --localstorage-file was not provided.
(Use `node --trace-warnings ...` to show where the warning was created)
(node:42155) ExperimentalWarning: localStorage is not available because --localstorage-file was not provided.
(Use `node --trace-warnings ...` to show where the warning was created)
(node:42154) ExperimentalWarning: localStorage is not available because --localstorage-file was not provided.
(Use `node --trace-warnings ...` to show where the warning was created)
(node:42158) ExperimentalWarning: localStorage is not available because --localstorage-file was not provided.
(Use `node --trace-warnings ...` to show where the warning was created)
(node:42157) ExperimentalWarning: localStorage is not available because --localstorage-file was not provided.
(Use `node --trace-warnings ...` to show where the warning was created)
(node:42160) ExperimentalWarning: localStorage is not available because --localstorage-file was not provided.
(Use `node --trace-warnings ...` to show where the warning was created)
(node:42159) ExperimentalWarning: localStorage is not available because --localstorage-file was not provided.
(Use `node --trace-warnings ...` to show where the warning was created)
(node:42161) ExperimentalWarning: localStorage is not available because --localstorage-file was not provided.
(Use `node --trace-warnings ...` to show where the warning was created)
(node:42162) ExperimentalWarning: localStorage is not available because --localstorage-file was not provided.
(Use `node --trace-warnings ...` to show where the warning was created)
(node:42163) ExperimentalWarning: localStorage is not available because --localstorage-file was not provided.
(Use `node --trace-warnings ...` to show where the warning was created)
(node:42164) ExperimentalWarning: localStorage is not available because --localstorage-file was not provided.
(Use `node --trace-warnings ...` to show where the warning was created)
(node:42165) ExperimentalWarning: localStorage is not available because --localstorage-file was not provided.
(Use `node --trace-warnings ...` to show where the warning was created)
(node:42166) ExperimentalWarning: localStorage is not available because --localstorage-file was not provided.
(Use `node --trace-warnings ...` to show where the warning was created)
(node:42167) ExperimentalWarning: localStorage is not available because --localstorage-file was not provided.
(Use `node --trace-warnings ...` to show where the warning was created)
(node:42168) ExperimentalWarning: localStorage is not available because --localstorage-file was not provided.
(Use `node --trace-warnings ...` to show where the warning was created)
(node:42171) ExperimentalWarning: localStorage is not available because --localstorage-file was not provided.
(Use `node --trace-warnings ...` to show where the warning was created)
(node:42169) ExperimentalWarning: localStorage is not available because --localstorage-file was not provided.
(Use `node --trace-warnings ...` to show where the warning was created)
(node:42170) ExperimentalWarning: localStorage is not available because --localstorage-file was not provided.
(Use `node --trace-warnings ...` to show where the warning was created)
(node:42172) ExperimentalWarning: localStorage is not available because --localstorage-file was not provided.
(Use `node --trace-warnings ...` to show where the warning was created)
(node:42173) ExperimentalWarning: localStorage is not available because --localstorage-file was not provided.
(Use `node --trace-warnings ...` to show where the warning was created)
(node:42174) ExperimentalWarning: localStorage is not available because --localstorage-file was not provided.
(Use `node --trace-warnings ...` to show where the warning was created)
(node:42175) ExperimentalWarning: localStorage is not available because --localstorage-file was not provided.
(Use `node --trace-warnings ...` to show where the warning was created)
(node:42176) ExperimentalWarning: localStorage is not available because --localstorage-file was not provided.
(Use `node --trace-warnings ...` to show where the warning was created)
(node:42177) ExperimentalWarning: localStorage is not available because --localstorage-file was not provided.
(Use `node --trace-warnings ...` to show where the warning was created)
(node:42178) ExperimentalWarning: localStorage is not available because --localstorage-file was not provided.
(Use `node --trace-warnings ...` to show where the warning was created)
(node:42179) ExperimentalWarning: localStorage is not available because --localstorage-file was not provided.
(Use `node --trace-warnings ...` to show where the warning was created)
(node:42186) ExperimentalWarning: localStorage is not available because --localstorage-file was not provided.
(Use `node --trace-warnings ...` to show where the warning was created)
(node:42192) ExperimentalWarning: localStorage is not available because --localstorage-file was not provided.
(Use `node --trace-warnings ...` to show where the warning was created)
(node:42190) ExperimentalWarning: localStorage is not available because --localstorage-file was not provided.
(Use `node --trace-warnings ...` to show where the warning was created)
(node:42193) ExperimentalWarning: localStorage is not available because --localstorage-file was not provided.
(Use `node --trace-warnings ...` to show where the warning was created)
(node:42194) ExperimentalWarning: localStorage is not available because --localstorage-file was not provided.
(Use `node --trace-warnings ...` to show where the warning was created)
(node:42195) ExperimentalWarning: localStorage is not available because --localstorage-file was not provided.
(Use `node --trace-warnings ...` to show where the warning was created)
(node:42196) ExperimentalWarning: localStorage is not available because --localstorage-file was not provided.
(Use `node --trace-warnings ...` to show where the warning was created)
(node:42197) ExperimentalWarning: localStorage is not available because --localstorage-file was not provided.
(Use `node --trace-warnings ...` to show where the warning was created)
(node:42198) ExperimentalWarning: localStorage is not available because --localstorage-file was not provided.
(Use `node --trace-warnings ...` to show where the warning was created)
(node:42199) ExperimentalWarning: localStorage is not available because --localstorage-file was not provided.
(Use `node --trace-warnings ...` to show where the warning was created)

 Test Files  291 passed (291)
      Tests  4317 passed (4317)
   Start at  17:55:46
   Duration  33.74s (transform 19.78s, setup 26.37s, import 54.61s, tests 194.34s, environment 111.34s)

 % Coverage report from v8

=============================== Coverage summary ===============================
Statements   : 77.43% ( 20460/26421 )
Branches     : 74.47% ( 23222/31179 )
Functions    : 74.42% ( 5404/7261 )
Lines        : 80.5% ( 17719/22009 )
================================================================================
npm notice run app@0.0.0 test:release-config
npm notice run node --test scripts/verificar-config-release.test.mjs
✔ acepta solo la configuración pública productiva presente en el bundle (88.094916ms)
✔ rechaza un release sin variables de Supabase (79.8525ms)
✔ rechaza una llave privilegiada (76.706708ms)
✔ rechaza un build que no incorporó la configuración (78.737292ms)
ℹ tests 4
ℹ suites 0
ℹ pass 4
ℹ fail 0
ℹ cancelled 0
ℹ skipped 0
ℹ todo 0
ℹ duration_ms 359.617667
npm notice run app@0.0.0 test:push-tasa
npm notice run node --test scripts/sw-crm.test.mjs
✔ el worker no intercepta peticiones de red (9.829709ms)
✔ un reintento reemplaza el mismo aviso sin sonido y cumple userVisibleOnly (1.325ms)
✔ un aviso en tránsito después de salir solo informa la baja y retira la suscripción (0.379792ms)
✔ un fallo del almacenamiento conserva un aviso visible sin revelar actividad del CRM (0.282291ms)
✔ un registro de repetidos dañado no oculta una solicitud nueva (0.72525ms)
✔ clic reconstruye una ruta interna y no acepta URLs del mensaje (0.318792ms)
✔ si una ventana desaparece durante el clic abre otra (0.266958ms)
✔ el clic conserva un formulario abierto en otra pestaña (0.230709ms)
ℹ tests 8
ℹ suites 0
ℹ pass 8
ℹ fail 0
ℹ cancelled 0
ℹ skipped 0
ℹ todo 0
ℹ duration_ms 51.912667
npm notice run app@0.0.0 build
npm notice run tsc -b && vite build
vite v8.1.4 building client environment for production...
[2K
transforming...✓ 3282 modules transformed.
rendering chunks...
computing gzip size...
dist/version.json                                                0.05 kB │ gzip:   0.06 kB
dist/index.html                                                  2.17 kB │ gzip:   0.69 kB
dist/assets/plus-jakarta-sans-latin-400-normal-Dhut76fR.woff2   11.81 kB
dist/assets/plus-jakarta-sans-latin-800-normal-CusIZhrK.woff2   11.89 kB
dist/assets/plus-jakarta-sans-latin-600-normal-DLTa1BUW.woff2   12.18 kB
dist/assets/plus-jakarta-sans-latin-700-normal-CfpNZvy6.woff2   12.24 kB
dist/assets/plus-jakarta-sans-latin-500-normal-Bf-nb4oT.woff2   12.31 kB
dist/assets/plus-jakarta-sans-latin-400-normal-BDKaGhyp.woff    15.72 kB
dist/assets/plus-jakarta-sans-latin-800-normal-BRNHt2w0.woff    15.78 kB
dist/assets/plus-jakarta-sans-latin-600-normal-BR_Ojra4.woff    16.08 kB
dist/assets/plus-jakarta-sans-latin-500-normal-DYtqi0QS.woff    16.12 kB
dist/assets/plus-jakarta-sans-latin-700-normal-DqEcQeE5.woff    16.13 kB
dist/assets/ibm-plex-sans-latin-400-normal-CYLoc0-x.woff        22.10 kB
dist/assets/ibm-plex-sans-latin-700-normal-Bth3BMcD.woff        22.28 kB
dist/assets/ibm-plex-sans-latin-400-normal-CDDApCn2.woff2       22.58 kB
dist/assets/ibm-plex-sans-latin-700-normal-Bxkt5Cjx.woff2       22.83 kB
dist/assets/ibm-plex-sans-latin-600-normal-Cu4Hd6ag.woff        23.87 kB
dist/assets/ibm-plex-sans-latin-500-normal-BgVn5rGT.woff        23.91 kB
dist/assets/ibm-plex-sans-latin-500-normal-6ng42L7E.woff2       24.18 kB
dist/assets/ibm-plex-sans-latin-600-normal-CuJfVYMP.woff2       24.25 kB
dist/.vite/license.md                                           87.03 kB
dist/assets/gestion-diaria-CNZTulyI.css                         12.31 kB │ gzip:   3.00 kB
dist/assets/gerencia-BaLUQF8y.css                               17.29 kB │ gzip:   3.73 kB
dist/assets/index-C88FeW2D.css                                 157.34 kB │ gzip:  25.68 kB
dist/assets/argumentos-rpc-CZnLpNy5.js                           0.09 kB │ gzip:   0.10 kB
dist/assets/rescate-carpeta-B-SyeHn-.js                          0.20 kB │ gzip:   0.17 kB
dist/assets/use-periodo-gerencia-DW3XKbjy.js                     0.29 kB │ gzip:   0.21 kB
dist/assets/use-valor-diferido-C5pSPdfy.js                       0.29 kB │ gzip:   0.22 kB
dist/assets/progress-784Lqrrm.js                                 0.42 kB │ gzip:   0.30 kB
dist/assets/section-head-CpbYtuG_.js                             0.43 kB │ gzip:   0.29 kB
dist/assets/use-resumen-cartera-operativo-7fQ7dq8Y.js            0.49 kB │ gzip:   0.34 kB
dist/assets/ahora-CyLTFCpv.js                                    0.51 kB │ gzip:   0.30 kB
dist/assets/store-context-8oahbTda.js                            0.67 kB │ gzip:   0.31 kB
dist/assets/rolldown-runtime-QTnfLwEv.js                         0.69 kB │ gzip:   0.42 kB
dist/assets/desglose-monedas-BfTQe2Ax.js                         0.70 kB │ gzip:   0.42 kB
dist/assets/tabla-BnYgVgYp.js                                    0.70 kB │ gzip:   0.36 kB
dist/assets/card-TuroX6HR.js                                     0.73 kB │ gzip:   0.33 kB
dist/assets/seguimiento-Cw2_yNGE.js                              0.81 kB │ gzip:   0.45 kB
dist/assets/select-B3VU5IjL.js                                   0.86 kB │ gzip:   0.52 kB
dist/assets/animated-value-CxWwuyas.js                           0.94 kB │ gzip:   0.55 kB
dist/assets/paginacion-obAhw9sU.js                               0.99 kB │ gzip:   0.55 kB
dist/assets/input-Cb6Fp43O.js                                    1.01 kB │ gzip:   0.53 kB
dist/assets/kpi-card-DZN8eJi-.js                                 1.14 kB │ gzip:   0.63 kB
dist/assets/aviso-degradacion--F6j3SNh.js                        1.19 kB │ gzip:   0.63 kB
dist/assets/use-metricas-vendedores-operativas-BvQnHngg.js       1.59 kB │ gzip:   0.83 kB
dist/assets/use-cartera-paginada-3_1ifdjV.js                     1.60 kB │ gzip:   0.81 kB
dist/assets/button-CcjL0mMd.js                                   1.96 kB │ gzip:   0.98 kB
dist/assets/configuracion-shell-N7RBhhrQ.js                      1.97 kB │ gzip:   0.92 kB
dist/assets/stat-strip-CHL-vFQJ.js                               2.19 kB │ gzip:   0.93 kB
dist/assets/controles-periodo-derivaciones-1FFxpwW-.js           2.52 kB │ gzip:   0.92 kB
dist/assets/acciones-reconocer-alerta-DmKqv1Yr.js                2.58 kB │ gzip:   1.17 kB
dist/assets/dropdown-menu-lewrahU-.js                            3.13 kB │ gzip:   1.54 kB
dist/assets/notificaciones-tasa-kzah7a0x.js                      4.17 kB │ gzip:   1.79 kB
dist/assets/control-citas-DXps-wjk.js                            4.18 kB │ gzip:   1.73 kB
dist/assets/sla-operacion-LhJBM6Vf.js                            5.64 kB │ gzip:   2.24 kB
dist/assets/distribucion-lecturas-B_Wnh58z.js                    7.52 kB │ gzip:   2.61 kB
dist/assets/config-mtHFyap3.js                                  12.02 kB │ gzip:   4.21 kB
dist/assets/config-gestion-diaria-CP3QtssY.js                   12.13 kB │ gzip:   3.95 kB
dist/assets/dist-DAse8jiX.js                                    12.57 kB │ gzip:   4.48 kB
dist/assets/alertas-DbqMu46Q.js                                 13.63 kB │ gzip:   4.74 kB
dist/assets/derivaciones-CW_E5knR.js                            13.73 kB │ gzip:   4.67 kB
dist/assets/historial-decisiones-tasa-gerencia-DkqT2jkm.js      14.20 kB │ gzip:   3.95 kB
dist/assets/config-rentabilidad-nm5Bxyu_.js                     14.71 kB │ gzip:   4.85 kB
dist/assets/cartera-BbchJSVq.js                                 14.76 kB │ gzip:   5.09 kB
dist/assets/pipeline-Cd5496v7.js                                14.89 kB │ gzip:   5.24 kB
dist/assets/cierres-externos-seccion-BMRxaNrn.js                15.26 kB │ gzip:   4.67 kB
dist/assets/crm-queries-BmuiLbXO.js                             15.73 kB │ gzip:   4.30 kB
dist/assets/config-metas-Bm2lvEml.js                            16.11 kB │ gzip:   5.56 kB
dist/assets/config-citas-CW9NkMY_.js                            17.02 kB │ gzip:   5.70 kB
dist/assets/config-sla-67wZEiez.js                              17.24 kB │ gzip:   5.47 kB
dist/assets/metricas-multiempresa-5XBArXu5.js                   19.95 kB │ gzip:   5.72 kB
dist/assets/escape-dialogo-BhefE2FP.js                          20.29 kB │ gzip:   7.42 kB
dist/assets/echart-bar-CCrXnjdM.js                              21.98 kB │ gzip:   8.34 kB
dist/assets/gestion-diaria-api-CucMG6Cx.js                      23.53 kB │ gzip:   7.36 kB
dist/assets/config-usuarios-v8Wl-TCU.js                         23.93 kB │ gzip:   6.50 kB
dist/assets/equipo-ByOeO9EM.js                                  26.77 kB │ gzip:   7.86 kB
dist/assets/utils-C_jjd2h8.js                                   26.93 kB │ gzip:   8.59 kB
dist/assets/config-productos-BVvM8JiZ.js                        27.09 kB │ gzip:   7.35 kB
dist/assets/rescate-descartados-4Y_zOtv2.js                     30.83 kB │ gzip:   7.92 kB
dist/assets/facturacion-DLNX82sD.js                             31.06 kB │ gzip:  10.17 kB
dist/assets/agenda-3L_kG2pf.js                                  31.08 kB │ gzip:   8.83 kB
dist/assets/lead-hover-card-BM2doaS9.js                         33.88 kB │ gzip:  12.66 kB
dist/assets/ranking-vendedores-hYIhB1b_.js                      37.29 kB │ gzip:   8.95 kB
dist/assets/echart-line-D2c-cuAX.js                             45.31 kB │ gzip:  16.14 kB
dist/assets/repartir-BSGb0RLX.js                                50.78 kB │ gzip:  13.22 kB
dist/assets/esm-BofDk75c.js                                     84.55 kB │ gzip:  28.62 kB
dist/assets/hoy-ChF6oywH.js                                     92.98 kB │ gzip:  25.58 kB
dist/assets/ui-vendor-CnUuygdz.js                               93.82 kB │ gzip:  20.57 kB
dist/assets/gerencia-D5Od2Iqj.js                               101.38 kB │ gzip:  28.16 kB
dist/assets/gestion-diaria-ClAIkl4i.js                         115.99 kB │ gzip:  32.59 kB
dist/assets/react-vendor-BXy-oECh.js                           190.81 kB │ gzip:  60.00 kB
dist/assets/gerencia-BSzqeXDt.js                               190.91 kB │ gzip:  47.01 kB
dist/assets/mi-cartera-sXVYsr4i.js                             212.98 kB │ gzip:  53.30 kB
dist/assets/crm-api-Bh8P-QlL.js                                224.88 kB │ gzip:  62.82 kB
dist/assets/data-vendor-DTp_zWmI.js                            244.55 kB │ gzip:  63.66 kB
dist/assets/echart-Bb36jJ6d.js                                 487.20 kB │ gzip: 165.23 kB
dist/assets/index-BPJNJOKx.js                                  708.98 kB │ gzip: 211.59 kB

[33m[INEFFECTIVE_DYNAMIC_IMPORT] [0msrc/lib/demo-config.ts is dynamically imported by src/data/crm-config-queries.ts but also statically imported by src/lib/demo-sla.ts, dynamic import will not move module into another chunk.

[plugin builtin:vite-reporter]
(!) Some chunks are larger than 500 kB after minification. Consider:
- Using dynamic import() to code-split the application
- Use build.rolldownOptions.output.codeSplitting to improve chunking: https://rolldown.rs/reference/OutputOptions.codeSplitting
- Adjust chunk size limit for this warning via build.chunkSizeWarningLimit.
✓ built in 413ms
npm notice run app@0.0.0 verify:bundle
npm notice run node scripts/verificar-bundle-produccion.mjs
BUNDLE_PRODUCCION_SIN_PDFMAKE_NI_FIXTURES_DEMO_CON_FICHA_360_Y_CON_FOCO
npm notice run app@0.0.0 dup
npm notice run jscpd src --min-tokens 70 --ignore "**/*.test.*" --threshold 0.8 --reporters consoleFull
[1mClone found (tsx)[22m
 - App.tsx [191:7 - 201:6]
   App.tsx [311:7 - 321:6]

[1mClone found (tsx)[22m
 - components/app/contrato-corregir.tsx [159:7 - 168:68]
   components/app/contrato-corregir.tsx [249:5 - 258:66]

[1mClone found (tsx)[22m
 - components/app/contrato-corregir.tsx [295:45 - 313:10]
   components/app/contrato-nuevo.tsx [493:57 - 513:10]

[1mClone found (tsx)[22m
 - components/app/contrato-corregir.tsx [788:13 - 813:13]
   components/app/contrato-nuevo.tsx [1399:13 - 1425:13]

[1mClone found (tsx)[22m
 - components/app/splash-crm.tsx [275:11 - 289:20]
   components/app/splash-crm.tsx [327:7 - 341:16]

[1mClone found (typescript)[22m
 - data/crm-api.ts [1043:22 - 1056:56]
   data/crm-api.ts [1420:28 - 1430:56]

[1mClone found (typescript)[22m
 - data/crm-api.ts [1044:5 - 1050:47]
   data/crm-api.ts [1464:10 - 1470:47]

[1mClone found (css)[22m
 - index.css [338:66 - 343:7]
   index.css [384:32 - 389:5]

[1mClone found (typescript)[22m
 - lib/auth-maquina.ts [376:50 - 395:7]
   lib/auth-maquina.ts [432:94 - 449:7]

[1mClone found (typescript)[22m
 - lib/conversion-mensual.ts [170:23 - 179:6]
   lib/objetivos.ts [315:22 - 323:6]

[1mClone found (typescript)[22m
 - lib/conversion-vendedores.ts [444:72 - 463:13]
   lib/conversion-vendedores.ts [534:63 - 550:13]

[1mClone found (typescript)[22m
 - lib/database.types.ts [2432:15 - 2457:25]
   lib/database.types.ts [2472:15 - 2497:25]

[1mClone found (typescript)[22m
 - lib/database.types.ts [3991:15 - 4016:15]
   lib/database.types.ts [4022:15 - 4047:15]

[1mClone found (typescript)[22m
 - lib/database.types.ts [6384:15 - 6405:13]
   lib/database.types.ts [6420:15 - 6441:13]

[1mClone found (typescript)[22m
 - lib/database.types.ts [6778:25 - 6790:103]
   lib/database.types.ts [6803:25 - 6815:103]

[1mClone found (typescript)[22m
 - lib/demo-inteligencia-comercial.ts [329:11 - 342:6]
   lib/demo.ts [261:49 - 274:4]

[1mClone found (typescript)[22m
 - lib/metricas-agenda.ts [40:57 - 47:6]
   lib/metricas-distribucion.ts [45:44 - 53:6]

[1mClone found (typescript)[22m
 - lib/metricas-conversiones-equipo.ts [56:36 - 66:55]
   lib/objetivos.ts [346:54 - 356:55]

[1mClone found (typescript)[22m
 - lib/metricas-vendedores.ts [46:10 - 57:9]
   lib/metricas-vendedores.ts [94:12 - 105:9]

[1mClone found (typescript)[22m
 - lib/metricas-vendedores.ts [119:5 - 124:4]
   lib/metricas-vendedores.ts [144:5 - 149:14]

[1mClone found (typescript)[22m
 - lib/metricas-vendedores.ts [135:22 - 148:91]
   lib/metricas-vendedores.ts [161:25 - 173:91]

[1mClone found (typescript)[22m
 - lib/objetivos.ts [499:20 - 510:6]
   lib/objetivos.ts [678:15 - 689:8]

[1mClone found (typescript)[22m
 - lib/productos-inversion.ts [25:59 - 35:35]
   lib/productos-inversion.ts [107:42 - 117:35]

[1mClone found (tsx)[22m
 - lib/store.tsx [2742:21 - 2765:23]
   lib/store.tsx [2784:41 - 2806:23]

[1mClone found (tsx)[22m
 - screens/agenda.tsx [555:45 - 565:31]
   screens/agenda.tsx [643:119 - 653:31]

[1mClone found (tsx)[22m
 - screens/agenda.tsx [601:135 - 637:13]
   screens/agenda.tsx [683:148 - 719:13]

[1mClone found (tsx)[22m
 - screens/hoy/graficas-gerencia.tsx [358:59 - 367:40]
   screens/hoy/graficas-gerencia.tsx [402:57 - 411:40]

[1mClone found (tsx)[22m
 - screens/hoy/inteligencia-comercial.tsx [392:19 - 402:14]
   screens/hoy/inteligencia-comercial.tsx [536:19 - 546:14]

[1mClone found (tsx)[22m
 - screens/hoy/inteligencia-comercial.tsx [626:54 - 635:52]
   screens/hoy/inteligencia-comercial.tsx [655:54 - 664:52]

[1mClone found (tsx)[22m
 - screens/hoy/inteligencia-comercial.tsx [668:35 - 688:135]
   screens/hoy/resumen-gerencia.tsx [247:46 - 273:79]

[1mClone found (tsx)[22m
 - screens/hoy/supervisor.tsx [129:87 - 150:8]
   screens/hoy/vendedor.tsx [869:70 - 896:8]

[1mClone found (tsx)[22m
 - screens/hoy/supervisor.tsx [1005:17 - 1020:26]
   screens/hoy/vendedor.tsx [1593:17 - 1608:26]

[1mClone found (tsx)[22m
 - screens/hoy/vendedor.tsx [1749:47 - 1762:76]
   screens/hoy/vendedor.tsx [1823:58 - 1835:76]

[1mClone found (tsx)[22m
 - screens/mi-cartera.tsx [449:26 - 478:100]
   screens/mi-cartera.tsx [758:29 - 786:100]

[1mClone found (tsx)[22m
 - screens/mi-cartera.tsx [635:37 - 656:12]
   screens/mi-cartera.tsx [882:38 - 903:14]

[1mClone found (tsx)[22m
 - screens/mi-cartera.tsx [1850:31 - 1858:8]
   screens/mi-cartera.tsx [2377:23 - 2385:8]

[90m┌────────────┬────────────────┬─────────────┬──────────────┬──────────────┬──────────────────┬───────────────────┐[39m
[90m│[39m[31m Format     [39m[90m│[39m[31m Files analyzed [39m[90m│[39m[31m Total lines [39m[90m│[39m[31m Total tokens [39m[90m│[39m[31m Clones found [39m[90m│[39m[31m Duplicated lines [39m[90m│[39m[31m Duplicated tokens [39m[90m│[39m
[90m├────────────┼────────────────┼─────────────┼──────────────┼──────────────┼──────────────────┼───────────────────┤[39m
[90m│[39m css        [90m│[39m 9              [90m│[39m 1628        [90m│[39m 34542        [90m│[39m 1            [90m│[39m 5 (0.31%)        [90m│[39m 92 (0.27%)        [90m│[39m
[90m├────────────┼────────────────┼─────────────┼──────────────┼──────────────┼──────────────────┼───────────────────┤[39m
[90m│[39m tsx        [90m│[39m 192            [90m│[39m 60634       [90m│[39m 430292       [90m│[39m 18           [90m│[39m 300 (0.49%)      [90m│[39m 2004 (0.47%)      [90m│[39m
[90m├────────────┼────────────────┼─────────────┼──────────────┼──────────────┼──────────────────┼───────────────────┤[39m
[90m│[39m typescript [90m│[39m 215            [90m│[39m 45725       [90m│[39m 265845       [90m│[39m 17           [90m│[39m 229 (0.50%)      [90m│[39m 1689 (0.64%)      [90m│[39m
[90m├────────────┼────────────────┼─────────────┼──────────────┼──────────────┼──────────────────┼───────────────────┤[39m
[90m│[39m [1mTotal:[22m     [90m│[39m 416            [90m│[39m 107987      [90m│[39m 730679       [90m│[39m 36           [90m│[39m 534 (0.49%)      [90m│[39m 3785 (0.52%)      [90m│[39m
[90m└────────────┴────────────────┴─────────────┴──────────────┴──────────────┴──────────────────┴───────────────────┘[39m
[90mFound 36 clones.[39m
[90mtime: 34.802ms[39m

[90m💡 Auto-refactor with AI: [1m[39mnpx skills add https://github.com/kucherenko/jscpd --skill dry-refactoring[90m[22m
[90m🎩 New: Gangsta Agents — discipline your AI coding → gangsta.page[39m
[90m💖 Support jscpd project → https://opencollective.com/jscpd[39m
