npm notice run app@0.0.0 check
npm notice run npm run lint && npm run typecheck && npm run test:coverage && npm run test:release-config && npm run test:push-tasa && npm run build && npm run verify:bundle && npm run dup
npm notice run app@0.0.0 lint
npm notice run oxlint
src/components/ui/coverflow-carousel.tsx:299:11: warning jsx-a11y(no-noninteractive-tabindex): `tabIndex` should only be declared on interactive elements. help: The `tabIndex` attribute should be removed.
src/components/ui/coverflow-carousel.tsx:297:10: warning jsx-a11y(no-static-element-interactions): Static HTML elements with event handlers require a role. help: Add a role attribute to this element, or use a semantic HTML element instead.
src/components/ui/coverflow-carousel.tsx:327:15: warning jsx-a11y(click-events-have-key-events): Enforce a clickable non-interactive element has at least one keyboard event listener. help: Visible, non-interactive elements with click handlers must have one of `keyup`, `keydown`, or `keypress` listener.
src/components/ui/coverflow-carousel.tsx:327:16: warning jsx-a11y(no-noninteractive-element-interactions): Non-interactive elements should not be assigned mouse or keyboard event listeners. help: Move the handler to an interactive element, or use an appropriate interactive role.
src/screens/gestion-diaria/gerencia.tsx:116:152: warning jsx-a11y(no-interactive-element-to-noninteractive-role): Interactive elements should not be assigned non-interactive roles. help: WAI-ARIA roles should not be used to convert an interactive element to a non-interactive element. Wrap the element or use a different structure.
src/screens/gestion-diaria/gerencia.tsx:117:76: warning jsx-a11y(no-interactive-element-to-noninteractive-role): Interactive elements should not be assigned non-interactive roles. help: WAI-ARIA roles should not be used to convert an interactive element to a non-interactive element. Wrap the element or use a different structure.
src/screens/gestion-diaria/gerencia.tsx:119:23: warning jsx-a11y(no-interactive-element-to-noninteractive-role): Interactive elements should not be assigned non-interactive roles. help: WAI-ARIA roles should not be used to convert an interactive element to a non-interactive element. Wrap the element or use a different structure.
src/screens/gestion-diaria/gerencia.tsx:119:90: warning jsx-a11y(no-interactive-element-to-noninteractive-role): Interactive elements should not be assigned non-interactive roles. help: WAI-ARIA roles should not be used to convert an interactive element to a non-interactive element. Wrap the element or use a different structure.
src/screens/gestion-diaria/gerencia.tsx:120:23: warning jsx-a11y(no-interactive-element-to-noninteractive-role): Interactive elements should not be assigned non-interactive roles. help: WAI-ARIA roles should not be used to convert an interactive element to a non-interactive element. Wrap the element or use a different structure.
src/screens/gestion-diaria/gerencia.tsx:120:100: warning jsx-a11y(no-interactive-element-to-noninteractive-role): Interactive elements should not be assigned non-interactive roles. help: WAI-ARIA roles should not be used to convert an interactive element to a non-interactive element. Wrap the element or use a different structure.
src/screens/gestion-diaria/gerencia.tsx:121:23: warning jsx-a11y(no-interactive-element-to-noninteractive-role): Interactive elements should not be assigned non-interactive roles. help: WAI-ARIA roles should not be used to convert an interactive element to a non-interactive element. Wrap the element or use a different structure.
src/screens/gestion-diaria/gerencia.tsx:122:23: warning jsx-a11y(no-interactive-element-to-noninteractive-role): Interactive elements should not be assigned non-interactive roles. help: WAI-ARIA roles should not be used to convert an interactive element to a non-interactive element. Wrap the element or use a different structure.
src/components/gestion-diaria/tabla-equipo-diaria.tsx:48:17: warning jsx-a11y(control-has-associated-label): A control must be associated with a text label. help: Add a text label to the control element. This can be done by adding text content, an `aria-label` attribute, or an `aria-labelledby` attribute.
src/components/gestion-diaria/reporte-habitos.tsx:37:38: warning jsx-a11y(no-interactive-element-to-noninteractive-role): Interactive elements should not be assigned non-interactive roles. help: WAI-ARIA roles should not be used to convert an interactive element to a non-interactive element. Wrap the element or use a different structure.
src/components/gestion-diaria/reporte-habitos.tsx:38:57: warning jsx-a11y(no-interactive-element-to-noninteractive-role): Interactive elements should not be assigned non-interactive roles. help: WAI-ARIA roles should not be used to convert an interactive element to a non-interactive element. Wrap the element or use a different structure.
src/components/gestion-diaria/reporte-habitos.tsx:40:17: warning jsx-a11y(no-interactive-element-to-noninteractive-role): Interactive elements should not be assigned non-interactive roles. help: WAI-ARIA roles should not be used to convert an interactive element to a non-interactive element. Wrap the element or use a different structure.
src/components/gestion-diaria/reporte-habitos.tsx:41:17: warning jsx-a11y(no-interactive-element-to-noninteractive-role): Interactive elements should not be assigned non-interactive roles. help: WAI-ARIA roles should not be used to convert an interactive element to a non-interactive element. Wrap the element or use a different structure.
src/components/gestion-diaria/reporte-habitos.tsx:45:17: warning jsx-a11y(no-interactive-element-to-noninteractive-role): Interactive elements should not be assigned non-interactive roles. help: WAI-ARIA roles should not be used to convert an interactive element to a non-interactive element. Wrap the element or use a different structure.
src/components/gestion-diaria/reporte-habitos.tsx:46:17: warning jsx-a11y(no-interactive-element-to-noninteractive-role): Interactive elements should not be assigned non-interactive roles. help: WAI-ARIA roles should not be used to convert an interactive element to a non-interactive element. Wrap the element or use a different structure.
npm notice run app@0.0.0 typecheck
npm notice run tsc -b --pretty false
npm notice run app@0.0.0 test:coverage
npm notice run vitest run --coverage

 RUN  v4.1.10 /private/tmp/avancecorp-fecha-publicacion-vfzj775x/repo/CRM-Avance-Corp/app
      Coverage enabled with v8

(node:27388) ExperimentalWarning: localStorage is not available because --localstorage-file was not provided.
(Use `node --trace-warnings ...` to show where the warning was created)
(node:27391) ExperimentalWarning: localStorage is not available because --localstorage-file was not provided.
(Use `node --trace-warnings ...` to show where the warning was created)
(node:27380) ExperimentalWarning: localStorage is not available because --localstorage-file was not provided.
(Use `node --trace-warnings ...` to show where the warning was created)
(node:27384) ExperimentalWarning: localStorage is not available because --localstorage-file was not provided.
(Use `node --trace-warnings ...` to show where the warning was created)
(node:27389) ExperimentalWarning: localStorage is not available because --localstorage-file was not provided.
(Use `node --trace-warnings ...` to show where the warning was created)
(node:27383) ExperimentalWarning: localStorage is not available because --localstorage-file was not provided.
(Use `node --trace-warnings ...` to show where the warning was created)
(node:27390) ExperimentalWarning: localStorage is not available because --localstorage-file was not provided.
(Use `node --trace-warnings ...` to show where the warning was created)
(node:27386) ExperimentalWarning: localStorage is not available because --localstorage-file was not provided.
(Use `node --trace-warnings ...` to show where the warning was created)
(node:27393) ExperimentalWarning: localStorage is not available because --localstorage-file was not provided.
(Use `node --trace-warnings ...` to show where the warning was created)
(node:27382) ExperimentalWarning: localStorage is not available because --localstorage-file was not provided.
(Use `node --trace-warnings ...` to show where the warning was created)
(node:27385) ExperimentalWarning: localStorage is not available because --localstorage-file was not provided.
(Use `node --trace-warnings ...` to show where the warning was created)
(node:27381) ExperimentalWarning: localStorage is not available because --localstorage-file was not provided.
(Use `node --trace-warnings ...` to show where the warning was created)
(node:27387) ExperimentalWarning: localStorage is not available because --localstorage-file was not provided.
(Use `node --trace-warnings ...` to show where the warning was created)
(node:27392) ExperimentalWarning: localStorage is not available because --localstorage-file was not provided.
(Use `node --trace-warnings ...` to show where the warning was created)
(node:27407) ExperimentalWarning: localStorage is not available because --localstorage-file was not provided.
(Use `node --trace-warnings ...` to show where the warning was created)
(node:27430) ExperimentalWarning: localStorage is not available because --localstorage-file was not provided.
(Use `node --trace-warnings ...` to show where the warning was created)
(node:27431) ExperimentalWarning: localStorage is not available because --localstorage-file was not provided.
(Use `node --trace-warnings ...` to show where the warning was created)
(node:27435) ExperimentalWarning: localStorage is not available because --localstorage-file was not provided.
(Use `node --trace-warnings ...` to show where the warning was created)
(node:27437) ExperimentalWarning: localStorage is not available because --localstorage-file was not provided.
(Use `node --trace-warnings ...` to show where the warning was created)
(node:27443) ExperimentalWarning: localStorage is not available because --localstorage-file was not provided.
(Use `node --trace-warnings ...` to show where the warning was created)
(node:27452) ExperimentalWarning: localStorage is not available because --localstorage-file was not provided.
(Use `node --trace-warnings ...` to show where the warning was created)
(node:27454) ExperimentalWarning: localStorage is not available because --localstorage-file was not provided.
(Use `node --trace-warnings ...` to show where the warning was created)
(node:27458) ExperimentalWarning: localStorage is not available because --localstorage-file was not provided.
(Use `node --trace-warnings ...` to show where the warning was created)
(node:27457) ExperimentalWarning: localStorage is not available because --localstorage-file was not provided.
(Use `node --trace-warnings ...` to show where the warning was created)
(node:27460) ExperimentalWarning: localStorage is not available because --localstorage-file was not provided.
(Use `node --trace-warnings ...` to show where the warning was created)
(node:27461) ExperimentalWarning: localStorage is not available because --localstorage-file was not provided.
(Use `node --trace-warnings ...` to show where the warning was created)
(node:27464) ExperimentalWarning: localStorage is not available because --localstorage-file was not provided.
(Use `node --trace-warnings ...` to show where the warning was created)
(node:27465) ExperimentalWarning: localStorage is not available because --localstorage-file was not provided.
(Use `node --trace-warnings ...` to show where the warning was created)
(node:27467) ExperimentalWarning: localStorage is not available because --localstorage-file was not provided.
(Use `node --trace-warnings ...` to show where the warning was created)
(node:27470) ExperimentalWarning: localStorage is not available because --localstorage-file was not provided.
(Use `node --trace-warnings ...` to show where the warning was created)
(node:27472) ExperimentalWarning: localStorage is not available because --localstorage-file was not provided.
(Use `node --trace-warnings ...` to show where the warning was created)
(node:27473) ExperimentalWarning: localStorage is not available because --localstorage-file was not provided.
(Use `node --trace-warnings ...` to show where the warning was created)
(node:27475) ExperimentalWarning: localStorage is not available because --localstorage-file was not provided.
(Use `node --trace-warnings ...` to show where the warning was created)
(node:27476) ExperimentalWarning: localStorage is not available because --localstorage-file was not provided.
(Use `node --trace-warnings ...` to show where the warning was created)
(node:27477) ExperimentalWarning: localStorage is not available because --localstorage-file was not provided.
(Use `node --trace-warnings ...` to show where the warning was created)
(node:27480) ExperimentalWarning: localStorage is not available because --localstorage-file was not provided.
(Use `node --trace-warnings ...` to show where the warning was created)
(node:27484) ExperimentalWarning: localStorage is not available because --localstorage-file was not provided.
(Use `node --trace-warnings ...` to show where the warning was created)
(node:27485) ExperimentalWarning: localStorage is not available because --localstorage-file was not provided.
(Use `node --trace-warnings ...` to show where the warning was created)
(node:27487) ExperimentalWarning: localStorage is not available because --localstorage-file was not provided.
(Use `node --trace-warnings ...` to show where the warning was created)
(node:27491) ExperimentalWarning: localStorage is not available because --localstorage-file was not provided.
(Use `node --trace-warnings ...` to show where the warning was created)
(node:27492) ExperimentalWarning: localStorage is not available because --localstorage-file was not provided.
(Use `node --trace-warnings ...` to show where the warning was created)
(node:27495) ExperimentalWarning: localStorage is not available because --localstorage-file was not provided.
(Use `node --trace-warnings ...` to show where the warning was created)
(node:27496) ExperimentalWarning: localStorage is not available because --localstorage-file was not provided.
(Use `node --trace-warnings ...` to show where the warning was created)
(node:27497) ExperimentalWarning: localStorage is not available because --localstorage-file was not provided.
(Use `node --trace-warnings ...` to show where the warning was created)
(node:27498) ExperimentalWarning: localStorage is not available because --localstorage-file was not provided.
(Use `node --trace-warnings ...` to show where the warning was created)
(node:27499) ExperimentalWarning: localStorage is not available because --localstorage-file was not provided.
(Use `node --trace-warnings ...` to show where the warning was created)
(node:27501) ExperimentalWarning: localStorage is not available because --localstorage-file was not provided.
(Use `node --trace-warnings ...` to show where the warning was created)
(node:27504) ExperimentalWarning: localStorage is not available because --localstorage-file was not provided.
(Use `node --trace-warnings ...` to show where the warning was created)
(node:27505) ExperimentalWarning: localStorage is not available because --localstorage-file was not provided.
(Use `node --trace-warnings ...` to show where the warning was created)
(node:27508) ExperimentalWarning: localStorage is not available because --localstorage-file was not provided.
(Use `node --trace-warnings ...` to show where the warning was created)
(node:27509) ExperimentalWarning: localStorage is not available because --localstorage-file was not provided.
(Use `node --trace-warnings ...` to show where the warning was created)
(node:27510) ExperimentalWarning: localStorage is not available because --localstorage-file was not provided.
(Use `node --trace-warnings ...` to show where the warning was created)
(node:27514) ExperimentalWarning: localStorage is not available because --localstorage-file was not provided.
(Use `node --trace-warnings ...` to show where the warning was created)
(node:27516) ExperimentalWarning: localStorage is not available because --localstorage-file was not provided.
(Use `node --trace-warnings ...` to show where the warning was created)
(node:27517) ExperimentalWarning: localStorage is not available because --localstorage-file was not provided.
(Use `node --trace-warnings ...` to show where the warning was created)
(node:27519) ExperimentalWarning: localStorage is not available because --localstorage-file was not provided.
(Use `node --trace-warnings ...` to show where the warning was created)
(node:27521) ExperimentalWarning: localStorage is not available because --localstorage-file was not provided.
(Use `node --trace-warnings ...` to show where the warning was created)
(node:27522) ExperimentalWarning: localStorage is not available because --localstorage-file was not provided.
(Use `node --trace-warnings ...` to show where the warning was created)
(node:27523) ExperimentalWarning: localStorage is not available because --localstorage-file was not provided.
(Use `node --trace-warnings ...` to show where the warning was created)
(node:27524) ExperimentalWarning: localStorage is not available because --localstorage-file was not provided.
(Use `node --trace-warnings ...` to show where the warning was created)
(node:27525) ExperimentalWarning: localStorage is not available because --localstorage-file was not provided.
(Use `node --trace-warnings ...` to show where the warning was created)
(node:27526) ExperimentalWarning: localStorage is not available because --localstorage-file was not provided.
(Use `node --trace-warnings ...` to show where the warning was created)
(node:27528) ExperimentalWarning: localStorage is not available because --localstorage-file was not provided.
(Use `node --trace-warnings ...` to show where the warning was created)
(node:27527) ExperimentalWarning: localStorage is not available because --localstorage-file was not provided.
(Use `node --trace-warnings ...` to show where the warning was created)
(node:27530) ExperimentalWarning: localStorage is not available because --localstorage-file was not provided.
(Use `node --trace-warnings ...` to show where the warning was created)
(node:27532) ExperimentalWarning: localStorage is not available because --localstorage-file was not provided.
(Use `node --trace-warnings ...` to show where the warning was created)
(node:27534) ExperimentalWarning: localStorage is not available because --localstorage-file was not provided.
(Use `node --trace-warnings ...` to show where the warning was created)
(node:27533) ExperimentalWarning: localStorage is not available because --localstorage-file was not provided.
(Use `node --trace-warnings ...` to show where the warning was created)
(node:27535) ExperimentalWarning: localStorage is not available because --localstorage-file was not provided.
(Use `node --trace-warnings ...` to show where the warning was created)
(node:27536) ExperimentalWarning: localStorage is not available because --localstorage-file was not provided.
(Use `node --trace-warnings ...` to show where the warning was created)
(node:27537) ExperimentalWarning: localStorage is not available because --localstorage-file was not provided.
(Use `node --trace-warnings ...` to show where the warning was created)
(node:27538) ExperimentalWarning: localStorage is not available because --localstorage-file was not provided.
(Use `node --trace-warnings ...` to show where the warning was created)
(node:27539) ExperimentalWarning: localStorage is not available because --localstorage-file was not provided.
(Use `node --trace-warnings ...` to show where the warning was created)
(node:27540) ExperimentalWarning: localStorage is not available because --localstorage-file was not provided.
(Use `node --trace-warnings ...` to show where the warning was created)
(node:27541) ExperimentalWarning: localStorage is not available because --localstorage-file was not provided.
(Use `node --trace-warnings ...` to show where the warning was created)
(node:27543) ExperimentalWarning: localStorage is not available because --localstorage-file was not provided.
(Use `node --trace-warnings ...` to show where the warning was created)
(node:27549) ExperimentalWarning: localStorage is not available because --localstorage-file was not provided.
(Use `node --trace-warnings ...` to show where the warning was created)
(node:27548) ExperimentalWarning: localStorage is not available because --localstorage-file was not provided.
(Use `node --trace-warnings ...` to show where the warning was created)
(node:27547) ExperimentalWarning: localStorage is not available because --localstorage-file was not provided.
(Use `node --trace-warnings ...` to show where the warning was created)
(node:27550) ExperimentalWarning: localStorage is not available because --localstorage-file was not provided.
(Use `node --trace-warnings ...` to show where the warning was created)
(node:27553) ExperimentalWarning: localStorage is not available because --localstorage-file was not provided.
(Use `node --trace-warnings ...` to show where the warning was created)
(node:27551) ExperimentalWarning: localStorage is not available because --localstorage-file was not provided.
(Use `node --trace-warnings ...` to show where the warning was created)
(node:27552) ExperimentalWarning: localStorage is not available because --localstorage-file was not provided.
(Use `node --trace-warnings ...` to show where the warning was created)
(node:27555) ExperimentalWarning: localStorage is not available because --localstorage-file was not provided.
(Use `node --trace-warnings ...` to show where the warning was created)
(node:27554) ExperimentalWarning: localStorage is not available because --localstorage-file was not provided.
(Use `node --trace-warnings ...` to show where the warning was created)
(node:27556) ExperimentalWarning: localStorage is not available because --localstorage-file was not provided.
(Use `node --trace-warnings ...` to show where the warning was created)
(node:27558) ExperimentalWarning: localStorage is not available because --localstorage-file was not provided.
(Use `node --trace-warnings ...` to show where the warning was created)
(node:27559) ExperimentalWarning: localStorage is not available because --localstorage-file was not provided.
(Use `node --trace-warnings ...` to show where the warning was created)
(node:27560) ExperimentalWarning: localStorage is not available because --localstorage-file was not provided.
(Use `node --trace-warnings ...` to show where the warning was created)
(node:27562) ExperimentalWarning: localStorage is not available because --localstorage-file was not provided.
(Use `node --trace-warnings ...` to show where the warning was created)
(node:27563) ExperimentalWarning: localStorage is not available because --localstorage-file was not provided.
(Use `node --trace-warnings ...` to show where the warning was created)
(node:27566) ExperimentalWarning: localStorage is not available because --localstorage-file was not provided.
(Use `node --trace-warnings ...` to show where the warning was created)
(node:27564) ExperimentalWarning: localStorage is not available because --localstorage-file was not provided.
(Use `node --trace-warnings ...` to show where the warning was created)
(node:27567) ExperimentalWarning: localStorage is not available because --localstorage-file was not provided.
(Use `node --trace-warnings ...` to show where the warning was created)
(node:27565) ExperimentalWarning: localStorage is not available because --localstorage-file was not provided.
(Use `node --trace-warnings ...` to show where the warning was created)
(node:27568) ExperimentalWarning: localStorage is not available because --localstorage-file was not provided.
(Use `node --trace-warnings ...` to show where the warning was created)
(node:27569) ExperimentalWarning: localStorage is not available because --localstorage-file was not provided.
(Use `node --trace-warnings ...` to show where the warning was created)
(node:27570) ExperimentalWarning: localStorage is not available because --localstorage-file was not provided.
(Use `node --trace-warnings ...` to show where the warning was created)
(node:27571) ExperimentalWarning: localStorage is not available because --localstorage-file was not provided.
(Use `node --trace-warnings ...` to show where the warning was created)
(node:27572) ExperimentalWarning: localStorage is not available because --localstorage-file was not provided.
(Use `node --trace-warnings ...` to show where the warning was created)
(node:27573) ExperimentalWarning: localStorage is not available because --localstorage-file was not provided.
(Use `node --trace-warnings ...` to show where the warning was created)
(node:27576) ExperimentalWarning: localStorage is not available because --localstorage-file was not provided.
(Use `node --trace-warnings ...` to show where the warning was created)
(node:27577) ExperimentalWarning: localStorage is not available because --localstorage-file was not provided.
(Use `node --trace-warnings ...` to show where the warning was created)
(node:27578) ExperimentalWarning: localStorage is not available because --localstorage-file was not provided.
(Use `node --trace-warnings ...` to show where the warning was created)
(node:27579) ExperimentalWarning: localStorage is not available because --localstorage-file was not provided.
(Use `node --trace-warnings ...` to show where the warning was created)
(node:27581) ExperimentalWarning: localStorage is not available because --localstorage-file was not provided.
(Use `node --trace-warnings ...` to show where the warning was created)
(node:27585) ExperimentalWarning: localStorage is not available because --localstorage-file was not provided.
(Use `node --trace-warnings ...` to show where the warning was created)
(node:27586) ExperimentalWarning: localStorage is not available because --localstorage-file was not provided.
(Use `node --trace-warnings ...` to show where the warning was created)
(node:27587) ExperimentalWarning: localStorage is not available because --localstorage-file was not provided.
(Use `node --trace-warnings ...` to show where the warning was created)
(node:27588) ExperimentalWarning: localStorage is not available because --localstorage-file was not provided.
(Use `node --trace-warnings ...` to show where the warning was created)
(node:27589) ExperimentalWarning: localStorage is not available because --localstorage-file was not provided.
(Use `node --trace-warnings ...` to show where the warning was created)
(node:27590) ExperimentalWarning: localStorage is not available because --localstorage-file was not provided.
(Use `node --trace-warnings ...` to show where the warning was created)
(node:27591) ExperimentalWarning: localStorage is not available because --localstorage-file was not provided.
(Use `node --trace-warnings ...` to show where the warning was created)
(node:27592) ExperimentalWarning: localStorage is not available because --localstorage-file was not provided.
(Use `node --trace-warnings ...` to show where the warning was created)
(node:27602) ExperimentalWarning: localStorage is not available because --localstorage-file was not provided.
(Use `node --trace-warnings ...` to show where the warning was created)
(node:27593) ExperimentalWarning: localStorage is not available because --localstorage-file was not provided.
(Use `node --trace-warnings ...` to show where the warning was created)
(node:27603) ExperimentalWarning: localStorage is not available because --localstorage-file was not provided.
(Use `node --trace-warnings ...` to show where the warning was created)
(node:27595) ExperimentalWarning: localStorage is not available because --localstorage-file was not provided.
(Use `node --trace-warnings ...` to show where the warning was created)
(node:27607) ExperimentalWarning: localStorage is not available because --localstorage-file was not provided.
(Use `node --trace-warnings ...` to show where the warning was created)
(node:27596) ExperimentalWarning: localStorage is not available because --localstorage-file was not provided.
(Use `node --trace-warnings ...` to show where the warning was created)
(node:27599) ExperimentalWarning: localStorage is not available because --localstorage-file was not provided.
(Use `node --trace-warnings ...` to show where the warning was created)
(node:27597) ExperimentalWarning: localStorage is not available because --localstorage-file was not provided.
(Use `node --trace-warnings ...` to show where the warning was created)
(node:27598) ExperimentalWarning: localStorage is not available because --localstorage-file was not provided.
(Use `node --trace-warnings ...` to show where the warning was created)
(node:27604) ExperimentalWarning: localStorage is not available because --localstorage-file was not provided.
(Use `node --trace-warnings ...` to show where the warning was created)
(node:27601) ExperimentalWarning: localStorage is not available because --localstorage-file was not provided.
(Use `node --trace-warnings ...` to show where the warning was created)
(node:27608) ExperimentalWarning: localStorage is not available because --localstorage-file was not provided.
(Use `node --trace-warnings ...` to show where the warning was created)
(node:27606) ExperimentalWarning: localStorage is not available because --localstorage-file was not provided.
(Use `node --trace-warnings ...` to show where the warning was created)
(node:27610) ExperimentalWarning: localStorage is not available because --localstorage-file was not provided.
(Use `node --trace-warnings ...` to show where the warning was created)
(node:27609) ExperimentalWarning: localStorage is not available because --localstorage-file was not provided.
(Use `node --trace-warnings ...` to show where the warning was created)
(node:27614) ExperimentalWarning: localStorage is not available because --localstorage-file was not provided.
(Use `node --trace-warnings ...` to show where the warning was created)
(node:27615) ExperimentalWarning: localStorage is not available because --localstorage-file was not provided.
(Use `node --trace-warnings ...` to show where the warning was created)
(node:27611) ExperimentalWarning: localStorage is not available because --localstorage-file was not provided.
(Use `node --trace-warnings ...` to show where the warning was created)
(node:27612) ExperimentalWarning: localStorage is not available because --localstorage-file was not provided.
(Use `node --trace-warnings ...` to show where the warning was created)
(node:27618) ExperimentalWarning: localStorage is not available because --localstorage-file was not provided.
(Use `node --trace-warnings ...` to show where the warning was created)
(node:27619) ExperimentalWarning: localStorage is not available because --localstorage-file was not provided.
(Use `node --trace-warnings ...` to show where the warning was created)
(node:27622) ExperimentalWarning: localStorage is not available because --localstorage-file was not provided.
(Use `node --trace-warnings ...` to show where the warning was created)
(node:27613) ExperimentalWarning: localStorage is not available because --localstorage-file was not provided.
(Use `node --trace-warnings ...` to show where the warning was created)
(node:27617) ExperimentalWarning: localStorage is not available because --localstorage-file was not provided.
(Use `node --trace-warnings ...` to show where the warning was created)
(node:27621) ExperimentalWarning: localStorage is not available because --localstorage-file was not provided.
(Use `node --trace-warnings ...` to show where the warning was created)
(node:27626) ExperimentalWarning: localStorage is not available because --localstorage-file was not provided.
(Use `node --trace-warnings ...` to show where the warning was created)
(node:27629) ExperimentalWarning: localStorage is not available because --localstorage-file was not provided.
(Use `node --trace-warnings ...` to show where the warning was created)
(node:27620) ExperimentalWarning: localStorage is not available because --localstorage-file was not provided.
(Use `node --trace-warnings ...` to show where the warning was created)
(node:27624) ExperimentalWarning: localStorage is not available because --localstorage-file was not provided.
(Use `node --trace-warnings ...` to show where the warning was created)
(node:27625) ExperimentalWarning: localStorage is not available because --localstorage-file was not provided.
(Use `node --trace-warnings ...` to show where the warning was created)
(node:27623) ExperimentalWarning: localStorage is not available because --localstorage-file was not provided.
(Use `node --trace-warnings ...` to show where the warning was created)
(node:27639) ExperimentalWarning: localStorage is not available because --localstorage-file was not provided.
(Use `node --trace-warnings ...` to show where the warning was created)
(node:27637) ExperimentalWarning: localStorage is not available because --localstorage-file was not provided.
(Use `node --trace-warnings ...` to show where the warning was created)
(node:27638) ExperimentalWarning: localStorage is not available because --localstorage-file was not provided.
(Use `node --trace-warnings ...` to show where the warning was created)
(node:27641) ExperimentalWarning: localStorage is not available because --localstorage-file was not provided.
(Use `node --trace-warnings ...` to show where the warning was created)
(node:27642) ExperimentalWarning: localStorage is not available because --localstorage-file was not provided.
(Use `node --trace-warnings ...` to show where the warning was created)
(node:27643) ExperimentalWarning: localStorage is not available because --localstorage-file was not provided.
(Use `node --trace-warnings ...` to show where the warning was created)
(node:27646) ExperimentalWarning: localStorage is not available because --localstorage-file was not provided.
(Use `node --trace-warnings ...` to show where the warning was created)
(node:27645) ExperimentalWarning: localStorage is not available because --localstorage-file was not provided.
(Use `node --trace-warnings ...` to show where the warning was created)
(node:27640) ExperimentalWarning: localStorage is not available because --localstorage-file was not provided.
(Use `node --trace-warnings ...` to show where the warning was created)
(node:27644) ExperimentalWarning: localStorage is not available because --localstorage-file was not provided.
(Use `node --trace-warnings ...` to show where the warning was created)
(node:27648) ExperimentalWarning: localStorage is not available because --localstorage-file was not provided.
(Use `node --trace-warnings ...` to show where the warning was created)
(node:27647) ExperimentalWarning: localStorage is not available because --localstorage-file was not provided.
(Use `node --trace-warnings ...` to show where the warning was created)
(node:27651) ExperimentalWarning: localStorage is not available because --localstorage-file was not provided.
(Use `node --trace-warnings ...` to show where the warning was created)
(node:27652) ExperimentalWarning: localStorage is not available because --localstorage-file was not provided.
(Use `node --trace-warnings ...` to show where the warning was created)
(node:27653) ExperimentalWarning: localStorage is not available because --localstorage-file was not provided.
(Use `node --trace-warnings ...` to show where the warning was created)
(node:27654) ExperimentalWarning: localStorage is not available because --localstorage-file was not provided.
(Use `node --trace-warnings ...` to show where the warning was created)
(node:27655) ExperimentalWarning: localStorage is not available because --localstorage-file was not provided.
(Use `node --trace-warnings ...` to show where the warning was created)
(node:27656) ExperimentalWarning: localStorage is not available because --localstorage-file was not provided.
(Use `node --trace-warnings ...` to show where the warning was created)
(node:27662) ExperimentalWarning: localStorage is not available because --localstorage-file was not provided.
(Use `node --trace-warnings ...` to show where the warning was created)
(node:27660) ExperimentalWarning: localStorage is not available because --localstorage-file was not provided.
(Use `node --trace-warnings ...` to show where the warning was created)
(node:27659) ExperimentalWarning: localStorage is not available because --localstorage-file was not provided.
(Use `node --trace-warnings ...` to show where the warning was created)
(node:27661) ExperimentalWarning: localStorage is not available because --localstorage-file was not provided.
(Use `node --trace-warnings ...` to show where the warning was created)
(node:27658) ExperimentalWarning: localStorage is not available because --localstorage-file was not provided.
(Use `node --trace-warnings ...` to show where the warning was created)
(node:27664) ExperimentalWarning: localStorage is not available because --localstorage-file was not provided.
(Use `node --trace-warnings ...` to show where the warning was created)
(node:27663) ExperimentalWarning: localStorage is not available because --localstorage-file was not provided.
(Use `node --trace-warnings ...` to show where the warning was created)
(node:27666) ExperimentalWarning: localStorage is not available because --localstorage-file was not provided.
(Use `node --trace-warnings ...` to show where the warning was created)
(node:27668) ExperimentalWarning: localStorage is not available because --localstorage-file was not provided.
(Use `node --trace-warnings ...` to show where the warning was created)
(node:27667) ExperimentalWarning: localStorage is not available because --localstorage-file was not provided.
(Use `node --trace-warnings ...` to show where the warning was created)
(node:27669) ExperimentalWarning: localStorage is not available because --localstorage-file was not provided.
(Use `node --trace-warnings ...` to show where the warning was created)
(node:27672) ExperimentalWarning: localStorage is not available because --localstorage-file was not provided.
(Use `node --trace-warnings ...` to show where the warning was created)
(node:27670) ExperimentalWarning: localStorage is not available because --localstorage-file was not provided.
(Use `node --trace-warnings ...` to show where the warning was created)
(node:27671) ExperimentalWarning: localStorage is not available because --localstorage-file was not provided.
(Use `node --trace-warnings ...` to show where the warning was created)
(node:27674) ExperimentalWarning: localStorage is not available because --localstorage-file was not provided.
(Use `node --trace-warnings ...` to show where the warning was created)
(node:27675) ExperimentalWarning: localStorage is not available because --localstorage-file was not provided.
(Use `node --trace-warnings ...` to show where the warning was created)
(node:27673) ExperimentalWarning: localStorage is not available because --localstorage-file was not provided.
(Use `node --trace-warnings ...` to show where the warning was created)
(node:27676) ExperimentalWarning: localStorage is not available because --localstorage-file was not provided.
(Use `node --trace-warnings ...` to show where the warning was created)
(node:27677) ExperimentalWarning: localStorage is not available because --localstorage-file was not provided.
(Use `node --trace-warnings ...` to show where the warning was created)
(node:27679) ExperimentalWarning: localStorage is not available because --localstorage-file was not provided.
(Use `node --trace-warnings ...` to show where the warning was created)
(node:27678) ExperimentalWarning: localStorage is not available because --localstorage-file was not provided.
(Use `node --trace-warnings ...` to show where the warning was created)
(node:27680) ExperimentalWarning: localStorage is not available because --localstorage-file was not provided.
(Use `node --trace-warnings ...` to show where the warning was created)
(node:27683) ExperimentalWarning: localStorage is not available because --localstorage-file was not provided.
(Use `node --trace-warnings ...` to show where the warning was created)
(node:27682) ExperimentalWarning: localStorage is not available because --localstorage-file was not provided.
(Use `node --trace-warnings ...` to show where the warning was created)
(node:27684) ExperimentalWarning: localStorage is not available because --localstorage-file was not provided.
(Use `node --trace-warnings ...` to show where the warning was created)
(node:27685) ExperimentalWarning: localStorage is not available because --localstorage-file was not provided.
(Use `node --trace-warnings ...` to show where the warning was created)
(node:27687) ExperimentalWarning: localStorage is not available because --localstorage-file was not provided.
(Use `node --trace-warnings ...` to show where the warning was created)
(node:27686) ExperimentalWarning: localStorage is not available because --localstorage-file was not provided.
(Use `node --trace-warnings ...` to show where the warning was created)
(node:27691) ExperimentalWarning: localStorage is not available because --localstorage-file was not provided.
(Use `node --trace-warnings ...` to show where the warning was created)
(node:27688) ExperimentalWarning: localStorage is not available because --localstorage-file was not provided.
(Use `node --trace-warnings ...` to show where the warning was created)
(node:27689) ExperimentalWarning: localStorage is not available because --localstorage-file was not provided.
(Use `node --trace-warnings ...` to show where the warning was created)
(node:27690) ExperimentalWarning: localStorage is not available because --localstorage-file was not provided.
(Use `node --trace-warnings ...` to show where the warning was created)
(node:27693) ExperimentalWarning: localStorage is not available because --localstorage-file was not provided.
(Use `node --trace-warnings ...` to show where the warning was created)
(node:27694) ExperimentalWarning: localStorage is not available because --localstorage-file was not provided.
(Use `node --trace-warnings ...` to show where the warning was created)
(node:27695) ExperimentalWarning: localStorage is not available because --localstorage-file was not provided.
(Use `node --trace-warnings ...` to show where the warning was created)
(node:27696) ExperimentalWarning: localStorage is not available because --localstorage-file was not provided.
(Use `node --trace-warnings ...` to show where the warning was created)
(node:27697) ExperimentalWarning: localStorage is not available because --localstorage-file was not provided.
(Use `node --trace-warnings ...` to show where the warning was created)
(node:27698) ExperimentalWarning: localStorage is not available because --localstorage-file was not provided.
(Use `node --trace-warnings ...` to show where the warning was created)
(node:27700) ExperimentalWarning: localStorage is not available because --localstorage-file was not provided.
(Use `node --trace-warnings ...` to show where the warning was created)
(node:27701) ExperimentalWarning: localStorage is not available because --localstorage-file was not provided.
(Use `node --trace-warnings ...` to show where the warning was created)
(node:27699) ExperimentalWarning: localStorage is not available because --localstorage-file was not provided.
(Use `node --trace-warnings ...` to show where the warning was created)
(node:27703) ExperimentalWarning: localStorage is not available because --localstorage-file was not provided.
(Use `node --trace-warnings ...` to show where the warning was created)
(node:27702) ExperimentalWarning: localStorage is not available because --localstorage-file was not provided.
(Use `node --trace-warnings ...` to show where the warning was created)
(node:27706) ExperimentalWarning: localStorage is not available because --localstorage-file was not provided.
(Use `node --trace-warnings ...` to show where the warning was created)
(node:27704) ExperimentalWarning: localStorage is not available because --localstorage-file was not provided.
(Use `node --trace-warnings ...` to show where the warning was created)
(node:27705) ExperimentalWarning: localStorage is not available because --localstorage-file was not provided.
(Use `node --trace-warnings ...` to show where the warning was created)
(node:27707) ExperimentalWarning: localStorage is not available because --localstorage-file was not provided.
(Use `node --trace-warnings ...` to show where the warning was created)
(node:27709) ExperimentalWarning: localStorage is not available because --localstorage-file was not provided.
(Use `node --trace-warnings ...` to show where the warning was created)
(node:27710) ExperimentalWarning: localStorage is not available because --localstorage-file was not provided.
(Use `node --trace-warnings ...` to show where the warning was created)
(node:27711) ExperimentalWarning: localStorage is not available because --localstorage-file was not provided.
(Use `node --trace-warnings ...` to show where the warning was created)
(node:27712) ExperimentalWarning: localStorage is not available because --localstorage-file was not provided.
(Use `node --trace-warnings ...` to show where the warning was created)
(node:27713) ExperimentalWarning: localStorage is not available because --localstorage-file was not provided.
(Use `node --trace-warnings ...` to show where the warning was created)
(node:27717) ExperimentalWarning: localStorage is not available because --localstorage-file was not provided.
(Use `node --trace-warnings ...` to show where the warning was created)
(node:27716) ExperimentalWarning: localStorage is not available because --localstorage-file was not provided.
(Use `node --trace-warnings ...` to show where the warning was created)
(node:27718) ExperimentalWarning: localStorage is not available because --localstorage-file was not provided.
(Use `node --trace-warnings ...` to show where the warning was created)
(node:27719) ExperimentalWarning: localStorage is not available because --localstorage-file was not provided.
(Use `node --trace-warnings ...` to show where the warning was created)
(node:27720) ExperimentalWarning: localStorage is not available because --localstorage-file was not provided.
(Use `node --trace-warnings ...` to show where the warning was created)
(node:27721) ExperimentalWarning: localStorage is not available because --localstorage-file was not provided.
(Use `node --trace-warnings ...` to show where the warning was created)
(node:27723) ExperimentalWarning: localStorage is not available because --localstorage-file was not provided.
(Use `node --trace-warnings ...` to show where the warning was created)
(node:27722) ExperimentalWarning: localStorage is not available because --localstorage-file was not provided.
(Use `node --trace-warnings ...` to show where the warning was created)
(node:27724) ExperimentalWarning: localStorage is not available because --localstorage-file was not provided.
(Use `node --trace-warnings ...` to show where the warning was created)
(node:27727) ExperimentalWarning: localStorage is not available because --localstorage-file was not provided.
(Use `node --trace-warnings ...` to show where the warning was created)
(node:27726) ExperimentalWarning: localStorage is not available because --localstorage-file was not provided.
(Use `node --trace-warnings ...` to show where the warning was created)
(node:27728) ExperimentalWarning: localStorage is not available because --localstorage-file was not provided.
(Use `node --trace-warnings ...` to show where the warning was created)
(node:27732) ExperimentalWarning: localStorage is not available because --localstorage-file was not provided.
(Use `node --trace-warnings ...` to show where the warning was created)
(node:27729) ExperimentalWarning: localStorage is not available because --localstorage-file was not provided.
(Use `node --trace-warnings ...` to show where the warning was created)
(node:27731) ExperimentalWarning: localStorage is not available because --localstorage-file was not provided.
(Use `node --trace-warnings ...` to show where the warning was created)
(node:27730) ExperimentalWarning: localStorage is not available because --localstorage-file was not provided.
(Use `node --trace-warnings ...` to show where the warning was created)
(node:27736) ExperimentalWarning: localStorage is not available because --localstorage-file was not provided.
(Use `node --trace-warnings ...` to show where the warning was created)
(node:27733) ExperimentalWarning: localStorage is not available because --localstorage-file was not provided.
(Use `node --trace-warnings ...` to show where the warning was created)
(node:27734) ExperimentalWarning: localStorage is not available because --localstorage-file was not provided.
(Use `node --trace-warnings ...` to show where the warning was created)
(node:27735) ExperimentalWarning: localStorage is not available because --localstorage-file was not provided.
(Use `node --trace-warnings ...` to show where the warning was created)
(node:27738) ExperimentalWarning: localStorage is not available because --localstorage-file was not provided.
(Use `node --trace-warnings ...` to show where the warning was created)
(node:27740) ExperimentalWarning: localStorage is not available because --localstorage-file was not provided.
(Use `node --trace-warnings ...` to show where the warning was created)
(node:27739) ExperimentalWarning: localStorage is not available because --localstorage-file was not provided.
(Use `node --trace-warnings ...` to show where the warning was created)
(node:27741) ExperimentalWarning: localStorage is not available because --localstorage-file was not provided.
(Use `node --trace-warnings ...` to show where the warning was created)
(node:27743) ExperimentalWarning: localStorage is not available because --localstorage-file was not provided.
(Use `node --trace-warnings ...` to show where the warning was created)
(node:27742) ExperimentalWarning: localStorage is not available because --localstorage-file was not provided.
(Use `node --trace-warnings ...` to show where the warning was created)
(node:27744) ExperimentalWarning: localStorage is not available because --localstorage-file was not provided.
(Use `node --trace-warnings ...` to show where the warning was created)
(node:27747) ExperimentalWarning: localStorage is not available because --localstorage-file was not provided.
(Use `node --trace-warnings ...` to show where the warning was created)
(node:27745) ExperimentalWarning: localStorage is not available because --localstorage-file was not provided.
(Use `node --trace-warnings ...` to show where the warning was created)
(node:27746) ExperimentalWarning: localStorage is not available because --localstorage-file was not provided.
(Use `node --trace-warnings ...` to show where the warning was created)
(node:27748) ExperimentalWarning: localStorage is not available because --localstorage-file was not provided.
(Use `node --trace-warnings ...` to show where the warning was created)
(node:27750) ExperimentalWarning: localStorage is not available because --localstorage-file was not provided.
(Use `node --trace-warnings ...` to show where the warning was created)
(node:27749) ExperimentalWarning: localStorage is not available because --localstorage-file was not provided.
(Use `node --trace-warnings ...` to show where the warning was created)
(node:27752) ExperimentalWarning: localStorage is not available because --localstorage-file was not provided.
(Use `node --trace-warnings ...` to show where the warning was created)
(node:27758) ExperimentalWarning: localStorage is not available because --localstorage-file was not provided.
(Use `node --trace-warnings ...` to show where the warning was created)
(node:27755) ExperimentalWarning: localStorage is not available because --localstorage-file was not provided.
(Use `node --trace-warnings ...` to show where the warning was created)
(node:27754) ExperimentalWarning: localStorage is not available because --localstorage-file was not provided.
(Use `node --trace-warnings ...` to show where the warning was created)
(node:27753) ExperimentalWarning: localStorage is not available because --localstorage-file was not provided.
(Use `node --trace-warnings ...` to show where the warning was created)
(node:27756) ExperimentalWarning: localStorage is not available because --localstorage-file was not provided.
(Use `node --trace-warnings ...` to show where the warning was created)
(node:27757) ExperimentalWarning: localStorage is not available because --localstorage-file was not provided.
(Use `node --trace-warnings ...` to show where the warning was created)
(node:27759) ExperimentalWarning: localStorage is not available because --localstorage-file was not provided.
(Use `node --trace-warnings ...` to show where the warning was created)
(node:27761) ExperimentalWarning: localStorage is not available because --localstorage-file was not provided.
(Use `node --trace-warnings ...` to show where the warning was created)
(node:27763) ExperimentalWarning: localStorage is not available because --localstorage-file was not provided.
(Use `node --trace-warnings ...` to show where the warning was created)
(node:27760) ExperimentalWarning: localStorage is not available because --localstorage-file was not provided.
(Use `node --trace-warnings ...` to show where the warning was created)
(node:27764) ExperimentalWarning: localStorage is not available because --localstorage-file was not provided.
(Use `node --trace-warnings ...` to show where the warning was created)
(node:27766) ExperimentalWarning: localStorage is not available because --localstorage-file was not provided.
(Use `node --trace-warnings ...` to show where the warning was created)
(node:27765) ExperimentalWarning: localStorage is not available because --localstorage-file was not provided.
(Use `node --trace-warnings ...` to show where the warning was created)
(node:27767) ExperimentalWarning: localStorage is not available because --localstorage-file was not provided.
(Use `node --trace-warnings ...` to show where the warning was created)
(node:27769) ExperimentalWarning: localStorage is not available because --localstorage-file was not provided.
(Use `node --trace-warnings ...` to show where the warning was created)
(node:27768) ExperimentalWarning: localStorage is not available because --localstorage-file was not provided.
(Use `node --trace-warnings ...` to show where the warning was created)
(node:27770) ExperimentalWarning: localStorage is not available because --localstorage-file was not provided.
(Use `node --trace-warnings ...` to show where the warning was created)
(node:27777) ExperimentalWarning: localStorage is not available because --localstorage-file was not provided.
(Use `node --trace-warnings ...` to show where the warning was created)
(node:27779) ExperimentalWarning: localStorage is not available because --localstorage-file was not provided.
(Use `node --trace-warnings ...` to show where the warning was created)
(node:27781) ExperimentalWarning: localStorage is not available because --localstorage-file was not provided.
(Use `node --trace-warnings ...` to show where the warning was created)
(node:27782) ExperimentalWarning: localStorage is not available because --localstorage-file was not provided.
(Use `node --trace-warnings ...` to show where the warning was created)
(node:27785) ExperimentalWarning: localStorage is not available because --localstorage-file was not provided.
(Use `node --trace-warnings ...` to show where the warning was created)
(node:27784) ExperimentalWarning: localStorage is not available because --localstorage-file was not provided.
(Use `node --trace-warnings ...` to show where the warning was created)
(node:27786) ExperimentalWarning: localStorage is not available because --localstorage-file was not provided.
(Use `node --trace-warnings ...` to show where the warning was created)
(node:27789) ExperimentalWarning: localStorage is not available because --localstorage-file was not provided.
(Use `node --trace-warnings ...` to show where the warning was created)
(node:27791) ExperimentalWarning: localStorage is not available because --localstorage-file was not provided.
(Use `node --trace-warnings ...` to show where the warning was created)
(node:27794) ExperimentalWarning: localStorage is not available because --localstorage-file was not provided.
(Use `node --trace-warnings ...` to show where the warning was created)
(node:27795) ExperimentalWarning: localStorage is not available because --localstorage-file was not provided.
(Use `node --trace-warnings ...` to show where the warning was created)
(node:27796) ExperimentalWarning: localStorage is not available because --localstorage-file was not provided.
(Use `node --trace-warnings ...` to show where the warning was created)
(node:27798) ExperimentalWarning: localStorage is not available because --localstorage-file was not provided.
(Use `node --trace-warnings ...` to show where the warning was created)
(node:27801) ExperimentalWarning: localStorage is not available because --localstorage-file was not provided.
(Use `node --trace-warnings ...` to show where the warning was created)
(node:27800) ExperimentalWarning: localStorage is not available because --localstorage-file was not provided.
(Use `node --trace-warnings ...` to show where the warning was created)
(node:27797) ExperimentalWarning: localStorage is not available because --localstorage-file was not provided.
(Use `node --trace-warnings ...` to show where the warning was created)
(node:27799) ExperimentalWarning: localStorage is not available because --localstorage-file was not provided.
(Use `node --trace-warnings ...` to show where the warning was created)
(node:27802) ExperimentalWarning: localStorage is not available because --localstorage-file was not provided.
(Use `node --trace-warnings ...` to show where the warning was created)
(node:27804) ExperimentalWarning: localStorage is not available because --localstorage-file was not provided.
(Use `node --trace-warnings ...` to show where the warning was created)
(node:27805) ExperimentalWarning: localStorage is not available because --localstorage-file was not provided.
(Use `node --trace-warnings ...` to show where the warning was created)
(node:27806) ExperimentalWarning: localStorage is not available because --localstorage-file was not provided.
(Use `node --trace-warnings ...` to show where the warning was created)
(node:27807) ExperimentalWarning: localStorage is not available because --localstorage-file was not provided.
(Use `node --trace-warnings ...` to show where the warning was created)
(node:27808) ExperimentalWarning: localStorage is not available because --localstorage-file was not provided.
(Use `node --trace-warnings ...` to show where the warning was created)
(node:27810) ExperimentalWarning: localStorage is not available because --localstorage-file was not provided.
(Use `node --trace-warnings ...` to show where the warning was created)
(node:27809) ExperimentalWarning: localStorage is not available because --localstorage-file was not provided.
(Use `node --trace-warnings ...` to show where the warning was created)

 Test Files  291 passed (291)
      Tests  4315 passed (4315)
   Start at  16:52:18
   Duration  56.86s (transform 45.09s, setup 44.11s, import 118.09s, tests 316.28s, environment 190.70s)

 % Coverage report from v8

=============================== Coverage summary ===============================
Statements   : 77.42% ( 20450/26412 )
Branches     : 74.47% ( 23219/31175 )
Functions    : 74.42% ( 5404/7261 )
Lines        : 80.49% ( 17709/22001 )
================================================================================
npm notice run app@0.0.0 test:release-config
npm notice run node --test scripts/verificar-config-release.test.mjs
✔ acepta solo la configuración pública productiva presente en el bundle (117.616375ms)
✔ rechaza un release sin variables de Supabase (109.025209ms)
✔ rechaza una llave privilegiada (110.674958ms)
✔ rechaza un build que no incorporó la configuración (103.880416ms)
ℹ tests 4
ℹ suites 0
ℹ pass 4
ℹ fail 0
ℹ cancelled 0
ℹ skipped 0
ℹ todo 0
ℹ duration_ms 485.546959
npm notice run app@0.0.0 test:push-tasa
npm notice run node --test scripts/sw-crm.test.mjs
✔ el worker no intercepta peticiones de red (10.348292ms)
✔ un reintento reemplaza el mismo aviso sin sonido y cumple userVisibleOnly (1.401667ms)
✔ un aviso en tránsito después de salir solo informa la baja y retira la suscripción (0.435792ms)
✔ un fallo del almacenamiento conserva un aviso visible sin revelar actividad del CRM (0.339ms)
✔ un registro de repetidos dañado no oculta una solicitud nueva (1.022583ms)
✔ clic reconstruye una ruta interna y no acepta URLs del mensaje (0.326667ms)
✔ si una ventana desaparece durante el clic abre otra (0.270833ms)
✔ el clic conserva un formulario abierto en otra pestaña (0.276ms)
ℹ tests 8
ℹ suites 0
ℹ pass 8
ℹ fail 0
ℹ cancelled 0
ℹ skipped 0
ℹ todo 0
ℹ duration_ms 57.842625
npm notice run app@0.0.0 build
npm notice run tsc -b && vite build
vite v8.1.4 building client environment for production...
[2K
transforming...✓ 3282 modules transformed.
rendering chunks...
computing gzip size...
dist/version.json                                                0.05 kB │ gzip:   0.06 kB
dist/index.html                                                  2.17 kB │ gzip:   0.69 kB
dist/assets/plus-jakarta-sans-latin-400-normal-Dhut76fR.woff2   11.81 kB
dist/assets/plus-jakarta-sans-latin-800-normal-CusIZhrK.woff2   11.89 kB
dist/assets/plus-jakarta-sans-latin-600-normal-DLTa1BUW.woff2   12.18 kB
dist/assets/plus-jakarta-sans-latin-700-normal-CfpNZvy6.woff2   12.24 kB
dist/assets/plus-jakarta-sans-latin-500-normal-Bf-nb4oT.woff2   12.31 kB
dist/assets/plus-jakarta-sans-latin-400-normal-BDKaGhyp.woff    15.72 kB
dist/assets/plus-jakarta-sans-latin-800-normal-BRNHt2w0.woff    15.78 kB
dist/assets/plus-jakarta-sans-latin-600-normal-BR_Ojra4.woff    16.08 kB
dist/assets/plus-jakarta-sans-latin-500-normal-DYtqi0QS.woff    16.12 kB
dist/assets/plus-jakarta-sans-latin-700-normal-DqEcQeE5.woff    16.13 kB
dist/assets/ibm-plex-sans-latin-400-normal-CYLoc0-x.woff        22.10 kB
dist/assets/ibm-plex-sans-latin-700-normal-Bth3BMcD.woff        22.28 kB
dist/assets/ibm-plex-sans-latin-400-normal-CDDApCn2.woff2       22.58 kB
dist/assets/ibm-plex-sans-latin-700-normal-Bxkt5Cjx.woff2       22.83 kB
dist/assets/ibm-plex-sans-latin-600-normal-Cu4Hd6ag.woff        23.87 kB
dist/assets/ibm-plex-sans-latin-500-normal-BgVn5rGT.woff        23.91 kB
dist/assets/ibm-plex-sans-latin-500-normal-6ng42L7E.woff2       24.18 kB
dist/assets/ibm-plex-sans-latin-600-normal-CuJfVYMP.woff2       24.25 kB
dist/.vite/license.md                                           87.03 kB
dist/assets/gestion-diaria-CNZTulyI.css                         12.31 kB │ gzip:   3.00 kB
dist/assets/gerencia-BaLUQF8y.css                               17.29 kB │ gzip:   3.73 kB
dist/assets/index-BJ0v2sec.css                                 157.30 kB │ gzip:  25.68 kB
dist/assets/argumentos-rpc-CZnLpNy5.js                           0.09 kB │ gzip:   0.10 kB
dist/assets/rescate-carpeta-Dkh8G3Ez.js                          0.20 kB │ gzip:   0.16 kB
dist/assets/use-periodo-gerencia-DYPbfNXC.js                     0.29 kB │ gzip:   0.22 kB
dist/assets/use-valor-diferido-C5pSPdfy.js                       0.29 kB │ gzip:   0.22 kB
dist/assets/progress-784Lqrrm.js                                 0.42 kB │ gzip:   0.30 kB
dist/assets/section-head-CpbYtuG_.js                             0.43 kB │ gzip:   0.29 kB
dist/assets/use-resumen-cartera-operativo-Bd7KsuRn.js            0.49 kB │ gzip:   0.34 kB
dist/assets/ahora-CyLTFCpv.js                                    0.51 kB │ gzip:   0.30 kB
dist/assets/store-context-8oahbTda.js                            0.67 kB │ gzip:   0.31 kB
dist/assets/rolldown-runtime-QTnfLwEv.js                         0.69 kB │ gzip:   0.42 kB
dist/assets/desglose-monedas-DGgdtdQQ.js                         0.70 kB │ gzip:   0.42 kB
dist/assets/tabla-BnYgVgYp.js                                    0.70 kB │ gzip:   0.36 kB
dist/assets/card-TuroX6HR.js                                     0.73 kB │ gzip:   0.33 kB
dist/assets/seguimiento-Esp0FfmK.js                              0.81 kB │ gzip:   0.45 kB
dist/assets/select-B3VU5IjL.js                                   0.86 kB │ gzip:   0.52 kB
dist/assets/animated-value-CxWwuyas.js                           0.94 kB │ gzip:   0.55 kB
dist/assets/paginacion-obAhw9sU.js                               0.99 kB │ gzip:   0.55 kB
dist/assets/input-Cb6Fp43O.js                                    1.01 kB │ gzip:   0.53 kB
dist/assets/kpi-card-DZN8eJi-.js                                 1.14 kB │ gzip:   0.63 kB
dist/assets/aviso-degradacion--F6j3SNh.js                        1.19 kB │ gzip:   0.63 kB
dist/assets/use-metricas-vendedores-operativas-Dm-DPwlx.js       1.59 kB │ gzip:   0.83 kB
dist/assets/use-cartera-paginada-C7hs_j1U.js                     1.60 kB │ gzip:   0.81 kB
dist/assets/button-CcjL0mMd.js                                   1.96 kB │ gzip:   0.98 kB
dist/assets/configuracion-shell-BQ3ELQW-.js                      1.97 kB │ gzip:   0.92 kB
dist/assets/stat-strip-CHL-vFQJ.js                               2.19 kB │ gzip:   0.93 kB
dist/assets/controles-periodo-derivaciones-1FFxpwW-.js           2.52 kB │ gzip:   0.92 kB
dist/assets/acciones-reconocer-alerta-B_yYPIBn.js                2.58 kB │ gzip:   1.17 kB
dist/assets/dropdown-menu-lewrahU-.js                            3.13 kB │ gzip:   1.54 kB
dist/assets/notificaciones-tasa-Bv-KkmEh.js                      4.17 kB │ gzip:   1.79 kB
dist/assets/control-citas-GmccRXNz.js                            4.18 kB │ gzip:   1.73 kB
dist/assets/sla-operacion-qN1YF7ds.js                            5.64 kB │ gzip:   2.24 kB
dist/assets/distribucion-lecturas-D_fCBSSs.js                    7.52 kB │ gzip:   2.61 kB
dist/assets/config-CcTVC2Oh.js                                  12.02 kB │ gzip:   4.21 kB
dist/assets/config-gestion-diaria-CYd3aoMh.js                   12.13 kB │ gzip:   3.95 kB
dist/assets/dist-DAse8jiX.js                                    12.57 kB │ gzip:   4.48 kB
dist/assets/alertas-DbxO3upo.js                                 13.63 kB │ gzip:   4.74 kB
dist/assets/derivaciones-Du53IV_l.js                            13.73 kB │ gzip:   4.67 kB
dist/assets/historial-decisiones-tasa-gerencia-CqBpbGeK.js      14.20 kB │ gzip:   3.95 kB
dist/assets/config-rentabilidad-CFFJ8QXq.js                     14.71 kB │ gzip:   4.85 kB
dist/assets/cartera-CoCouE6k.js                                 14.76 kB │ gzip:   5.09 kB
dist/assets/pipeline-JRpWtE0g.js                                14.89 kB │ gzip:   5.24 kB
dist/assets/cierres-externos-seccion-BJlC8QSK.js                15.26 kB │ gzip:   4.67 kB
dist/assets/crm-queries-pPx7mnKW.js                             15.73 kB │ gzip:   4.30 kB
dist/assets/config-metas-DYlq5zah.js                            16.11 kB │ gzip:   5.57 kB
dist/assets/config-citas-CFTeBS0S.js                            17.02 kB │ gzip:   5.71 kB
dist/assets/config-sla-JaBo_EiZ.js                              17.24 kB │ gzip:   5.47 kB
dist/assets/metricas-multiempresa-BKbJpKY8.js                   19.95 kB │ gzip:   5.73 kB
dist/assets/escape-dialogo-BhefE2FP.js                          20.29 kB │ gzip:   7.42 kB
dist/assets/echart-bar-CCrXnjdM.js                              21.98 kB │ gzip:   8.34 kB
dist/assets/gestion-diaria-api-tHwzPI2e.js                      23.53 kB │ gzip:   7.36 kB
dist/assets/config-usuarios-nLgQLatv.js                         23.93 kB │ gzip:   6.50 kB
dist/assets/equipo-Ir7AozqD.js                                  26.77 kB │ gzip:   7.86 kB
dist/assets/utils-C_jjd2h8.js                                   26.93 kB │ gzip:   8.59 kB
dist/assets/config-productos-DytvFKpj.js                        27.09 kB │ gzip:   7.35 kB
dist/assets/rescate-descartados-izDm7QfT.js                     30.83 kB │ gzip:   7.92 kB
dist/assets/facturacion-wamdf974.js                             31.06 kB │ gzip:  10.18 kB
dist/assets/agenda-B7cvV75y.js                                  31.08 kB │ gzip:   8.83 kB
dist/assets/lead-hover-card-ZbBlFu8i.js                         33.88 kB │ gzip:  12.66 kB
dist/assets/ranking-vendedores-CTZq1p4T.js                      37.29 kB │ gzip:   8.95 kB
dist/assets/echart-line-D2c-cuAX.js                             45.31 kB │ gzip:  16.14 kB
dist/assets/repartir-DkiThHQ3.js                                50.78 kB │ gzip:  13.22 kB
dist/assets/esm-BofDk75c.js                                     84.55 kB │ gzip:  28.62 kB
dist/assets/hoy-DVyIVZvQ.js                                     92.98 kB │ gzip:  25.58 kB
dist/assets/ui-vendor-CnUuygdz.js                               93.82 kB │ gzip:  20.57 kB
dist/assets/gerencia-BtrEVEMv.js                               101.38 kB │ gzip:  28.17 kB
dist/assets/gestion-diaria-fZeI42bO.js                         115.99 kB │ gzip:  32.59 kB
dist/assets/react-vendor-BXy-oECh.js                           190.81 kB │ gzip:  60.00 kB
dist/assets/gerencia-Bz0QnZCV.js                               190.91 kB │ gzip:  47.01 kB
dist/assets/mi-cartera-BGBvpFTA.js                             212.98 kB │ gzip:  53.31 kB
dist/assets/crm-api-8E9NA_1a.js                                224.88 kB │ gzip:  62.81 kB
dist/assets/data-vendor-DTp_zWmI.js                            244.55 kB │ gzip:  63.66 kB
dist/assets/echart-Bb36jJ6d.js                                 487.20 kB │ gzip: 165.23 kB
dist/assets/index-QFVFHvjN.js                                  708.81 kB │ gzip: 211.55 kB

[33m[INEFFECTIVE_DYNAMIC_IMPORT] [0msrc/lib/demo-config.ts is dynamically imported by src/data/crm-config-queries.ts but also statically imported by src/lib/demo-sla.ts, dynamic import will not move module into another chunk.

[plugin builtin:vite-reporter]
(!) Some chunks are larger than 500 kB after minification. Consider:
- Using dynamic import() to code-split the application
- Use build.rolldownOptions.output.codeSplitting to improve chunking: https://rolldown.rs/reference/OutputOptions.codeSplitting
- Adjust chunk size limit for this warning via build.chunkSizeWarningLimit.
✓ built in 767ms
npm notice run app@0.0.0 verify:bundle
npm notice run node scripts/verificar-bundle-produccion.mjs
BUNDLE_PRODUCCION_SIN_PDFMAKE_NI_FIXTURES_DEMO_CON_FICHA_360_Y_CON_FOCO
npm notice run app@0.0.0 dup
npm notice run jscpd src --min-tokens 70 --ignore "**/*.test.*" --threshold 0.8 --reporters consoleFull
[1mClone found (tsx)[22m
 - App.tsx [191:7 - 201:6]
   App.tsx [311:7 - 321:6]

[1mClone found (tsx)[22m
 - components/app/contrato-corregir.tsx [159:7 - 168:68]
   components/app/contrato-corregir.tsx [249:5 - 258:66]

[1mClone found (tsx)[22m
 - components/app/contrato-corregir.tsx [295:45 - 313:10]
   components/app/contrato-nuevo.tsx [493:57 - 513:10]

[1mClone found (tsx)[22m
 - components/app/contrato-corregir.tsx [788:13 - 813:13]
   components/app/contrato-nuevo.tsx [1399:13 - 1425:13]

[1mClone found (tsx)[22m
 - components/app/splash-crm.tsx [275:11 - 289:20]
   components/app/splash-crm.tsx [327:7 - 341:16]

[1mClone found (typescript)[22m
 - data/crm-api.ts [1043:22 - 1056:56]
   data/crm-api.ts [1420:28 - 1430:56]

[1mClone found (typescript)[22m
 - data/crm-api.ts [1044:5 - 1050:47]
   data/crm-api.ts [1464:10 - 1470:47]

[1mClone found (css)[22m
 - index.css [338:66 - 343:7]
   index.css [384:32 - 389:5]

[1mClone found (typescript)[22m
 - lib/auth-maquina.ts [376:50 - 395:7]
   lib/auth-maquina.ts [432:94 - 449:7]

[1mClone found (typescript)[22m
 - lib/conversion-mensual.ts [170:23 - 179:6]
   lib/objetivos.ts [315:22 - 323:6]

[1mClone found (typescript)[22m
 - lib/conversion-vendedores.ts [444:72 - 463:13]
   lib/conversion-vendedores.ts [534:63 - 550:13]

[1mClone found (typescript)[22m
 - lib/database.types.ts [2432:15 - 2457:25]
   lib/database.types.ts [2472:15 - 2497:25]

[1mClone found (typescript)[22m
 - lib/database.types.ts [3991:15 - 4016:15]
   lib/database.types.ts [4022:15 - 4047:15]

[1mClone found (typescript)[22m
 - lib/database.types.ts [6384:15 - 6405:13]
   lib/database.types.ts [6420:15 - 6441:13]

[1mClone found (typescript)[22m
 - lib/database.types.ts [6778:25 - 6790:103]
   lib/database.types.ts [6803:25 - 6815:103]

[1mClone found (typescript)[22m
 - lib/demo-inteligencia-comercial.ts [329:11 - 342:6]
   lib/demo.ts [261:49 - 274:4]

[1mClone found (typescript)[22m
 - lib/metricas-agenda.ts [40:57 - 47:6]
   lib/metricas-distribucion.ts [45:44 - 53:6]

[1mClone found (typescript)[22m
 - lib/metricas-conversiones-equipo.ts [56:36 - 66:55]
   lib/objetivos.ts [346:54 - 356:55]

[1mClone found (typescript)[22m
 - lib/metricas-vendedores.ts [46:10 - 57:9]
   lib/metricas-vendedores.ts [94:12 - 105:9]

[1mClone found (typescript)[22m
 - lib/metricas-vendedores.ts [119:5 - 124:4]
   lib/metricas-vendedores.ts [144:5 - 149:14]

[1mClone found (typescript)[22m
 - lib/metricas-vendedores.ts [135:22 - 148:91]
   lib/metricas-vendedores.ts [161:25 - 173:91]

[1mClone found (typescript)[22m
 - lib/objetivos.ts [499:20 - 510:6]
   lib/objetivos.ts [678:15 - 689:8]

[1mClone found (typescript)[22m
 - lib/productos-inversion.ts [25:59 - 35:35]
   lib/productos-inversion.ts [107:42 - 117:35]

[1mClone found (tsx)[22m
 - lib/store.tsx [2742:21 - 2765:23]
   lib/store.tsx [2784:41 - 2806:23]

[1mClone found (tsx)[22m
 - screens/agenda.tsx [555:45 - 565:31]
   screens/agenda.tsx [643:119 - 653:31]

[1mClone found (tsx)[22m
 - screens/agenda.tsx [601:135 - 637:13]
   screens/agenda.tsx [683:148 - 719:13]

[1mClone found (tsx)[22m
 - screens/hoy/graficas-gerencia.tsx [358:59 - 367:40]
   screens/hoy/graficas-gerencia.tsx [402:57 - 411:40]

[1mClone found (tsx)[22m
 - screens/hoy/inteligencia-comercial.tsx [392:19 - 402:14]
   screens/hoy/inteligencia-comercial.tsx [536:19 - 546:14]

[1mClone found (tsx)[22m
 - screens/hoy/inteligencia-comercial.tsx [626:54 - 635:52]
   screens/hoy/inteligencia-comercial.tsx [655:54 - 664:52]

[1mClone found (tsx)[22m
 - screens/hoy/inteligencia-comercial.tsx [668:35 - 688:135]
   screens/hoy/resumen-gerencia.tsx [247:46 - 273:79]

[1mClone found (tsx)[22m
 - screens/hoy/supervisor.tsx [129:87 - 150:8]
   screens/hoy/vendedor.tsx [869:70 - 896:8]

[1mClone found (tsx)[22m
 - screens/hoy/supervisor.tsx [1005:17 - 1020:26]
   screens/hoy/vendedor.tsx [1593:17 - 1608:26]

[1mClone found (tsx)[22m
 - screens/hoy/vendedor.tsx [1749:47 - 1762:76]
   screens/hoy/vendedor.tsx [1823:58 - 1835:76]

[1mClone found (tsx)[22m
 - screens/mi-cartera.tsx [449:26 - 478:100]
   screens/mi-cartera.tsx [758:29 - 786:100]

[1mClone found (tsx)[22m
 - screens/mi-cartera.tsx [635:37 - 656:12]
   screens/mi-cartera.tsx [882:38 - 903:14]

[1mClone found (tsx)[22m
 - screens/mi-cartera.tsx [1850:31 - 1858:8]
   screens/mi-cartera.tsx [2377:23 - 2385:8]

[90m┌────────────┬────────────────┬─────────────┬──────────────┬──────────────┬──────────────────┬───────────────────┐[39m
[90m│[39m[31m Format     [39m[90m│[39m[31m Files analyzed [39m[90m│[39m[31m Total lines [39m[90m│[39m[31m Total tokens [39m[90m│[39m[31m Clones found [39m[90m│[39m[31m Duplicated lines [39m[90m│[39m[31m Duplicated tokens [39m[90m│[39m
[90m├────────────┼────────────────┼─────────────┼──────────────┼──────────────┼──────────────────┼───────────────────┤[39m
[90m│[39m css        [90m│[39m 9              [90m│[39m 1628        [90m│[39m 34542        [90m│[39m 1            [90m│[39m 5 (0.31%)        [90m│[39m 92 (0.27%)        [90m│[39m
[90m├────────────┼────────────────┼─────────────┼──────────────┼──────────────┼──────────────────┼───────────────────┤[39m
[90m│[39m tsx        [90m│[39m 192            [90m│[39m 60618       [90m│[39m 430226       [90m│[39m 18           [90m│[39m 300 (0.49%)      [90m│[39m 2004 (0.47%)      [90m│[39m
[90m├────────────┼────────────────┼─────────────┼──────────────┼──────────────┼──────────────────┼───────────────────┤[39m
[90m│[39m typescript [90m│[39m 215            [90m│[39m 45725       [90m│[39m 265845       [90m│[39m 17           [90m│[39m 229 (0.50%)      [90m│[39m 1689 (0.64%)      [90m│[39m
[90m├────────────┼────────────────┼─────────────┼──────────────┼──────────────┼──────────────────┼───────────────────┤[39m
[90m│[39m [1mTotal:[22m     [90m│[39m 416            [90m│[39m 107971      [90m│[39m 730613       [90m│[39m 36           [90m│[39m 534 (0.49%)      [90m│[39m 3785 (0.52%)      [90m│[39m
[90m└────────────┴────────────────┴─────────────┴──────────────┴──────────────┴──────────────────┴───────────────────┘[39m
[90mFound 36 clones.[39m
[90mtime: 53.601ms[39m

[90m💡 Auto-refactor with AI: [1m[39mnpx skills add https://github.com/kucherenko/jscpd --skill dry-refactoring[90m[22m
[90m🎩 New: Gangsta Agents — discipline your AI coding → gangsta.page[39m
[90m💖 Support jscpd project → https://opencollective.com/jscpd[39m
